Component: ARM Compiler 5.05 update 1 (build 106) Tool: armlink [4d0efa]

==============================================================================

Section Cross References

    main.o(i.AppTaskCreate) refers to port.o(i.vPortEnterCritical) for vPortEnterCritical
    main.o(i.AppTaskCreate) refers to tasks.o(i.xTaskCreate) for xTaskCreate
    main.o(i.AppTaskCreate) refers to printfa.o(i.__0printf) for __2printf
    main.o(i.AppTaskCreate) refers to getsensor_task.o(i.GetSensorTaskCreate) for GetSensorTaskCreate
    main.o(i.AppTaskCreate) refers to sensor_task.o(i.SensorTaskCreate) for SensorTaskCreate
    main.o(i.AppTaskCreate) refers to navigation_task.o(i.NavigationTaskCreate) for NavigationTaskCreate
    main.o(i.AppTaskCreate) refers to control_task.o(i.ControlTaskCreate) for ControlTaskCreate
    main.o(i.AppTaskCreate) refers to tasks.o(i.vTaskDelete) for vTaskDelete
    main.o(i.AppTaskCreate) refers to port.o(i.vPortExitCritical) for vPortExitCritical
    main.o(i.AppTaskCreate) refers to main.o(.data) for systemtip_Handle
    main.o(i.AppTaskCreate) refers to main.o(i.systemtip) for systemtip
    main.o(i.main) refers to system.o(i.systemInit) for systemInit
    main.o(i.main) refers to messagequeue.o(i.MessageQueueCreate) for MessageQueueCreate
    main.o(i.main) refers to parameter.o(i.ParamInit) for ParamInit
    main.o(i.main) refers to tasks.o(i.xTaskCreate) for xTaskCreate
    main.o(i.main) refers to tasks.o(i.vTaskStartScheduler) for vTaskStartScheduler
    main.o(i.main) refers to main.o(.data) for AppTaskCreate_Handle
    main.o(i.main) refers to main.o(i.AppTaskCreate) for AppTaskCreate
    main.o(i.systemtip) refers to flightstatus.o(i.GetArmedStatus) for GetArmedStatus
    main.o(i.systemtip) refers to stm32f4xx_gpio.o(i.GPIO_ToggleBits) for GPIO_ToggleBits
    main.o(i.systemtip) refers to printfa.o(i.__0printf) for __2printf
    main.o(i.systemtip) refers to stm32f4xx_gpio.o(i.GPIO_ResetBits) for GPIO_ResetBits
    main.o(i.systemtip) refers to tasks.o(i.vTaskDelay) for vTaskDelay
    system_stm32f4xx.o(i.SystemCoreClockUpdate) refers to system_stm32f4xx.o(.data) for SystemCoreClock
    system_stm32f4xx.o(i.SystemInit) refers to system_stm32f4xx.o(i.SetSysClock) for SetSysClock
    parameter.o(i.ParamDataReset) refers to parameter.o(.bss) for param_data
    parameter.o(i.ParamGetData) refers to memcpya.o(.text) for __aeabi_memcpy
    parameter.o(i.ParamGetData) refers to parameter.o(.bss) for param_data
    parameter.o(i.ParamGetString) refers to parameter.o(.data) for paramStrings
    parameter.o(i.ParamInit) refers to parameter.o(i.ParamReadFromFlash) for ParamReadFromFlash
    parameter.o(i.ParamReadFromFlash) refers to flash.o(i.Flash_ReadByte) for Flash_ReadByte
    parameter.o(i.ParamReadFromFlash) refers to parameter.o(i.ParamGetData) for ParamGetData
    parameter.o(i.ParamReadFromFlash) refers to mathtool.o(i.ConstrainInt32) for ConstrainInt32
    parameter.o(i.ParamReadFromFlash) refers to parameter.o(i.ParamDataReset) for ParamDataReset
    parameter.o(i.ParamReadFromFlash) refers to printfa.o(i.__0printf) for __2printf
    parameter.o(i.ParamReadFromFlash) refers to parameter.o(.bss) for param_data
    parameter.o(i.ParamSaveToFlash) refers to flightstatus.o(i.GetArmedStatus) for GetArmedStatus
    parameter.o(i.ParamSaveToFlash) refers to flash.o(i.Flash_WriteByte) for Flash_WriteByte
    parameter.o(i.ParamSaveToFlash) refers to printfa.o(i.__0printf) for __2printf
    parameter.o(i.ParamSaveToFlash) refers to parameter.o(.data) for param_save_cnt
    parameter.o(i.ParamSaveToFlash) refers to parameter.o(.bss) for param_data
    parameter.o(i.ParamUpdateData) refers to parameter.o(.bss) for param_data
    parameter.o(i.ParamUpdateData) refers to parameter.o(.data) for param_save_cnt
    parameter.o(.data) refers to parameter.o(.conststring) for .conststring
    flightstatus.o(i.GetArmedStatus) refers to flightstatus.o(.bss) for flyStatus
    flightstatus.o(i.GetFlightMode) refers to flightstatus.o(.bss) for flyStatus
    flightstatus.o(i.GetPlaceStatus) refers to flightstatus.o(.bss) for flyStatus
    flightstatus.o(i.PlaceStausCheck) refers to flightstatus.o(.bss) for lastGyro
    flightstatus.o(i.PlaceStausCheck) refers to flightstatus.o(.data) for count
    flightstatus.o(i.SetArmedStatus) refers to flightstatus.o(.bss) for flyStatus
    flightstatus.o(i.SetFlightMode) refers to flightstatus.o(.bss) for flyStatus
    messagequeue.o(i.MessageQueueCreate) refers to queue.o(i.xQueueGenericCreate) for xQueueGenericCreate
    messagequeue.o(i.MessageQueueCreate) refers to messagequeue.o(.bss) for messageQueue
    getsensor_task.o(i.GetSensorTaskCreate) refers to tasks.o(i.xTaskCreate) for xTaskCreate
    getsensor_task.o(i.GetSensorTaskCreate) refers to getsensor_task.o(.data) for imuSensorReadTask
    getsensor_task.o(i.GetSensorTaskCreate) refers to getsensor_task.o(i.vImuSensorReadTask) for vImuSensorReadTask
[...]
    uxSchedulerSuspended                     0x200001d0   Data           4  tasks.o(.data)
    .data                                    0x200001d4   Section       24  heap_4.o(.data)
    xStart                                   0x200001d4   Data           8  heap_4.o(.data)
    pxEnd                                    0x200001dc   Data           4  heap_4.o(.data)
    xFreeBytesRemaining                      0x200001e0   Data           4  heap_4.o(.data)
    xMinimumEverFreeBytesRemaining           0x200001e4   Data           4  heap_4.o(.data)
    xBlockAllocatedBit                       0x200001e8   Data           4  heap_4.o(.data)
    .data                                    0x200001ec   Section       12  port.o(.data)
    uxCriticalNesting                        0x200001ec   Data           4  port.o(.data)
    ucMaxSysCallPriority                     0x200001f0   Data           1  port.o(.data)
    ulMaxPRIGROUPValue                       0x200001f4   Data           4  port.o(.data)
    .data                                    0x200001f8   Section        4  errno.o(.data)
    _errno                                   0x200001f8   Data           4  errno.o(.data)
    .bss                                     0x200001fc   Section      148  parameter.o(.bss)
    param_data                               0x200001fc   Data         148  parameter.o(.bss)
    .bss                                     0x20000290   Section       24  flightstatus.o(.bss)
    lastGyro                                 0x2000029c   Data          12  flightstatus.o(.bss)
    .bss                                     0x200002a8   Section       20  messagequeue.o(.bss)
    .bss                                     0x200002bc   Section       32  motor.o(.bss)
    motorPWM                                 0x200002bc   Data          16  motor.o(.bss)
    motorResetPWM                            0x200002cc   Data          16  motor.o(.bss)
    .bss                                     0x200002dc   Section      308  flightcontrol.o(.bss)
    rateControlOutput                        0x200003f8   Data          12  flightcontrol.o(.bss)
    attInnerTargetLpf                        0x20000404   Data          12  flightcontrol.o(.bss)
    .bss                                     0x20000410   Section      232  accelerometer.o(.bss)
    new_offset                               0x2000048c   Data          12  accelerometer.o(.bss)
    new_scale                                0x20000498   Data          12  accelerometer.o(.bss)
    samples                                  0x200004a4   Data          72  accelerometer.o(.bss)
    acc_sum                                  0x200004ec   Data          12  accelerometer.o(.bss)
    .bss                                     0x200004f8   Section      100  gyroscope.o(.bss)
    gyro_sum                                 0x20000550   Data          12  gyroscope.o(.bss)
    .bss                                     0x2000055c   Section      144  magnetometer.o(.bss)
    samples                                  0x2000058c   Data          72  magnetometer.o(.bss)
    new_offset                               0x200005d4   Data          12  magnetometer.o(.bss)
    new_scale                                0x200005e0   Data          12  magnetometer.o(.bss)
    .bss                                     0x200005ec   Section       12  mahony.o(.bss)
    .bss                                     0x200005f8   Section       10  cppm.o(.bss)
    .bss                                     0x20000604   Section      192  ws2812.o(.bss)
    .bss                                     0x200006c4   Section       32  bmp280.o(.bss)
    p_bmp280                                 0x200006c4   Data          32  bmp280.o(.bss)
    .bss                                     0x200006e4   Section      200  usart.o(.bss)
    .bss                                     0x200007ac   Section      740  tasks.o(.bss)
    pxReadyTasksLists                        0x200007ac   Data         640  tasks.o(.bss)
    xDelayedTaskList1                        0x20000a2c   Data          20  tasks.o(.bss)
    xDelayedTaskList2                        0x20000a40   Data          20  tasks.o(.bss)
    xPendingReadyList                        0x20000a54   Data          20  tasks.o(.bss)
    xTasksWaitingTermination                 0x20000a68   Data          20  tasks.o(.bss)
    xSuspendedTaskList                       0x20000a7c   Data          20  tasks.o(.bss)
    .bss                                     0x20000a90   Section    36864  heap_4.o(.bss)
    ucHeap                                   0x20000a90   Data       36864  heap_4.o(.bss)
    STACK                                    0x20009a90   Section     1024  startup_stm32f40_41xxx.o(STACK)

    Global Symbols

    Symbol Name                              Value     Ov Type        Size  Object(Section)

    BuildAttributes$$THM_ISAv4$E$P$D$K$B$S$7EM$VFPi3$EXTD16$VFPS$VFMA$PE$A:L22UL41UL21$X:L11$S22US41US21$IEEE1$IW$USESV6$~STKCKD$USESV7$~SHL$OTIME$ROPI$IEEEX$EBA8$MICROLIB$REQ8$PRES8$EABIv2 0x00000000   Number         0  anon$$obj.o ABSOLUTE
    __ARM_use_no_argv                        0x00000000   Number         0  main.o ABSOLUTE
    __use_no_errno                           0x00000000   Number         0  useno.o ABSOLUTE
    __use_no_exception_handling              0x00000000   Number         0  useno.o ABSOLUTE
    __use_no_fp                              0x00000000   Number         0  useno.o ABSOLUTE
    __use_no_heap                            0x00000000   Number         0  useno.o ABSOLUTE
    __use_no_heap_region                     0x00000000   Number         0  useno.o ABSOLUTE
    __use_no_semihosting                     0x00000000   Number         0  useno.o ABSOLUTE
    __use_no_semihosting_swi                 0x00000000   Number         0  useno.o ABSOLUTE
    __use_no_signal_handling                 0x00000000   Number         0  useno.o ABSOLUTE
    _printf_a                                0x00000000   Number         0  stubs.o ABSOLUTE
    _printf_c                                0x00000000   Number         0  stubs.o ABSOLUTE
    _printf_charcount                        0x00000000   Number         0  stubs.o ABSOLUTE
    _printf_d                                0x00000000   Number         0  stubs.o ABSOLUTE
    _printf_e                                0x00000000   Number         0  stubs.o ABSOLUTE
    _printf_f                                0x00000000   Number         0  stubs.o ABSOLUTE
    _printf_flags                            0x00000000   Number         0  stubs.o ABSOLUTE
    _printf_fp_dec                           0x00000000   Number         0  stubs.o ABSOLUTE
    _printf_fp_hex                           0x00000000   Number         0  stubs.o ABSOLUTE
    _printf_g                                0x00000000   Number         0  stubs.o ABSOLUTE
    _printf_i                                0x00000000   Number         0  stubs.o ABSOLUTE
    _printf_int_dec                          0x00000000   Number         0  stubs.o ABSOLUTE
    _printf_l                                0x00000000   Number         0  stubs.o ABSOLUTE
    _printf_lc                               0x00000000   Number         0  stubs.o ABSOLUTE
    _printf_ll                               0x00000000   Number         0  stubs.o ABSOLUTE
    _printf_lld                              0x00000000   Number         0  stubs.o ABSOLUTE
    _printf_lli                              0x00000000   Number         0  stubs.o ABSOLUTE
    _printf_llo                              0x00000000   Number         0  stubs.o ABSOLUTE
    _printf_llu                              0x00000000   Number         0  stubs.o ABSOLUTE
    _printf_llx                              0x00000000   Number         0  stubs.o ABSOLUTE
    _printf_longlong_dec                     0x00000000   Number         0  stubs.o ABSOLUTE
    _printf_longlong_hex                     0x00000000   Number         0  stubs.o ABSOLUTE
    _printf_longlong_oct                     0x00000000   Number         0  stubs.o ABSOLUTE
    _printf_ls                               0x00000000   Number         0  stubs.o ABSOLUTE
    _printf_mbtowc                           0x00000000   Number         0  stubs.o ABSOLUTE
    _printf_n                                0x00000000   Number         0  stubs.o ABSOLUTE
    _printf_o                                0x00000000   Number         0  stubs.o ABSOLUTE
    _printf_p                                0x00000000   Number         0  stubs.o ABSOLUTE
    _printf_percent                          0x00000000   Number         0  stubs.o ABSOLUTE
    _printf_pre_padding                      0x00000000   Number         0  stubs.o ABSOLUTE
    _printf_return_value                     0x00000000   Number         0  stubs.o ABSOLUTE
    _printf_s                                0x00000000   Number         0  stubs.o ABSOLUTE
    _printf_sizespec                         0x00000000   Number         0  stubs.o ABSOLUTE
    _printf_str                              0x00000000   Number         0  stubs.o ABSOLUTE
    _printf_truncate_signed                  0x00000000   Number         0  stubs.o ABSOLUTE
    _printf_truncate_unsigned                0x00000000   Number         0  stubs.o ABSOLUTE
    _printf_u                                0x00000000   Number         0  stubs.o ABSOLUTE
    _printf_wc                               0x00000000   Number         0  stubs.o ABSOLUTE
    _printf_wctomb                           0x00000000   Number         0  stubs.o ABSOLUTE
    _printf_widthprec                        0x00000000   Number         0  stubs.o ABSOLUTE
    _printf_x                                0x00000000   Number         0  stubs.o ABSOLUTE
    __cpp_initialize__aeabi_                  - Undefined Weak Reference
    __cxa_finalize                            - Undefined Weak Reference
    _clock_init                               - Undefined Weak Reference
    _microlib_exit                            - Undefined Weak Reference
    __Vectors_Size                           0x00000188   Number         0  startup_stm32f40_41xxx.o ABSOLUTE
    __Vectors                                0x08000000   Data           4  startup_stm32f40_41xxx.o(RESET)
    __Vectors_End                            0x08000188   Data           0  startup_stm32f40_41xxx.o(RESET)
    __main                                   0x08000189   Thumb Code     0  entry.o(.ARM.Collect$$$$00000000)
    _main_stk                                0x08000189   Thumb Code     0  entry2.o(.ARM.Collect$$$$00000001)
    _main_scatterload                        0x0800018d   Thumb Code     0  entry5.o(.ARM.Collect$$$$00000004)
    __main_after_scatterload                 0x08000191   Thumb Code     0  entry5.o(.ARM.Collect$$$$00000004)
    _main_clock                              0x08000191   Thumb Code     0  entry7b.o(.ARM.Collect$$$$00000008)
    _main_cpp_init                           0x08000191   Thumb Code     0  entry8b.o(.ARM.Collect$$$$0000000A)
    _main_init                               0x08000191   Thumb Code     0  entry9a.o(.ARM.Collect$$$$0000000B)
    __rt_final_cpp                           0x08000199   Thumb Code     0  entry10a.o(.ARM.Collect$$$$0000000D)
    __rt_final_exit                          0x08000199   Thumb Code     0  entry11a.o(.ARM.Collect$$$$0000000F)
    SVC_Handler                              0x0800019d   Thumb Code    28  port.o(.emb_text)
    __asm___6_port_c_39a90d8d__prvStartFirstTask 0x080001bd   Thumb Code    28  port.o(.emb_text)
    __asm___6_port_c_39a90d8d__prvEnableVFP  0x080001dd   Thumb Code    16  port.o(.emb_text)
    PendSV_Handler                           0x080001f1   Thumb Code    88  port.o(.emb_text)
    vPortGetIPSR                             0x0800024d   Thumb Code     6  port.o(.emb_text)
    Reset_Handler                            0x08000255   Thumb Code     8  startup_stm32f40_41xxx.o(.text)
    HardFault_Handler                        0x0800025f   Thumb Code     2  startup_stm32f40_41xxx.o(.text)
    MemManage_Handler                        0x08000261   Thumb Code     2  startup_stm32f40_41xxx.o(.text)
    BusFault_Handler                         0x08000263   Thumb Code     2  startup_stm32f40_41xxx.o(.text)
    UsageFault_Handler                       0x08000265   Thumb Code     2  startup_stm32f40_41xxx.o(.text)
    DebugMon_Handler                         0x08000269   Thumb Code     2  startup_stm32f40_41xxx.o(.text)
    ADC_IRQHandler                           0x0800026f   Thumb Code     0  startup_stm32f40_41xxx.o(.text)
    CAN1_RX0_IRQHandler                      0x0800026f   Thumb Code     0  startup_stm32f40_41xxx.o(.text)
    CAN1_RX1_IRQHandler                      0x0800026f   Thumb Code     0  startup_stm32f40_41xxx.o(.text)
    CAN1_SCE_IRQHandler                      0x0800026f   Thumb Code     0  startup_stm32f40_41xxx.o(.text)
    CAN1_TX_IRQHandler                       0x0800026f   Thumb Code     0  startup_stm32f40_41xxx.o(.text)
    CAN2_RX0_IRQHandler                      0x0800026f   Thumb Code     0  startup_stm32f40_41xxx.o(.text)
    CAN2_RX1_IRQHandler                      0x0800026f   Thumb Code     0  startup_stm32f40_41xxx.o(.text)
    CAN2_SCE_IRQHandler                      0x0800026f   Thumb Code     0  startup_stm32f40_41xxx.o(.text)
    CAN2_TX_IRQHandler                       0x0800026f   Thumb Code     0  startup_stm32f40_41xxx.o(.text)
    CRYP_IRQHandler                          0x0800026f   Thumb Code     0  startup_stm32f40_41xxx.o(.text)
    DCMI_IRQHandler                          0x0800026f   Thumb Code     0  startup_stm32f40_41xxx.o(.text)
    DMA1_Stream0_IRQHandler                  0x0800026f   Thumb Code     0  startup_stm32f40_41xxx.o(.text)
    DMA1_Stream1_IRQHandler                  0x0800026f   Thumb Code     0  startup_stm32f40_41xxx.o(.text)
    DMA1_Stream2_IRQHandler                  0x0800026f   Thumb Code     0  startup_stm32f40_41xxx.o(.text)
    DMA1_Stream3_IRQHandler                  0x0800026f   Thumb Code     0  startup_stm32f40_41xxx.o(.text)
    DMA1_Stream4_IRQHandler                  0x0800026f   Thumb Code     0  startup_stm32f40_41xxx.o(.text)
    DMA1_Stream6_IRQHandler                  0x0800026f   Thumb Code     0  startup_stm32f40_41xxx.o(.text)
    DMA1_Stream7_IRQHandler                  0x0800026f   Thumb Code     0  startup_stm32f40_41xxx.o(.text)
    DMA2_Stream0_IRQHandler                  0x0800026f   Thumb Code     0  startup_stm32f40_41xxx.o(.text)
    DMA2_Stream1_IRQHandler                  0x0800026f   Thumb Code     0  startup_stm32f40_41xxx.o(.text)
    DMA2_Stream2_IRQHandler                  0x0800026f   Thumb Code     0  startup_stm32f40_41xxx.o(.text)
    DMA2_Stream3_IRQHandler                  0x0800026f   Thumb Code     0  startup_stm32f40_41xxx.o(.text)
    DMA2_Stream4_IRQHandler                  0x0800026f   Thumb Code     0  startup_stm32f40_41xxx.o(.text)
    DMA2_Stream5_IRQHandler                  0x0800026f   Thumb Code     0  startup_stm32f40_41xxx.o(.text)
    DMA2_Stream6_IRQHandler                  0x0800026f   Thumb Code     0  startup_stm32f40_41xxx.o(.text)
    DMA2_Stream7_IRQHandler                  0x0800026f   Thumb Code     0  startup_stm32f40_41xxx.o(.text)
    ETH_IRQHandler                           0x0800026f   Thumb Code     0  startup_stm32f40_41xxx.o(.text)
    ETH_WKUP_IRQHandler                      0x0800026f   Thumb Code     0  startup_stm32f40_41xxx.o(.text)
    EXTI0_IRQHandler                         0x0800026f   Thumb Code     0  startup_stm32f40_41xxx.o(.text)
    EXTI15_10_IRQHandler                     0x0800026f   Thumb Code     0  startup_stm32f40_41xxx.o(.text)
    EXTI1_IRQHandler                         0x0800026f   Thumb Code     0  startup_stm32f40_41xxx.o(.text)
    EXTI2_IRQHandler                         0x0800026f   Thumb Code     0  startup_stm32f40_41xxx.o(.text)
    EXTI3_IRQHandler                         0x0800026f   Thumb Code     0  startup_stm32f40_41xxx.o(.text)
    EXTI4_IRQHandler                         0x0800026f   Thumb Code     0  startup_stm32f40_41xxx.o(.text)
    EXTI9_5_IRQHandler                       0x0800026f   Thumb Code     0  startup_stm32f40_41xxx.o(.text)
    FLASH_IRQHandler                         0x0800026f   Thumb Code     0  startup_stm32f40_41xxx.o(.text)
    FPU_IRQHandler                           0x0800026f   Thumb Code     0  startup_stm32f40_41xxx.o(.text)
    FSMC_IRQHandler                          0x0800026f   Thumb Code     0  startup_stm32f40_41xxx.o(.text)
    HASH_RNG_IRQHandler                      0x0800026f   Thumb Code     0  startup_stm32f40_41xxx.o(.text)
    I2C1_ER_IRQHandler                       0x0800026f   Thumb Code     0  startup_stm32f40_41xxx.o(.text)
    I2C1_EV_IRQHandler                       0x0800026f   Thumb Code     0  startup_stm32f40_41xxx.o(.text)
    I2C2_ER_IRQHandler                       0x0800026f   Thumb Code     0  startup_stm32f40_41xxx.o(.text)
    I2C2_EV_IRQHandler                       0x0800026f   Thumb Code     0  startup_stm32f40_41xxx.o(.text)
    I2C3_ER_IRQHandler                       0x0800026f   Thumb Code     0  startup_stm32f40_41xxx.o(.text)
    I2C3_EV_IRQHandler                       0x0800026f   Thumb Code     0  startup_stm32f40_41xxx.o(.text)
    OTG_FS_IRQHandler                        0x0800026f   Thumb Code     0  startup_stm32f40_41xxx.o(.text)
    OTG_FS_WKUP_IRQHandler                   0x0800026f   Thumb Code     0  startup_stm32f40_41xxx.o(.text)
    OTG_HS_EP1_IN_IRQHandler                 0x0800026f   Thumb Code     0  startup_stm32f40_41xxx.o(.text)
    OTG_HS_EP1_OUT_IRQHandler                0x0800026f   Thumb Code     0  startup_stm32f40_41xxx.o(.text)
    OTG_HS_IRQHandler                        0x0800026f   Thumb Code     0  startup_stm32f40_41xxx.o(.text)
    OTG_HS_WKUP_IRQHandler                   0x0800026f   Thumb Code     0  startup_stm32f40_41xxx.o(.text)
    PVD_IRQHandler                           0x0800026f   Thumb Code     0  startup_stm32f40_41xxx.o(.text)
    RCC_IRQHandler                           0x0800026f   Thumb Code     0  startup_stm32f40_41xxx.o(.text)
    RTC_Alarm_IRQHandler                     0x0800026f   Thumb Code     0  startup_stm32f40_41xxx.o(.text)
    RTC_WKUP_IRQHandler                      0x0800026f   Thumb Code     0  startup_stm32f40_41xxx.o(.text)
    SDIO_IRQHandler                          0x0800026f   Thumb Code     0  startup_stm32f40_41xxx.o(.text)
    SPI1_IRQHandler                          0x0800026f   Thumb Code     0  startup_stm32f40_41xxx.o(.text)
    SPI2_IRQHandler                          0x0800026f   Thumb Code     0  startup_stm32f40_41xxx.o(.text)
    SPI3_IRQHandler                          0x0800026f   Thumb Code     0  startup_stm32f40_41xxx.o(.text)
    TAMP_STAMP_IRQHandler                    0x0800026f   Thumb Code     0  startup_stm32f40_41xxx.o(.text)
    TIM1_BRK_TIM9_IRQHandler                 0x0800026f   Thumb Code     0  startup_stm32f40_41xxx.o(.text)
    TIM1_CC_IRQHandler                       0x0800026f   Thumb Code     0  startup_stm32f40_41xxx.o(.text)
    TIM1_TRG_COM_TIM11_IRQHandler            0x0800026f   Thumb Code     0  startup_stm32f40_41xxx.o(.text)
    TIM1_UP_TIM10_IRQHandler                 0x0800026f   Thumb Code     0  startup_stm32f40_41xxx.o(.text)
    TIM2_IRQHandler                          0x0800026f   Thumb Code     0  startup_stm32f40_41xxx.o(.text)
    TIM3_IRQHandler                          0x0800026f   Thumb Code     0  startup_stm32f40_41xxx.o(.text)
    TIM4_IRQHandler                          0x0800026f   Thumb Code     0  startup_stm32f40_41xxx.o(.text)
    TIM6_DAC_IRQHandler                      0x0800026f   Thumb Code     0  startup_stm32f40_41xxx.o(.text)
    TIM7_IRQHandler                          0x0800026f   Thumb Code     0  startup_stm32f40_41xxx.o(.text)
    TIM8_BRK_TIM12_IRQHandler                0x0800026f   Thumb Code     0  startup_stm32f40_41xxx.o(.text)
    TIM8_CC_IRQHandler                       0x0800026f   Thumb Code     0  startup_stm32f40_41xxx.o(.text)
    TIM8_TRG_COM_TIM14_IRQHandler            0x0800026f   Thumb Code     0  startup_stm32f40_41xxx.o(.text)
    TIM8_UP_TIM13_IRQHandler                 0x0800026f   Thumb Code     0  startup_stm32f40_41xxx.o(.text)
    UART5_IRQHandler                         0x0800026f   Thumb Code     0  startup_stm32f40_41xxx.o(.text)
    USART1_IRQHandler                        0x0800026f   Thumb Code     0  startup_stm32f40_41xxx.o(.text)
    USART2_IRQHandler                        0x0800026f   Thumb Code     0  startup_stm32f40_41xxx.o(.text)
    USART3_IRQHandler                        0x0800026f   Thumb Code     0  startup_stm32f40_41xxx.o(.text)
    USART6_IRQHandler                        0x0800026f   Thumb Code     0  startup_stm32f40_41xxx.o(.text)
    WWDG_IRQHandler                          0x0800026f   Thumb Code     0  startup_stm32f40_41xxx.o(.text)
    __aeabi_memcpy                           0x08000279   Thumb Code    36  memcpya.o(.text)
    __aeabi_memcpy4                          0x08000279   Thumb Code     0  memcpya.o(.text)
    __aeabi_memcpy8                          0x08000279   Thumb Code     0  memcpya.o(.text)
    __aeabi_memset                           0x0800029d   Thumb Code    14  memseta.o(.text)
    __aeabi_memset4                          0x0800029d   Thumb Code     0  memseta.o(.text)
    __aeabi_memset8                          0x0800029d   Thumb Code     0  memseta.o(.text)
    __aeabi_memclr                           0x080002ab   Thumb Code     4  memseta.o(.text)
    __aeabi_memclr4                          0x080002ab   Thumb Code     0  memseta.o(.text)
    __aeabi_memclr8                          0x080002ab   Thumb Code     0  memseta.o(.text)
    _memset$wrapper                          0x080002af   Thumb Code    18  memseta.o(.text)
    __aeabi_dadd                             0x080002c1   Thumb Code   322  dadd.o(.text)
    __aeabi_dsub                             0x08000403   Thumb Code     6  dadd.o(.text)
    __aeabi_drsub                            0x08000409   Thumb Code     6  dadd.o(.text)
    __aeabi_dmul                             0x0800040f   Thumb Code   228  dmul.o(.text)
    __aeabi_ddiv                             0x080004f3   Thumb Code   222  ddiv.o(.text)
    __aeabi_ul2d                             0x080005d1   Thumb Code    24  dfltul.o(.text)
    __aeabi_f2d                              0x080005e9   Thumb Code    38  f2d.o(.text)
    __aeabi_cdrcmple                         0x08000611   Thumb Code    48  cdrcmple.o(.text)
    __aeabi_d2f                              0x08000641   Thumb Code    56  d2f.o(.text)
    __aeabi_uidiv                            0x08000679   Thumb Code     0  uidiv.o(.text)
    __aeabi_uidivmod                         0x08000679   Thumb Code    44  uidiv.o(.text)
    __aeabi_uldivmod                         0x080006a5   Thumb Code    98  uldiv.o(.text)
    __aeabi_llsl                             0x08000707   Thumb Code    30  llshl.o(.text)
    _ll_shift_l                              0x08000707   Thumb Code     0  llshl.o(.text)
    __aeabi_lasr                             0x08000725   Thumb Code    36  llsshr.o(.text)
    _ll_sshift_r                             0x08000725   Thumb Code     0  llsshr.o(.text)
    __I$use$fp                               0x08000749   Thumb Code     0  iusefp.o(.text)
    _float_round                             0x08000749   Thumb Code    18  fepilogue.o(.text)
    _float_epilogue                          0x0800075b   Thumb Code    92  fepilogue.o(.text)
    _double_round                            0x080007b7   Thumb Code    30  depilogue.o(.text)
    _double_epilogue                         0x080007d5   Thumb Code   156  depilogue.o(.text)
    _dsqrt                                   0x08000871   Thumb Code   162  dsqrt.o(.text)
    __aeabi_d2ulz                            0x08000913   Thumb Code    48  dfixul.o(.text)
    __scatterload                            0x08000945   Thumb Code    28  init.o(.text)
    __scatterload_rt2                        0x08000945   Thumb Code     0  init.o(.text)
    __aeabi_llsr                             0x08000969   Thumb Code    32  llushr.o(.text)
    _ll_ushift_r                             0x08000969   Thumb Code     0  llushr.o(.text)
    __decompress                             0x08000989   Thumb Code     0  __dczerorl2.o(.text)
    __decompress1                            0x08000989   Thumb Code    86  __dczerorl2.o(.text)
    AccDataPreTreat                          0x080009e1   Thumb Code   284  accelerometer.o(i.AccDataPreTreat)
    AccPreTreatInit                          0x08000b15   Thumb Code  1372  accelerometer.o(i.AccPreTreatInit)
    AttitudeOuterControl                     0x08001335   Thumb Code   458  flightcontrol.o(i.AttitudeOuterControl)
    BMP280_CalibParam                        0x08001555   Thumb Code   246  bmp280.o(i.BMP280_CalibParam)
    BMP280_Chack                             0x08001651   Thumb Code    68  bmp280.o(i.BMP280_Chack)
    BMP280_Init                              0x08001699   Thumb Code   108  bmp280.o(i.BMP280_Init)
    BMP280_SetPowerMode                      0x08001709   Thumb Code    50  bmp280.o(i.BMP280_SetPowerMode)
    BMP280_SetStandbyDurn                    0x08001741   Thumb Code    36  bmp280.o(i.BMP280_SetStandbyDurn)
    BMP280_SetWorkMode                       0x08001765   Thumb Code   140  bmp280.o(i.BMP280_SetWorkMode)
    CPPM_Init                                0x080017f5   Thumb Code   184  cppm.o(i.CPPM_Init)
    ConstrainFloat                           0x080018b5   Thumb Code    84  mathtool.o(i.ConstrainFloat)
    ConstrainInt16                           0x08001909   Thumb Code    22  mathtool.o(i.ConstrainInt16)
    ConstrainInt32                           0x0800191f   Thumb Code    22  mathtool.o(i.ConstrainInt32)
    ControlTaskCreate                        0x08001935   Thumb Code    26  control_task.o(i.ControlTaskCreate)
    DMA1_Stream5_IRQHandler                  0x08001969   Thumb Code   200  ws2812.o(i.DMA1_Stream5_IRQHandler)
    DMA_ClearITPendingBit                    0x08001a51   Thumb Code    38  stm32f4xx_dma.o(i.DMA_ClearITPendingBit)
    DMA_Cmd                                  0x08001a85   Thumb Code    22  stm32f4xx_dma.o(i.DMA_Cmd)
    DMA_GetCurrentMemoryTarget               0x08001a9b   Thumb Code    20  stm32f4xx_dma.o(i.DMA_GetCurrentMemoryTarget)
    DMA_GetITStatus                          0x08001ab1   Thumb Code    82  stm32f4xx_dma.o(i.DMA_GetITStatus)
    FLASH_ClearFlag                          0x08001b15   Thumb Code     6  stm32f4xx_flash.o(i.FLASH_ClearFlag)
    FLASH_DataCacheCmd                       0x08001b21   Thumb Code    30  stm32f4xx_flash.o(i.FLASH_DataCacheCmd)
    FLASH_EraseSector                        0x08001b45   Thumb Code   130  stm32f4xx_flash.o(i.FLASH_EraseSector)
    FLASH_GetStatus                          0x08001bcd   Thumb Code    80  stm32f4xx_flash.o(i.FLASH_GetStatus)
    FLASH_Lock                               0x08001c21   Thumb Code    14  stm32f4xx_flash.o(i.FLASH_Lock)
    FLASH_ProgramByte                        0x08001c35   Thumb Code    70  stm32f4xx_flash.o(i.FLASH_ProgramByte)
    FLASH_Unlock                             0x08001c81   Thumb Code    24  stm32f4xx_flash.o(i.FLASH_Unlock)
    FLASH_WaitForLastOperation               0x08001ca5   Thumb Code    34  stm32f4xx_flash.o(i.FLASH_WaitForLastOperation)
    Flash_GetSector                          0x08001cc9   Thumb Code   116  flash.o(i.Flash_GetSector)
    Flash_ReadByte                           0x08001d69   Thumb Code     6  flash.o(i.Flash_ReadByte)
    Flash_ReadWord                           0x08001d6f   Thumb Code     6  flash.o(i.Flash_ReadWord)
    Flash_WriteByte                          0x08001d75   Thumb Code   178  flash.o(i.Flash_WriteByte)
    FlightControlInit                        0x08001e27   Thumb Code    26  flightcontrol.o(i.FlightControlInit)
    FlightControlInnerLoop                   0x08001e41   Thumb Code   334  flightcontrol.o(i.FlightControlInnerLoop)
    GPIO_Init                                0x08001fad   Thumb Code   144  stm32f4xx_gpio.o(i.GPIO_Init)
    GPIO_PinAFConfig                         0x0800203d   Thumb Code    70  stm32f4xx_gpio.o(i.GPIO_PinAFConfig)
    GPIO_ReadInputDataBit                    0x08002083   Thumb Code    18  stm32f4xx_gpio.o(i.GPIO_ReadInputDataBit)
    GPIO_ResetBits                           0x08002095   Thumb Code     4  stm32f4xx_gpio.o(i.GPIO_ResetBits)
    GPIO_SetBits                             0x08002099   Thumb Code     4  stm32f4xx_gpio.o(i.GPIO_SetBits)
    GPIO_ToggleBits                          0x0800209d   Thumb Code     8  stm32f4xx_gpio.o(i.GPIO_ToggleBits)
    GetArmedStatus                           0x080020b9   Thumb Code     6  flightstatus.o(i.GetArmedStatus)
    GetCopterAngle                           0x080020c5   Thumb Code    16  mahony.o(i.GetCopterAngle)
    GetFlightMode                            0x080020d9   Thumb Code     6  flightstatus.o(i.GetFlightMode)
    GetMagMag                                0x080020e5   Thumb Code     8  magnetometer.o(i.GetMagMag)
    GetRawRcData                             0x080020f1   Thumb Code    12  cppm.o(i.GetRawRcData)
    GetRcCommad                              0x08002101   Thumb Code    12  rc.o(i.GetRcCommad)
    GetSensorTaskCreate                      0x08002111   Thumb Code    46  getsensor_task.o(i.GetSensorTaskCreate)
    GetSysTimeMs                             0x08002171   Thumb Code     8  delay.o(i.GetSysTimeMs)
    GetSysTimeUs                             0x08002179   Thumb Code    76  delay.o(i.GetSysTimeUs)
    GyroDataPreTreat                         0x080021c5   Thumb Code   152  gyroscope.o(i.GyroDataPreTreat)
    GyroPreTreatInit                         0x08002261   Thumb Code   524  gyroscope.o(i.GyroPreTreatInit)
    IIC_Ack                                  0x080024b5   Thumb Code    48  soft_iic_gpio.o(i.IIC_Ack)
    IIC_Init                                 0x08002539   Thumb Code    16  soft_iic_gpio.o(i.IIC_Init)
    IIC_NAck                                 0x08002549   Thumb Code    48  soft_iic_gpio.o(i.IIC_NAck)
    IIC_ReadByte                             0x0800257d   Thumb Code    80  soft_iic_gpio.o(i.IIC_ReadByte)
    IIC_SendByte                             0x080025d1   Thumb Code   100  soft_iic_gpio.o(i.IIC_SendByte)
    IIC_Start                                0x08002639   Thumb Code    48  soft_iic_gpio.o(i.IIC_Start)
    IIC_Stop                                 0x0800266d   Thumb Code    48  soft_iic_gpio.o(i.IIC_Stop)
    IIC_WaitAck                              0x080026a1   Thumb Code    74  soft_iic_gpio.o(i.IIC_WaitAck)
    LowPassFilter2nd                         0x080026f1   Thumb Code   192  lowpassfilter.o(i.LowPassFilter2nd)
    LowPassFilter2ndFactorCal                0x080027b1   Thumb Code   142  lowpassfilter.o(i.LowPassFilter2ndFactorCal)
    MOTOR_Init                               0x080028c9   Thumb Code    12  pwm.o(i.MOTOR_Init)
    MPU9250_Init                             0x08002985   Thumb Code   224  mpu9250.o(i.MPU9250_Init)
    MPU_Get_Accelerometer                    0x08002a69   Thumb Code   156  mpu9250.o(i.MPU_Get_Accelerometer)
    MPU_Get_Gyroscope                        0x08002b09   Thumb Code   156  mpu9250.o(i.MPU_Get_Gyroscope)
    MPU_Get_Magnetometer                     0x08002ba9   Thumb Code   114  mpu9250.o(i.MPU_Get_Magnetometer)
    MPU_Read_Byte                            0x08002c21   Thumb Code    74  mpu9250.o(i.MPU_Read_Byte)
    MPU_Read_Len                             0x08002c6b   Thumb Code    74  mpu9250.o(i.MPU_Read_Len)
    MPU_Set_Accel_Fsr                        0x08002cb5   Thumb Code    18  mpu9250.o(i.MPU_Set_Accel_Fsr)
    MPU_Set_Gyro_Fsr                         0x08002cc7   Thumb Code    18  mpu9250.o(i.MPU_Set_Gyro_Fsr)
    MPU_Set_LPF                              0x08002cd9   Thumb Code    60  mpu9250.o(i.MPU_Set_LPF)
    MPU_Set_Rate                             0x08002d15   Thumb Code    60  mpu9250.o(i.MPU_Set_Rate)
    MPU_Write_Byte                           0x08002d51   Thumb Code    76  mpu9250.o(i.MPU_Write_Byte)
    MagCaliDataInit                          0x08002d9d   Thumb Code   838  magnetometer.o(i.MagCaliDataInit)
    MagDataPreTreat                          0x0800317d   Thumb Code   146  magnetometer.o(i.MagDataPreTreat)
    MagGetData                               0x0800321d   Thumb Code    16  magnetometer.o(i.MagGetData)
    MagRaw_Read                              0x08003231   Thumb Code    80  mpu9250.o(i.MagRaw_Read)
    MahonyAHRSupdate                         0x08003289   Thumb Code  2062  mahony.o(i.MahonyAHRSupdate)
    MahonyAHRSupdateIMU                      0x08003ad9   Thumb Code  1284  mahony.o(i.MahonyAHRSupdateIMU)
    MessageQueueCreate                       0x0800400d   Thumb Code    74  messagequeue.o(i.MessageQueueCreate)
    MotorControl                             0x0800405d   Thumb Code   346  motor.o(i.MotorControl)
    MotorInit                                0x080041fd   Thumb Code    14  motor.o(i.MotorInit)
    MotorPWMSet                              0x08004211   Thumb Code    46  pwm.o(i.MotorPWMSet)
    NMI_Handler                              0x08004245   Thumb Code     2  nvic.o(i.NMI_Handler)
    NVIC_Init                                0x08004249   Thumb Code   106  misc.o(i.NVIC_Init)
    NVIC_PriorityGroupConfig                 0x080042c1   Thumb Code    10  misc.o(i.NVIC_PriorityGroupConfig)
    NavigationTaskCreate                     0x080042d5   Thumb Code    48  navigation_task.o(i.NavigationTaskCreate)
    PIDReadFromFlash                         0x08004331   Thumb Code   232  flightcontrol.o(i.PIDReadFromFlash)
    PID_GetD                                 0x08004749   Thumb Code   100  pid.o(i.PID_GetD)
    PID_GetI                                 0x080047b1   Thumb Code   112  pid.o(i.PID_GetI)
    PID_GetP                                 0x08004825   Thumb Code    14  pid.o(i.PID_GetP)
    PID_GetPID                               0x08004833   Thumb Code    72  pid.o(i.PID_GetPID)
    PID_SetParam                             0x0800487d   Thumb Code    58  pid.o(i.PID_SetParam)
    PPM_Decode                               0x080048c1   Thumb Code    36  cppm.o(i.PPM_Decode)
    ParamGetData                             0x08004905   Thumb Code    24  parameter.o(i.ParamGetData)
    ParamInit                                0x08004921   Thumb Code     8  parameter.o(i.ParamInit)
    ParamSaveToFlash                         0x080049b5   Thumb Code    96  parameter.o(i.ParamSaveToFlash)
    ParamUpdateData                          0x08004a3d   Thumb Code    18  parameter.o(i.ParamUpdateData)
    PlaceStausCheck                          0x08004a59   Thumb Code   264  flightstatus.o(i.PlaceStausCheck)
    Pythagorous3                             0x08004b75   Thumb Code    68  mathtool.o(i.Pythagorous3)
    RCC_AHB1PeriphClockCmd                   0x08004bb9   Thumb Code    26  stm32f4xx_rcc.o(i.RCC_AHB1PeriphClockCmd)
    RCC_APB1PeriphClockCmd                   0x08004bd9   Thumb Code    26  stm32f4xx_rcc.o(i.RCC_APB1PeriphClockCmd)
    RCC_GetClocksFreq                        0x08004bf9   Thumb Code   214  stm32f4xx_rcc.o(i.RCC_GetClocksFreq)
    RcCheck                                  0x08004d0b   Thumb Code    20  rc.o(i.RcCheck)
    RcInit                                   0x08004ec5   Thumb Code    28  rc.o(i.RcInit)
    SensorTaskCreate                         0x08004ee5   Thumb Code    48  sensor_task.o(i.SensorTaskCreate)
    SetArmedStatus                           0x08004f41   Thumb Code    40  flightstatus.o(i.SetArmedStatus)
    SetAttInnerCtlTarget                     0x08004f6d   Thumb Code    18  flightcontrol.o(i.SetAttInnerCtlTarget)
    SetFlightMode                            0x08004f85   Thumb Code   122  flightstatus.o(i.SetFlightMode)
    SetRcTarget                              0x08005005   Thumb Code   106  flightcontrol.o(i.SetRcTarget)
    Sq                                       0x08005169   Thumb Code    10  mathtool.o(i.Sq)
    SysTick_CLKSourceConfig                  0x08005173   Thumb Code    40  misc.o(i.SysTick_CLKSourceConfig)
    SysTick_Handler                          0x0800519d   Thumb Code    28  nvic.o(i.SysTick_Handler)
    SystemInit                               0x080051bd   Thumb Code    88  system_stm32f4xx.o(i.SystemInit)
    TIM5_IRQHandler                          0x08005349   Thumb Code   154  cppm.o(i.TIM5_IRQHandler)
    TIM_ARRPreloadConfig                     0x08005401   Thumb Code    24  stm32f4xx_tim.o(i.TIM_ARRPreloadConfig)
    TIM_ClearITPendingBit                    0x08005419   Thumb Code     6  stm32f4xx_tim.o(i.TIM_ClearITPendingBit)
    TIM_Cmd                                  0x0800541f   Thumb Code    24  stm32f4xx_tim.o(i.TIM_Cmd)
    TIM_GetCapture4                          0x08005437   Thumb Code     6  stm32f4xx_tim.o(i.TIM_GetCapture4)
    TIM_GetITStatus                          0x0800543d   Thumb Code    34  stm32f4xx_tim.o(i.TIM_GetITStatus)
    TIM_ICInit                               0x0800545f   Thumb Code   110  stm32f4xx_tim.o(i.TIM_ICInit)
    TIM_ITConfig                             0x080054cd   Thumb Code    18  stm32f4xx_tim.o(i.TIM_ITConfig)
    TIM_OC1Init                              0x080054e1   Thumb Code   114  stm32f4xx_tim.o(i.TIM_OC1Init)
    TIM_OC1PreloadConfig                     0x0800555d   Thumb Code    18  stm32f4xx_tim.o(i.TIM_OC1PreloadConfig)
    TIM_OC2Init                              0x08005571   Thumb Code   154  stm32f4xx_tim.o(i.TIM_OC2Init)
    TIM_OC2PreloadConfig                     0x08005615   Thumb Code    26  stm32f4xx_tim.o(i.TIM_OC2PreloadConfig)
    TIM_OC3Init                              0x08005631   Thumb Code   150  stm32f4xx_tim.o(i.TIM_OC3Init)
    TIM_OC3PreloadConfig                     0x080056d1   Thumb Code    18  stm32f4xx_tim.o(i.TIM_OC3PreloadConfig)
    TIM_OC4Init                              0x080056e5   Thumb Code   112  stm32f4xx_tim.o(i.TIM_OC4Init)
    TIM_OC4PreloadConfig                     0x0800575d   Thumb Code    26  stm32f4xx_tim.o(i.TIM_OC4PreloadConfig)
    TIM_SetIC1Prescaler                      0x08005777   Thumb Code    18  stm32f4xx_tim.o(i.TIM_SetIC1Prescaler)
    TIM_SetIC2Prescaler                      0x08005789   Thumb Code    26  stm32f4xx_tim.o(i.TIM_SetIC2Prescaler)
    TIM_SetIC3Prescaler                      0x080057a3   Thumb Code    18  stm32f4xx_tim.o(i.TIM_SetIC3Prescaler)
    TIM_SetIC4Prescaler                      0x080057b5   Thumb Code    26  stm32f4xx_tim.o(i.TIM_SetIC4Prescaler)
    TIM_TimeBaseInit                         0x080057d1   Thumb Code   104  stm32f4xx_tim.o(i.TIM_TimeBaseInit)
    UART4_IRQHandler                         0x08005855   Thumb Code   122  usart.o(i.UART4_IRQHandler)
    USART_Cmd                                0x080058dd   Thumb Code    24  stm32f4xx_usart.o(i.USART_Cmd)
    USART_GetITStatus                        0x080058f5   Thumb Code    84  stm32f4xx_usart.o(i.USART_GetITStatus)
    USART_ITConfig                           0x08005949   Thumb Code    74  stm32f4xx_usart.o(i.USART_ITConfig)
    USART_Init                               0x08005995   Thumb Code   204  stm32f4xx_usart.o(i.USART_Init)
    USART_ReceiveData                        0x08005a69   Thumb Code    10  stm32f4xx_usart.o(i.USART_ReceiveData)
    UserControl                              0x08005a75   Thumb Code   112  usercontrol.o(i.UserControl)
    __0printf                                0x08005aed   Thumb Code    22  printfa.o(i.__0printf)
    __1printf                                0x08005aed   Thumb Code     0  printfa.o(i.__0printf)
    __2printf                                0x08005aed   Thumb Code     0  printfa.o(i.__0printf)
    __c89printf                              0x08005aed   Thumb Code     0  printfa.o(i.__0printf)
    printf                                   0x08005aed   Thumb Code     0  printfa.o(i.__0printf)
    __ARM_fpclassify                         0x08005b0d   Thumb Code    48  fpclassify.o(i.__ARM_fpclassify)
    __ARM_fpclassifyf                        0x08005b3d   Thumb Code    38  fpclassifyf.o(i.__ARM_fpclassifyf)
    __hardfp_asinf                           0x08005b9d   Thumb Code   258  asinf.o(i.__hardfp_asinf)
    __hardfp_atan                            0x08005cc9   Thumb Code   622  atan.o(i.__hardfp_atan)
    __hardfp_atan2                           0x08005fa1   Thumb Code   432  atan2.o(i.__hardfp_atan2)
    __hardfp_sqrt                            0x08006191   Thumb Code   122  sqrt.o(i.__hardfp_sqrt)
    __hardfp_sqrtf                           0x0800620b   Thumb Code    58  sqrtf.o(i.__hardfp_sqrtf)
    __kernel_poly                            0x08006245   Thumb Code   248  poly.o(i.__kernel_poly)
    __mathlib_dbl_infnan                     0x0800633d   Thumb Code    20  dunder.o(i.__mathlib_dbl_infnan)
    __mathlib_dbl_infnan2                    0x08006351   Thumb Code    20  dunder.o(i.__mathlib_dbl_infnan2)
    __mathlib_dbl_underflow                  0x08006369   Thumb Code    24  dunder.o(i.__mathlib_dbl_underflow)
    __mathlib_flt_infnan                     0x08006389   Thumb Code     6  funder.o(i.__mathlib_flt_infnan)
    __mathlib_flt_invalid                    0x08006391   Thumb Code    10  funder.o(i.__mathlib_flt_invalid)
    __mathlib_flt_underflow                  0x080063a1   Thumb Code    10  funder.o(i.__mathlib_flt_underflow)
    __scatterload_copy                       0x080063b1   Thumb Code    14  handlers.o(i.__scatterload_copy)
    __scatterload_null                       0x080063bf   Thumb Code     2  handlers.o(i.__scatterload_null)
    __scatterload_zeroinit                   0x080063c1   Thumb Code    14  handlers.o(i.__scatterload_zeroinit)
    __set_errno                              0x080063d1   Thumb Code     6  errno.o(i.__set_errno)
    atan                                     0x08006c6f   Thumb Code    16  atan.o(i.atan)
    beeperInit                               0x08006c81   Thumb Code    54  beeper.o(i.beeperInit)
    delay_init                               0x08006cbd   Thumb Code    58  delay.o(i.delay_init)
    delay_ms                                 0x08006d01   Thumb Code    62  delay.o(i.delay_ms)
    delay_us                                 0x08006d45   Thumb Code    68  delay.o(i.delay_us)
    fabs                                     0x08006d8d   Thumb Code    24  fabs.o(i.fabs)
    fputc                                    0x08006e0d   Thumb Code    24  usart.o(i.fputc)
    ledInit                                  0x08006e29   Thumb Code    54  led.o(i.ledInit)
    main                                     0x08006e65   Thumb Code    58  main.o(i.main)
    nvicInit                                 0x08006eb9   Thumb Code    12  nvic.o(i.nvicInit)
    pvPortMalloc                             0x080074f5   Thumb Code   262  heap_4.o(i.pvPortMalloc)
    pvTaskIncrementMutexHeldCount            0x08007649   Thumb Code    26  tasks.o(i.pvTaskIncrementMutexHeldCount)
    pxPortInitialiseStack                    0x08007669   Thumb Code    38  port.o(i.pxPortInitialiseStack)
    sqrtf                                    0x08007695   Thumb Code    62  sqrtf.o(i.sqrtf)
    systemInit                               0x080076d3   Thumb Code    42  system.o(i.systemInit)
    uart_init                                0x08007761   Thumb Code   164  usart.o(i.uart_init)
    uxListRemove                             0x0800780d   Thumb Code    40  list.o(i.uxListRemove)
    vFlightControlTask                       0x08007835   Thumb Code   100  control_task.o(i.vFlightControlTask)
    vFlightStatusTask                        0x080078a1   Thumb Code    58  navigation_task.o(i.vFlightStatusTask)
    vImuDataPreTreatTask                     0x080078e1   Thumb Code   164  sensor_task.o(i.vImuDataPreTreatTask)
    vImuSensorReadTask                       0x08007989   Thumb Code    68  getsensor_task.o(i.vImuSensorReadTask)
    vListInitialise                          0x080079d1   Thumb Code    26  list.o(i.vListInitialise)
    vListInitialiseItem                      0x080079eb   Thumb Code     6  list.o(i.vListInitialiseItem)
    vListInsert                              0x080079f1   Thumb Code    52  list.o(i.vListInsert)
    vListInsertEnd                           0x08007a25   Thumb Code    24  list.o(i.vListInsertEnd)
    vNavigationTask                          0x08007a3d   Thumb Code   136  navigation_task.o(i.vNavigationTask)
    vOtherSensorTask                         0x08007ac9   Thumb Code    52  sensor_task.o(i.vOtherSensorTask)
    vPortEnterCritical                       0x08007b01   Thumb Code    68  port.o(i.vPortEnterCritical)
    vPortExitCritical                        0x08007b89   Thumb Code    48  port.o(i.vPortExitCritical)
    vPortFree                                0x08007bf9   Thumb Code   120  heap_4.o(i.vPortFree)
    vPortSetupTimerInterrupt                 0x08007cb1   Thumb Code    26  port.o(i.vPortSetupTimerInterrupt)
    vPortValidateInterruptPriority           0x08007cd1   Thumb Code    86  port.o(i.vPortValidateInterruptPriority)
    vSensorUpdateTask                        0x08007d71   Thumb Code    68  getsensor_task.o(i.vSensorUpdateTask)
    vTaskDelay                               0x08007db9   Thumb Code    72  tasks.o(i.vTaskDelay)
    vTaskDelete                              0x08007e35   Thumb Code   192  tasks.o(i.vTaskDelete)
    vTaskMissedYield                         0x08007f49   Thumb Code     8  tasks.o(i.vTaskMissedYield)
    vTaskPlaceOnEventList                    0x08007f55   Thumb Code    42  tasks.o(i.vTaskPlaceOnEventList)
    vTaskPriorityInherit                     0x08007fb1   Thumb Code   164  tasks.o(i.vTaskPriorityInherit)
    vTaskSetTimeOutState                     0x08008061   Thumb Code    32  tasks.o(i.vTaskSetTimeOutState)
    vTaskStartScheduler                      0x080080b5   Thumb Code    98  tasks.o(i.vTaskStartScheduler)
    vTaskSuspendAll                          0x08008161   Thumb Code    12  tasks.o(i.vTaskSuspendAll)
    vTaskSwitchContext                       0x08008171   Thumb Code   110  tasks.o(i.vTaskSwitchContext)
    xPortStartScheduler                      0x08008221   Thumb Code   258  port.o(i.xPortStartScheduler)
    xPortSysTickHandler                      0x0800837d   Thumb Code    46  port.o(i.xPortSysTickHandler)
    xQueueGenericCreate                      0x080083b1   Thumb Code    78  queue.o(i.xQueueGenericCreate)
    xQueueGenericReceive                     0x0800842d   Thumb Code   416  queue.o(i.xQueueGenericReceive)
    xQueueGenericReset                       0x080085fd   Thumb Code   136  queue.o(i.xQueueGenericReset)
    xQueueGenericSend                        0x080086b5   Thumb Code   380  queue.o(i.xQueueGenericSend)
    xQueueGiveFromISR                        0x08008861   Thumb Code   194  queue.o(i.xQueueGiveFromISR)
    xTaskCheckForTimeOut                     0x08008951   Thumb Code   116  tasks.o(i.xTaskCheckForTimeOut)
    xTaskCreate                              0x080089f9   Thumb Code    96  tasks.o(i.xTaskCreate)
    xTaskGetSchedulerState                   0x08008a59   Thumb Code    24  tasks.o(i.xTaskGetSchedulerState)
    xTaskGetTickCount                        0x08008a79   Thumb Code     6  tasks.o(i.xTaskGetTickCount)
    xTaskIncrementTick                       0x08008a85   Thumb Code   272  tasks.o(i.xTaskIncrementTick)
    xTaskPriorityDisinherit                  0x08008bed   Thumb Code   168  tasks.o(i.xTaskPriorityDisinherit)
    xTaskRemoveFromEventList                 0x08008ccd   Thumb Code   118  tasks.o(i.xTaskRemoveFromEventList)
    xTaskResumeAll                           0x08008d89   Thumb Code   214  tasks.o(i.xTaskResumeAll)
    quadX                                    0x08008eb0   Data         132  motor.o(.constdata)
    __mathlib_zero                           0x08008fd0   Data           8  qnan.o(.constdata)
    Region$$Table$$Base                      0x08009278   Number         0  anon$$obj.o(Region$$Table)
    Region$$Table$$Limit                     0x08009298   Number         0  anon$$obj.o(Region$$Table)
    SystemCoreClock                          0x20000008   Data           4  system_stm32f4xx.o(.data)
    AHBPrescTable                            0x2000000c   Data          16  system_stm32f4xx.o(.data)
    paramStrings                             0x2000001c   Data         140  parameter.o(.data)
    imuSensorReadTask                        0x200000b4   Data           4  getsensor_task.o(.data)
    sensorUpdateTask                         0x200000b8   Data           4  getsensor_task.o(.data)
    imuDataPreTreatTask                      0x200000c0   Data           4  sensor_task.o(.data)
    otherSensorTask                          0x200000c4   Data           4  sensor_task.o(.data)
    flightStatusTask                         0x200000cc   Data           4  navigation_task.o(.data)
    navigationTask                           0x200000d0   Data           4  navigation_task.o(.data)
    flightControlTask                        0x200000d4   Data           4  control_task.o(.data)
    rcCommand                                0x200000dc   Data           8  rc.o(.data)
    escCaliFlag                              0x200000f0   Data           1  motor.o(.data)
    twoKp                                    0x20000124   Data           4  mahony.o(.data)
    twoKi                                    0x20000128   Data           4  mahony.o(.data)
    q0                                       0x2000012c   Data           4  mahony.o(.data)
    q1                                       0x20000130   Data           4  mahony.o(.data)
    q2                                       0x20000134   Data           4  mahony.o(.data)
    q3                                       0x20000138   Data           4  mahony.o(.data)
    integralFBx                              0x2000013c   Data           4  mahony.o(.data)
    integralFBy                              0x20000140   Data           4  mahony.o(.data)
    integralFBz                              0x20000144   Data           4  mahony.o(.data)
    capureVal                                0x20000148   Data           2  cppm.o(.data)
    capureValDiff                            0x2000014a   Data           2  cppm.o(.data)
    prevCapureVal                            0x2000014c   Data           2  cppm.o(.data)
    tempIndex                                0x2000014e   Data           2  cppm.o(.data)
    PPM_flag                                 0x20000150   Data           1  cppm.o(.data)
    rcRawData                                0x20000152   Data           8  cppm.o(.data)
    __stdout                                 0x20000180   Data           4  usart.o(.data)
    USART_RX_STA                             0x20000184   Data           2  usart.o(.data)
    pxCurrentTCB                             0x20000198   Data           4  tasks.o(.data)
    flyStatus                                0x20000290   Data          12  flightstatus.o(.bss)
    messageQueue                             0x200002a8   Data          20  messagequeue.o(.bss)
    fc                                       0x200002dc   Data         284  flightcontrol.o(.bss)
    acc                                      0x20000410   Data         124  accelerometer.o(.bss)
    gyro                                     0x200004f8   Data          88  gyroscope.o(.bss)
    mag                                      0x2000055c   Data          48  magnetometer.o(.bss)
    angle                                    0x200005ec   Data          12  mahony.o(.bss)
    RCdata                                   0x200005f8   Data          10  cppm.o(.bss)
    dmaBuffer0                               0x20000604   Data          96  ws2812.o(.bss)
    dmaBuffer1                               0x20000664   Data          96  ws2812.o(.bss)
    USART_RX_BUF                             0x200006e4   Data         200  usart.o(.bss)
    __initial_sp                             0x20009e90   Data           0  startup_stm32f40_41xxx.o(STACK)



==============================================================================

Memory Map of the image

  Image Entry point : 0x08000189

  Load Region LR_IROM1 (Base: 0x08000000, Size: 0x00009494, Max: 0x00100000, ABSOLUTE, COMPRESSED[0x00009338])

    Execution Region ER_IROM1 (Base: 0x08000000, Size: 0x00009298, Max: 0x00100000, ABSOLUTE)

    Base Addr    Size         Type   Attr      Idx    E Section Name        Object

    0x08000000   0x00000188   Data   RO         2336    RESET               startup_stm32f40_41xxx.o
    0x08000188   0x00000000   Code   RO         5712  * .ARM.Collect$$$$00000000  mc_w.l(entry.o)
    0x08000188   0x00000004   Code   RO         6060    .ARM.Collect$$$$00000001  mc_w.l(entry2.o)
    0x0800018c   0x00000004   Code   RO         6063    .ARM.Collect$$$$00000004  mc_w.l(entry5.o)
    0x08000190   0x00000000   Code   RO         6065    .ARM.Collect$$$$00000008  mc_w.l(entry7b.o)
    0x08000190   0x00000000   Code   RO         6067    .ARM.Collect$$$$0000000A  mc_w.l(entry8b.o)
    0x08000190   0x00000008   Code   RO         6068    .ARM.Collect$$$$0000000B  mc_w.l(entry9a.o)
    0x08000198   0x00000000   Code   RO         6070    .ARM.Collect$$$$0000000D  mc_w.l(entry10a.o)
    0x08000198   0x00000000   Code   RO         6072    .ARM.Collect$$$$0000000F  mc_w.l(entry11a.o)
    0x08000198   0x00000004   Code   RO         6061    .ARM.Collect$$$$00002712  mc_w.l(entry2.o)
    0x0800019c   0x000000b6   Code   RO         5528    .emb_text           port.o
    0x08000252   0x00000002   PAD
    0x08000254   0x00000024   Code   RO         2337    .text               startup_stm32f40_41xxx.o
    0x08000278   0x00000024   Code   RO         5715    .text               mc_w.l(memcpya.o)
    0x0800029c   0x00000024   Code   RO         5717    .text               mc_w.l(memseta.o)
    0x080002c0   0x0000014e   Code   RO         5982    .text               mf_w.l(dadd.o)
    0x0800040e   0x000000e4   Code   RO         5984    .text               mf_w.l(dmul.o)
    0x080004f2   0x000000de   Code   RO         5986    .text               mf_w.l(ddiv.o)
    0x080005d0   0x00000018   Code   RO         5992    .text               mf_w.l(dfltul.o)
    0x080005e8   0x00000026   Code   RO         5994    .text               mf_w.l(f2d.o)
    0x0800060e   0x00000002   PAD
    0x08000610   0x00000030   Code   RO         5998    .text               mf_w.l(cdrcmple.o)
    0x08000640   0x00000038   Code   RO         6000    .text               mf_w.l(d2f.o)
    0x08000678   0x0000002c   Code   RO         6074    .text               mc_w.l(uidiv.o)
    0x080006a4   0x00000062   Code   RO         6076    .text               mc_w.l(uldiv.o)
    0x08000706   0x0000001e   Code   RO         6078    .text               mc_w.l(llshl.o)
    0x08000724   0x00000024   Code   RO         6080    .text               mc_w.l(llsshr.o)
    0x08000748   0x00000000   Code   RO         6089    .text               mc_w.l(iusefp.o)
    0x08000748   0x0000006e   Code   RO         6090    .text               mf_w.l(fepilogue.o)
    0x080007b6   0x000000ba   Code   RO         6092    .text               mf_w.l(depilogue.o)
    0x08000870   0x000000a2   Code   RO         6094    .text               mf_w.l(dsqrt.o)
    0x08000912   0x00000030   Code   RO         6096    .text               mf_w.l(dfixul.o)
    0x08000942   0x00000002   PAD
    0x08000944   0x00000024   Code   RO         6098    .text               mc_w.l(init.o)
    0x08000968   0x00000020   Code   RO         6100    .text               mc_w.l(llushr.o)
    0x08000988   0x00000056   Code   RO         6110    .text               mc_w.l(__dczerorl2.o)
    0x080009de   0x00000002   PAD
    0x080009e0   0x00000134   Code   RO          918    i.AccDataPreTreat   accelerometer.o
    0x08000b14   0x00000568   Code   RO          920    i.AccPreTreatInit   accelerometer.o
    0x0800107c   0x0000007c   Code   RO            4    i.AppTaskCreate     main.o
    0x080010f8   0x0000023c   Code   RO          791    i.AttitudeInnerControl  flightcontrol.o
    0x08001334   0x00000220   Code   RO          792    i.AttitudeOuterControl  flightcontrol.o
    0x08001554   0x000000fc   Code   RO         2030    i.BMP280_CalibParam  bmp280.o
    0x08001650   0x00000048   Code   RO         2031    i.BMP280_Chack      bmp280.o
    0x08001698   0x00000070   Code   RO         2035    i.BMP280_Init       bmp280.o
    0x08001708   0x00000038   Code   RO         2040    i.BMP280_SetPowerMode  bmp280.o
    0x08001740   0x00000024   Code   RO         2042    i.BMP280_SetStandbyDurn  bmp280.o
    0x08001764   0x00000090   Code   RO         2043    i.BMP280_SetWorkMode  bmp280.o
    0x080017f4   0x000000c0   Code   RO         1630    i.CPPM_Init         cppm.o
    0x080018b4   0x00000054   Code   RO         1223    i.ConstrainFloat    mathtool.o
    0x08001908   0x00000016   Code   RO         1224    i.ConstrainInt16    mathtool.o
    0x0800191e   0x00000016   Code   RO         1225    i.ConstrainInt32    mathtool.o
    0x08001934   0x00000034   Code   RO          636    i.ControlTaskCreate  control_task.o
    0x08001968   0x000000e8   Code   RO         1727    i.DMA1_Stream5_IRQHandler  ws2812.o
    0x08001a50   0x00000034   Code   RO         4671    i.DMA_ClearITPendingBit  stm32f4xx_dma.o
    0x08001a84   0x00000016   Code   RO         4672    i.DMA_Cmd           stm32f4xx_dma.o
    0x08001a9a   0x00000014   Code   RO         4679    i.DMA_GetCurrentMemoryTarget  stm32f4xx_dma.o
    0x08001aae   0x00000002   PAD
    0x08001ab0   0x00000064   Code   RO         4682    i.DMA_GetITStatus   stm32f4xx_dma.o
    0x08001b14   0x0000000c   Code   RO         2704    i.FLASH_ClearFlag   stm32f4xx_flash.o
    0x08001b20   0x00000024   Code   RO         2705    i.FLASH_DataCacheCmd  stm32f4xx_flash.o
    0x08001b44   0x00000088   Code   RO         2710    i.FLASH_EraseSector  stm32f4xx_flash.o
    0x08001bcc   0x00000054   Code   RO         2712    i.FLASH_GetStatus   stm32f4xx_flash.o
    0x08001c20   0x00000014   Code   RO         2716    i.FLASH_Lock        stm32f4xx_flash.o
    0x08001c34   0x0000004c   Code   RO         2737    i.FLASH_ProgramByte  stm32f4xx_flash.o
    0x08001c80   0x00000024   Code   RO         2742    i.FLASH_Unlock      stm32f4xx_flash.o
    0x08001ca4   0x00000022   Code   RO         2743    i.FLASH_WaitForLastOperation  stm32f4xx_flash.o
    0x08001cc6   0x00000002   PAD
    0x08001cc8   0x000000a0   Code   RO         2134    i.Flash_GetSector   flash.o
    0x08001d68   0x00000006   Code   RO         2135    i.Flash_ReadByte    flash.o
    0x08001d6e   0x00000006   Code   RO         2136    i.Flash_ReadWord    flash.o
    0x08001d74   0x000000b2   Code   RO         2137    i.Flash_WriteByte   flash.o
    0x08001e26   0x0000001a   Code   RO          795    i.FlightControlInit  flightcontrol.o
    0x08001e40   0x0000016c   Code   RO          796    i.FlightControlInnerLoop  flightcontrol.o
    0x08001fac   0x00000090   Code   RO         2963    i.GPIO_Init         stm32f4xx_gpio.o
    0x0800203c   0x00000046   Code   RO         2964    i.GPIO_PinAFConfig  stm32f4xx_gpio.o
    0x08002082   0x00000012   Code   RO         2967    i.GPIO_ReadInputDataBit  stm32f4xx_gpio.o
    0x08002094   0x00000004   Code   RO         2970    i.GPIO_ResetBits    stm32f4xx_gpio.o
    0x08002098   0x00000004   Code   RO         2971    i.GPIO_SetBits      stm32f4xx_gpio.o
    0x0800209c   0x00000008   Code   RO         2973    i.GPIO_ToggleBits   stm32f4xx_gpio.o
    0x080020a4   0x00000014   Code   RO         1561    i.GY_91_Init        system.o
    0x080020b8   0x0000000c   Code   RO          420    i.GetArmedStatus    flightstatus.o
    0x080020c4   0x00000014   Code   RO         1343    i.GetCopterAngle    mahony.o
    0x080020d8   0x0000000c   Code   RO          421    i.GetFlightMode     flightstatus.o
    0x080020e4   0x0000000c   Code   RO         1051    i.GetMagMag         magnetometer.o
    0x080020f0   0x00000010   Code   RO         1631    i.GetRawRcData      cppm.o
    0x08002100   0x00000010   Code   RO          672    i.GetRcCommad       rc.o
    0x08002110   0x00000060   Code   RO          515    i.GetSensorTaskCreate  getsensor_task.o
    0x08002170   0x00000008   Code   RO         2200    i.GetSysTimeMs      delay.o
    0x08002178   0x0000004c   Code   RO         2201    i.GetSysTimeUs      delay.o
    0x080021c4   0x0000009c   Code   RO         1001    i.GyroDataPreTreat  gyroscope.o
    0x08002260   0x00000254   Code   RO         1003    i.GyroPreTreatInit  gyroscope.o
    0x080024b4   0x00000034   Code   RO         1844    i.IIC_Ack           soft_iic_gpio.o
    0x080024e8   0x00000044   Code   RO         1845    i.IIC_CfgGpio       soft_iic_gpio.o
    0x0800252c   0x0000000c   Code   RO         1846    i.IIC_Delay         soft_iic_gpio.o
    0x08002538   0x00000010   Code   RO         1847    i.IIC_Init          soft_iic_gpio.o
    0x08002548   0x00000034   Code   RO         1848    i.IIC_NAck          soft_iic_gpio.o
    0x0800257c   0x00000054   Code   RO         1849    i.IIC_ReadByte      soft_iic_gpio.o
    0x080025d0   0x00000068   Code   RO         1850    i.IIC_SendByte      soft_iic_gpio.o
    0x08002638   0x00000034   Code   RO         1851    i.IIC_Start         soft_iic_gpio.o
    0x0800266c   0x00000034   Code   RO         1852    i.IIC_Stop          soft_iic_gpio.o
    0x080026a0   0x00000050   Code   RO         1853    i.IIC_WaitAck       soft_iic_gpio.o
    0x080026f0   0x000000c0   Code   RO         1317    i.LowPassFilter2nd  lowpassfilter.o
    0x080027b0   0x00000094   Code   RO         1318    i.LowPassFilter2ndFactorCal  lowpassfilter.o
    0x08002844   0x00000084   Code   RO         1590    i.MOTOR_GPIOConfig  pwm.o
    0x080028c8   0x0000000c   Code   RO         1591    i.MOTOR_Init        pwm.o
    0x080028d4   0x000000b0   Code   RO         1592    i.MOTOR_TIMConfig   pwm.o
    0x08002984   0x000000e4   Code   RO         1926    i.MPU9250_Init      mpu9250.o
    0x08002a68   0x000000a0   Code   RO         1927    i.MPU_Get_Accelerometer  mpu9250.o
    0x08002b08   0x000000a0   Code   RO         1928    i.MPU_Get_Gyroscope  mpu9250.o
    0x08002ba8   0x00000078   Code   RO         1929    i.MPU_Get_Magnetometer  mpu9250.o
    0x08002c20   0x0000004a   Code   RO         1931    i.MPU_Read_Byte     mpu9250.o
    0x08002c6a   0x0000004a   Code   RO         1932    i.MPU_Read_Len      mpu9250.o
    0x08002cb4   0x00000012   Code   RO         1933    i.MPU_Set_Accel_Fsr  mpu9250.o
    0x08002cc6   0x00000012   Code   RO         1934    i.MPU_Set_Gyro_Fsr  mpu9250.o
    0x08002cd8   0x0000003c   Code   RO         1935    i.MPU_Set_LPF       mpu9250.o
    0x08002d14   0x0000003c   Code   RO         1936    i.MPU_Set_Rate      mpu9250.o
    0x08002d50   0x0000004c   Code   RO         1937    i.MPU_Write_Byte    mpu9250.o
    0x08002d9c   0x000003e0   Code   RO         1052    i.MagCaliDataInit   magnetometer.o
    0x0800317c   0x000000a0   Code   RO         1054    i.MagDataPreTreat   magnetometer.o
    0x0800321c   0x00000014   Code   RO         1055    i.MagGetData        magnetometer.o
    0x08003230   0x00000058   Code   RO         1939    i.MagRaw_Read       mpu9250.o
    0x08003288   0x00000850   Code   RO         1344    i.MahonyAHRSupdate  mahony.o
    0x08003ad8   0x00000510   Code   RO         1345    i.MahonyAHRSupdateIMU  mahony.o
    0x08003fe8   0x00000024   Code   RO          887    i.ManualControl     usercontrol.o
    0x0800400c   0x00000050   Code   RO          472    i.MessageQueueCreate  messagequeue.o
    0x0800405c   0x000001a0   Code   RO          734    i.MotorControl      motor.o
    0x080041fc   0x00000014   Code   RO          735    i.MotorInit         motor.o
    0x08004210   0x00000034   Code   RO         1593    i.MotorPWMSet       pwm.o
    0x08004244   0x00000002   Code   RO         1800    i.NMI_Handler       nvic.o
    0x08004246   0x00000002   PAD
    0x08004248   0x00000078   Code   RO         2344    i.NVIC_Init         misc.o
    0x080042c0   0x00000014   Code   RO         2345    i.NVIC_PriorityGroupConfig  misc.o
    0x080042d4   0x0000005c   Code   RO          597    i.NavigationTaskCreate  navigation_task.o
    0x08004330   0x000000f0   Code   RO          798    i.PIDReadFromFlash  flightcontrol.o
    0x08004420   0x000002a8   Code   RO          799    i.PIDReset          flightcontrol.o
    0x080046c8   0x00000080   Code   RO          800    i.PIDWriteToFlash   flightcontrol.o
    0x08004748   0x00000068   Code   RO         1143    i.PID_GetD          pid.o
    0x080047b0   0x00000074   Code   RO         1144    i.PID_GetI          pid.o
    0x08004824   0x0000000e   Code   RO         1145    i.PID_GetP          pid.o
    0x08004832   0x00000048   Code   RO         1147    i.PID_GetPID        pid.o
    0x0800487a   0x00000002   PAD
    0x0800487c   0x00000044   Code   RO         1149    i.PID_SetParam      pid.o
    0x080048c0   0x0000002c   Code   RO         1632    i.PPM_Decode        cppm.o
    0x080048ec   0x00000018   Code   RO          360    i.ParamDataReset    parameter.o
    0x08004904   0x0000001c   Code   RO          361    i.ParamGetData      parameter.o
    0x08004920   0x00000008   Code   RO          363    i.ParamInit         parameter.o
    0x08004928   0x0000008c   Code   RO          364    i.ParamReadFromFlash  parameter.o
    0x080049b4   0x00000088   Code   RO          365    i.ParamSaveToFlash  parameter.o
    0x08004a3c   0x0000001c   Code   RO          366    i.ParamUpdateData   parameter.o
    0x08004a58   0x0000011c   Code   RO          423    i.PlaceStausCheck   flightstatus.o
    0x08004b74   0x00000044   Code   RO         1229    i.Pythagorous3      mathtool.o
    0x08004bb8   0x00000020   Code   RO         3346    i.RCC_AHB1PeriphClockCmd  stm32f4xx_rcc.o
    0x08004bd8   0x00000020   Code   RO         3355    i.RCC_APB1PeriphClockCmd  stm32f4xx_rcc.o
    0x08004bf8   0x000000e8   Code   RO         3367    i.RCC_GetClocksFreq  stm32f4xx_rcc.o
    0x08004ce0   0x0000002a   Code   RO          673    i.RCDataLimit       rc.o
    0x08004d0a   0x00000014   Code   RO          674    i.RcCheck           rc.o
    0x08004d1e   0x00000002   PAD
    0x08004d20   0x00000048   Code   RO          675    i.RcCheckFailsafe   rc.o
    0x08004d68   0x000000cc   Code   RO          676    i.RcCheckSticks     rc.o
    0x08004e34   0x00000090   Code   RO          677    i.RcCommandUpdate   rc.o
    0x08004ec4   0x00000020   Code   RO          678    i.RcInit            rc.o
    0x08004ee4   0x0000005c   Code   RO          557    i.SensorTaskCreate  sensor_task.o
    0x08004f40   0x0000002c   Code   RO          424    i.SetArmedStatus    flightstatus.o
    0x08004f6c   0x00000018   Code   RO          801    i.SetAttInnerCtlTarget  flightcontrol.o
    0x08004f84   0x00000080   Code   RO          425    i.SetFlightMode     flightstatus.o
    0x08005004   0x00000078   Code   RO          802    i.SetRcTarget       flightcontrol.o
    0x0800507c   0x000000ec   Code   RO          319    i.SetSysClock       system_stm32f4xx.o
    0x08005168   0x0000000a   Code   RO         1233    i.Sq                mathtool.o
    0x08005172   0x00000028   Code   RO         2348    i.SysTick_CLKSourceConfig  misc.o
    0x0800519a   0x00000002   PAD
    0x0800519c   0x00000020   Code   RO         1801    i.SysTick_Handler   nvic.o
    0x080051bc   0x00000068   Code   RO          321    i.SystemInit        system_stm32f4xx.o
    0x08005224   0x0000003a   Code   RO         3912    i.TI1_Config        stm32f4xx_tim.o
    0x0800525e   0x00000050   Code   RO         3913    i.TI2_Config        stm32f4xx_tim.o
    0x080052ae   0x00000048   Code   RO         3914    i.TI3_Config        stm32f4xx_tim.o
    0x080052f6   0x00000050   Code   RO         3915    i.TI4_Config        stm32f4xx_tim.o
    0x08005346   0x00000002   PAD
    0x08005348   0x000000b8   Code   RO         1633    i.TIM5_IRQHandler   cppm.o
    0x08005400   0x00000018   Code   RO         3916    i.TIM_ARRPreloadConfig  stm32f4xx_tim.o
    0x08005418   0x00000006   Code   RO         3923    i.TIM_ClearITPendingBit  stm32f4xx_tim.o
    0x0800541e   0x00000018   Code   RO         3928    i.TIM_Cmd           stm32f4xx_tim.o
    0x08005436   0x00000006   Code   RO         3946    i.TIM_GetCapture4   stm32f4xx_tim.o
    0x0800543c   0x00000022   Code   RO         3949    i.TIM_GetITStatus   stm32f4xx_tim.o
    0x0800545e   0x0000006e   Code   RO         3951    i.TIM_ICInit        stm32f4xx_tim.o
    0x080054cc   0x00000012   Code   RO         3953    i.TIM_ITConfig      stm32f4xx_tim.o
    0x080054de   0x00000002   PAD
    0x080054e0   0x0000007c   Code   RO         3957    i.TIM_OC1Init       stm32f4xx_tim.o
    0x0800555c   0x00000012   Code   RO         3960    i.TIM_OC1PreloadConfig  stm32f4xx_tim.o
    0x0800556e   0x00000002   PAD
    0x08005570   0x000000a4   Code   RO         3962    i.TIM_OC2Init       stm32f4xx_tim.o
    0x08005614   0x0000001a   Code   RO         3965    i.TIM_OC2PreloadConfig  stm32f4xx_tim.o
    0x0800562e   0x00000002   PAD
    0x08005630   0x000000a0   Code   RO         3967    i.TIM_OC3Init       stm32f4xx_tim.o
    0x080056d0   0x00000012   Code   RO         3970    i.TIM_OC3PreloadConfig  stm32f4xx_tim.o
    0x080056e2   0x00000002   PAD
    0x080056e4   0x00000078   Code   RO         3972    i.TIM_OC4Init       stm32f4xx_tim.o
    0x0800575c   0x0000001a   Code   RO         3974    i.TIM_OC4PreloadConfig  stm32f4xx_tim.o
    0x08005776   0x00000012   Code   RO         3995    i.TIM_SetIC1Prescaler  stm32f4xx_tim.o
    0x08005788   0x0000001a   Code   RO         3996    i.TIM_SetIC2Prescaler  stm32f4xx_tim.o
    0x080057a2   0x00000012   Code   RO         3997    i.TIM_SetIC3Prescaler  stm32f4xx_tim.o
    0x080057b4   0x0000001a   Code   RO         3998    i.TIM_SetIC4Prescaler  stm32f4xx_tim.o
    0x080057ce   0x00000002   PAD
    0x080057d0   0x00000084   Code   RO         4000    i.TIM_TimeBaseInit  stm32f4xx_tim.o
    0x08005854   0x00000088   Code   RO         2284    i.UART4_IRQHandler  usart.o
    0x080058dc   0x00000018   Code   RO         4482    i.USART_Cmd         stm32f4xx_usart.o
    0x080058f4   0x00000054   Code   RO         4486    i.USART_GetITStatus  stm32f4xx_usart.o
    0x08005948   0x0000004a   Code   RO         4488    i.USART_ITConfig    stm32f4xx_usart.o
    0x08005992   0x00000002   PAD
    0x08005994   0x000000d4   Code   RO         4489    i.USART_Init        stm32f4xx_usart.o
    0x08005a68   0x0000000a   Code   RO         4496    i.USART_ReceiveData  stm32f4xx_usart.o
    0x08005a72   0x00000002   PAD
    0x08005a74   0x00000078   Code   RO          888    i.UserControl       usercontrol.o
    0x08005aec   0x00000020   Code   RO         5954    i.__0printf         mc_w.l(printfa.o)
    0x08005b0c   0x00000030   Code   RO         6036    i.__ARM_fpclassify  m_wm.l(fpclassify.o)
    0x08005b3c   0x00000026   Code   RO         6038    i.__ARM_fpclassifyf  m_wm.l(fpclassifyf.o)
    0x08005b62   0x0000000e   Code   RO          924    i.__ARM_isnanf      accelerometer.o
    0x08005b70   0x0000000e   Code   RO         1004    i.__ARM_isnanf      gyroscope.o
    0x08005b7e   0x0000000e   Code   RO         1056    i.__ARM_isnanf      magnetometer.o
    0x08005b8c   0x0000000e   Code   RO         1235    i.__ARM_isnanf      mathtool.o
    0x08005b9a   0x00000002   PAD
    0x08005b9c   0x0000012c   Code   RO         5628    i.__hardfp_asinf    m_wm.l(asinf.o)
    0x08005cc8   0x000002d8   Code   RO         6002    i.__hardfp_atan     m_wm.l(atan.o)
    0x08005fa0   0x000001f0   Code   RO         5640    i.__hardfp_atan2    m_wm.l(atan2.o)
    0x08006190   0x0000007a   Code   RO         5688    i.__hardfp_sqrt     m_wm.l(sqrt.o)
    0x0800620a   0x0000003a   Code   RO         5700    i.__hardfp_sqrtf    m_wm.l(sqrtf.o)
    0x08006244   0x000000f8   Code   RO         6054    i.__kernel_poly     m_wm.l(poly.o)
    0x0800633c   0x00000014   Code   RO         6017    i.__mathlib_dbl_infnan  m_wm.l(dunder.o)
    0x08006350   0x00000014   Code   RO         6018    i.__mathlib_dbl_infnan2  m_wm.l(dunder.o)
    0x08006364   0x00000004   PAD
    0x08006368   0x00000020   Code   RO         6022    i.__mathlib_dbl_underflow  m_wm.l(dunder.o)
    0x08006388   0x00000006   Code   RO         6041    i.__mathlib_flt_infnan  m_wm.l(funder.o)
    0x0800638e   0x00000002   PAD
    0x08006390   0x00000010   Code   RO         6043    i.__mathlib_flt_invalid  m_wm.l(funder.o)
    0x080063a0   0x00000010   Code   RO         6046    i.__mathlib_flt_underflow  m_wm.l(funder.o)
    0x080063b0   0x0000000e   Code   RO         6104    i.__scatterload_copy  mc_w.l(handlers.o)
    0x080063be   0x00000002   Code   RO         6105    i.__scatterload_null  mc_w.l(handlers.o)
    0x080063c0   0x0000000e   Code   RO         6106    i.__scatterload_zeroinit  mc_w.l(handlers.o)
    0x080063ce   0x00000002   PAD
    0x080063d0   0x0000000c   Code   RO         6084    i.__set_errno       mc_w.l(errno.o)
    0x080063dc   0x00000164   Code   RO         5961    i._fp_digits        mc_w.l(printfa.o)
    0x08006540   0x000006dc   Code   RO         5962    i._printf_core      mc_w.l(printfa.o)
    0x08006c1c   0x00000024   Code   RO         5963    i._printf_post_padding  mc_w.l(printfa.o)
    0x08006c40   0x0000002e   Code   RO         5964    i._printf_pre_padding  mc_w.l(printfa.o)
    0x08006c6e   0x00000010   Code   RO         6004    i.atan              m_wm.l(atan.o)
    0x08006c7e   0x00000002   PAD
    0x08006c80   0x0000003c   Code   RO         2176    i.beeperInit        beeper.o
    0x08006cbc   0x00000044   Code   RO         2202    i.delay_init        delay.o
    0x08006d00   0x00000044   Code   RO         2203    i.delay_ms          delay.o
    0x08006d44   0x00000048   Code   RO         2205    i.delay_us          delay.o
    0x08006d8c   0x00000018   Code   RO         6032    i.fabs              m_wm.l(fabs.o)
    0x08006da4   0x00000068   Code   RO         1728    i.fillLed           ws2812.o
    0x08006e0c   0x0000001c   Code   RO         2286    i.fputc             usart.o
    0x08006e28   0x0000003c   Code   RO         1676    i.ledInit           led.o
    0x08006e64   0x00000054   Code   RO            5    i.main              main.o
    0x08006eb8   0x0000000c   Code   RO         1803    i.nvicInit          nvic.o
    0x08006ec4   0x00000098   Code   RO         5129    i.prvAddCurrentTaskToDelayedList  tasks.o
    0x08006f5c   0x000000b4   Code   RO         5130    i.prvAddNewTaskToReadyList  tasks.o
    0x08007010   0x00000064   Code   RO         5131    i.prvCheckTasksWaitingTermination  tasks.o
    0x08007074   0x0000002a   Code   RO         4964    i.prvCopyDataFromQueue  queue.o
    0x0800709e   0x0000007c   Code   RO         4965    i.prvCopyDataToQueue  queue.o
    0x0800711a   0x00000012   Code   RO         5132    i.prvDeleteTCB      tasks.o
    0x0800712c   0x0000007c   Code   RO         5467    i.prvHeapInit       heap_4.o
    0x080071a8   0x00000028   Code   RO         5133    i.prvIdleTask       tasks.o
    0x080071d0   0x00000026   Code   RO         4967    i.prvInitialiseNewQueue  queue.o
    0x080071f6   0x00000002   PAD
    0x080071f8   0x000000cc   Code   RO         5134    i.prvInitialiseNewTask  tasks.o
    0x080072c4   0x00000068   Code   RO         5135    i.prvInitialiseTaskLists  tasks.o
    0x0800732c   0x00000068   Code   RO         5468    i.prvInsertBlockIntoFreeList  heap_4.o
    0x08007394   0x0000001a   Code   RO         4968    i.prvIsQueueEmpty   queue.o
    0x080073ae   0x0000001e   Code   RO         4969    i.prvIsQueueFull    queue.o
    0x080073cc   0x00000034   Code   RO         5136    i.prvResetNextTaskUnblockTime  tasks.o
    0x08007400   0x00000074   Code   RO         5529    i.prvTaskExitError  port.o
    0x08007474   0x0000007e   Code   RO         4970    i.prvUnlockQueue    queue.o
    0x080074f2   0x00000002   PAD
    0x080074f4   0x00000154   Code   RO         5469    i.pvPortMalloc      heap_4.o
    0x08007648   0x00000020   Code   RO         5138    i.pvTaskIncrementMutexHeldCount  tasks.o
    0x08007668   0x0000002c   Code   RO         5530    i.pxPortInitialiseStack  port.o
    0x08007694   0x0000003e   Code   RO         5702    i.sqrtf             m_wm.l(sqrtf.o)
    0x080076d2   0x0000002a   Code   RO         1562    i.systemInit        system.o
    0x080076fc   0x00000064   Code   RO            6    i.systemtip         main.o
    0x08007760   0x000000ac   Code   RO         2287    i.uart_init         usart.o
    0x0800780c   0x00000028   Code   RO         4915    i.uxListRemove      list.o
    0x08007834   0x0000006c   Code   RO          637    i.vFlightControlTask  control_task.o
    0x080078a0   0x00000040   Code   RO          598    i.vFlightStatusTask  navigation_task.o
    0x080078e0   0x000000a8   Code   RO          558    i.vImuDataPreTreatTask  sensor_task.o
    0x08007988   0x00000048   Code   RO          516    i.vImuSensorReadTask  getsensor_task.o
    0x080079d0   0x0000001a   Code   RO         4916    i.vListInitialise   list.o
    0x080079ea   0x00000006   Code   RO         4917    i.vListInitialiseItem  list.o
    0x080079f0   0x00000034   Code   RO         4918    i.vListInsert       list.o
    0x08007a24   0x00000018   Code   RO         4919    i.vListInsertEnd    list.o
    0x08007a3c   0x0000008c   Code   RO          599    i.vNavigationTask   navigation_task.o
    0x08007ac8   0x00000038   Code   RO          559    i.vOtherSensorTask  sensor_task.o
    0x08007b00   0x00000088   Code   RO         5532    i.vPortEnterCritical  port.o
    0x08007b88   0x00000070   Code   RO         5533    i.vPortExitCritical  port.o
    0x08007bf8   0x000000b8   Code   RO         5470    i.vPortFree         heap_4.o
    0x08007cb0   0x00000020   Code   RO         5534    i.vPortSetupTimerInterrupt  port.o
    0x08007cd0   0x000000a0   Code   RO         5535    i.vPortValidateInterruptPriority  port.o
    0x08007d70   0x00000048   Code   RO          517    i.vSensorUpdateTask  getsensor_task.o
    0x08007db8   0x0000007c   Code   RO         5144    i.vTaskDelay        tasks.o
    0x08007e34   0x00000114   Code   RO         5146    i.vTaskDelete       tasks.o
    0x08007f48   0x0000000c   Code   RO         5148    i.vTaskMissedYield  tasks.o
    0x08007f54   0x0000005c   Code   RO         5150    i.vTaskPlaceOnEventList  tasks.o
    0x08007fb0   0x000000b0   Code   RO         5152    i.vTaskPriorityInherit  tasks.o
    0x08008060   0x00000054   Code   RO         5155    i.vTaskSetTimeOutState  tasks.o
    0x080080b4   0x000000ac   Code   RO         5156    i.vTaskStartScheduler  tasks.o
    0x08008160   0x00000010   Code   RO         5158    i.vTaskSuspendAll   tasks.o
    0x08008170   0x000000b0   Code   RO         5159    i.vTaskSwitchContext  tasks.o
    0x08008220   0x0000015c   Code   RO         5536    i.xPortStartScheduler  port.o
    0x0800837c   0x00000034   Code   RO         5537    i.xPortSysTickHandler  port.o
    0x080083b0   0x0000007c   Code   RO         4978    i.xQueueGenericCreate  queue.o
    0x0800842c   0x000001d0   Code   RO         4979    i.xQueueGenericReceive  queue.o
    0x080085fc   0x000000b8   Code   RO         4980    i.xQueueGenericReset  queue.o
    0x080086b4   0x000001ac   Code   RO         4981    i.xQueueGenericSend  queue.o
    0x08008860   0x000000f0   Code   RO         4983    i.xQueueGiveFromISR  queue.o
    0x08008950   0x000000a8   Code   RO         5160    i.xTaskCheckForTimeOut  tasks.o
    0x080089f8   0x00000060   Code   RO         5161    i.xTaskCreate       tasks.o
    0x08008a58   0x00000020   Code   RO         5165    i.xTaskGetSchedulerState  tasks.o
    0x08008a78   0x0000000c   Code   RO         5166    i.xTaskGetTickCount  tasks.o
    0x08008a84   0x00000168   Code   RO         5168    i.xTaskIncrementTick  tasks.o
    0x08008bec   0x000000e0   Code   RO         5171    i.xTaskPriorityDisinherit  tasks.o
    0x08008ccc   0x000000bc   Code   RO         5172    i.xTaskRemoveFromEventList  tasks.o
    0x08008d88   0x00000128   Code   RO         5174    i.xTaskResumeAll    tasks.o
    0x08008eb0   0x00000084   Data   RO          738    .constdata          motor.o
    0x08008f34   0x00000004   PAD
    0x08008f38   0x00000098   Data   RO         6005    .constdata          m_wm.l(atan.o)
    0x08008fd0   0x00000008   Data   RO         6056    .constdata          m_wm.l(qnan.o)
    0x08008fd8   0x0000020a   Data   RO          368    .conststring        parameter.o
    0x080091e2   0x00000002   PAD
    0x080091e4   0x00000091   Data   RO          804    .conststring        flightcontrol.o
    0x08009275   0x00000003   PAD
    0x08009278   0x00000020   Data   RO         6102    Region$$Table       anon$$obj.o


    Execution Region RW_IRAM1 (Base: 0x20000000, Size: 0x00009e90, Max: 0x00020000, ABSOLUTE, COMPRESSED[0x000000a0])

    Base Addr    Size         Type   Attr      Idx    E Section Name        Object

    0x20000000   0x00000008   Data   RW            7    .data               main.o
    0x20000008   0x00000014   Data   RW          322    .data               system_stm32f4xx.o
    0x2000001c   0x0000008e   Data   RW          369    .data               parameter.o
    0x200000aa   0x00000002   PAD
    0x200000ac   0x00000008   Data   RW          427    .data               flightstatus.o
    0x200000b4   0x0000000a   Data   RW          518    .data               getsensor_task.o
    0x200000be   0x00000002   PAD
    0x200000c0   0x0000000a   Data   RW          560    .data               sensor_task.o
    0x200000ca   0x00000002   PAD
    0x200000cc   0x00000008   Data   RW          600    .data               navigation_task.o
    0x200000d4   0x00000008   Data   RW          638    .data               control_task.o
    0x200000dc   0x00000014   Data   RW          679    .data               rc.o
    0x200000f0   0x00000001   Data   RW          739    .data               motor.o
    0x200000f1   0x00000007   PAD
    0x200000f8   0x00000008   Data   RW          805    .data               flightcontrol.o
    0x20000100   0x00000008   Data   RW          889    .data               usercontrol.o
    0x20000108   0x0000001a   Data   RW          927    .data               accelerometer.o
    0x20000122   0x00000002   PAD
    0x20000124   0x00000024   Data   RW         1347    .data               mahony.o
    0x20000148   0x00000012   Data   RW         1635    .data               cppm.o
    0x2000015a   0x00000002   PAD
    0x2000015c   0x00000010   Data   RW         1735    .data               ws2812.o
    0x2000016c   0x00000004   Data   RW         1804    .data               nvic.o
    0x20000170   0x00000006   Data   RW         1940    .data               mpu9250.o
    0x20000176   0x00000002   PAD
    0x20000178   0x00000006   Data   RW         2207    .data               delay.o
    0x2000017e   0x00000002   PAD
    0x20000180   0x00000006   Data   RW         2289    .data               usart.o
    0x20000186   0x00000010   Data   RW         3399    .data               stm32f4xx_rcc.o
    0x20000196   0x00000002   PAD
    0x20000198   0x0000003c   Data   RW         5177    .data               tasks.o
    0x200001d4   0x00000018   Data   RW         5475    .data               heap_4.o
    0x200001ec   0x0000000c   Data   RW         5538    .data               port.o
    0x200001f8   0x00000004   Data   RW         6085    .data               mc_w.l(errno.o)
    0x200001fc   0x00000094   Zero   RW          367    .bss                parameter.o
    0x20000290   0x00000018   Zero   RW          426    .bss                flightstatus.o
    0x200002a8   0x00000014   Zero   RW          473    .bss                messagequeue.o
    0x200002bc   0x00000020   Zero   RW          737    .bss                motor.o
    0x200002dc   0x00000134   Zero   RW          803    .bss                flightcontrol.o
    0x20000410   0x000000e8   Zero   RW          925    .bss                accelerometer.o
    0x200004f8   0x00000064   Zero   RW         1005    .bss                gyroscope.o
    0x2000055c   0x00000090   Zero   RW         1057    .bss                magnetometer.o
    0x200005ec   0x0000000c   Zero   RW         1346    .bss                mahony.o
    0x200005f8   0x0000000a   Zero   RW         1634    .bss                cppm.o
    0x20000602   0x00000002   PAD
    0x20000604   0x000000c0   Zero   RW         1734    .bss                ws2812.o
    0x200006c4   0x00000020   Zero   RW         2044    .bss                bmp280.o
    0x200006e4   0x000000c8   Zero   RW         2288    .bss                usart.o
    0x200007ac   0x000002e4   Zero   RW         5176    .bss                tasks.o
    0x20000a90   0x00009000   Zero   RW         5474    .bss                heap_4.o
    0x20009a90   0x00000400   Zero   RW         2334    STACK               startup_stm32f40_41xxx.o


==============================================================================

Image component sizes


      Code (inc. data)   RO Data    RW Data    ZI Data      Debug   Object Name

      1706        152          0         26        232       9906   accelerometer.o
        60          6          0          0          0        537   beeper.o
       672         30          0          0         32       4112   bmp280.o
       160         34          0          8          0       1661   control_task.o
       436         50          0         18         10       3026   cppm.o
       292         20          0          6          0       3057   delay.o
         0          0          0          0          0       7884   event_groups.o
       350         44          0          0          0       3046   flash.o
      2698        414        145          8        308      10608   flightcontrol.o
       480         50          0          8         24       4572   flightstatus.o
       240         58          0         10          0       2316   getsensor_task.o
       766         76          0          0        100       3239   gyroscope.o
       752        176          0         24      36864       3891   heap_4.o
        60          6          0          0          0        526   led.o
       148          0          0          0          0       3242   list.o
       340          6          0          0          0       1687   lowpassfilter.o
      1198        176          0          0        144       4308   magnetometer.o
      3444        162          0         36         12       4962   mahony.o
       308        120          0          8          0     339663   main.o
       220          0          0          0          0       3679   mathtool.o
        80          6          0          0         20       1024   messagequeue.o
       180         24          0          0          0       2257   misc.o
       436         76        132          1         32       2047   motor.o
      1136         26          0          6          0       8128   mpu9250.o
       296         54          0          8          0       2311   navigation_task.o
        46          4          0          4          0       1615   nvic.o
       364         96        522        142        148       4007   parameter.o
       374         18          0          0          0       3617   pid.o
      1182        396          0         12          0      10773   port.o
       372         18          0          0          0       2235   pwm.o
      1826        236          0          0          0      10606   queue.o
       530         34          0         20          0       4193   rc.o
       316         52          0         10          0       2429   sensor_task.o
       572         36          0          0          0       5603   soft_iic_gpio.o
        36          8        392          0       1024        936   startup_stm32f40_41xxx.o
       194         32          0          0          0       3957   stm32f4xx_dma.o
       434         46          0          0          0       5374   stm32f4xx_flash.o
       248          0          0          0          0       4357   stm32f4xx_gpio.o
       296         30          0         16          0       4262   stm32f4xx_rcc.o
      1388         66          0          0          0      16904   stm32f4xx_tim.o
       404          8          0          0          0       4474   stm32f4xx_usart.o
        62          0          0          0          0        989   system.o
       340         32          0         20          0       1841   system_stm32f4xx.o
      3386        934          0         60        740      28641   tasks.o
       336         26          0          6        200       3787   usart.o
       156          8          0          8          0       1502   usercontrol.o
       336         32          0         16        192       2014   ws2812.o

    ----------------------------------------------------------------------
     29692       3878       1232        504      40084     555805   Object Totals
         0          0         32          0          0          0   (incl. Generated)
        36          0          9         23          2          0   (incl. Padding)

    ----------------------------------------------------------------------

      Code (inc. data)   RO Data    RW Data    ZI Data      Debug   Library Member Name

       300         42          0          0          0        176   asinf.o
       744        106        152          0          0        352   atan.o
       496         64          0          0          0        192   atan2.o
        72          8          0          0          0        372   dunder.o
        24          0          0          0          0        124   fabs.o
        48          0          0          0          0        124   fpclassify.o
        38          0          0          0          0        116   fpclassifyf.o
        38         12          0          0          0        348   funder.o
       248          0          0          0          0        152   poly.o
         0          0          8          0          0          0   qnan.o
       122          0          0          0          0        148   sqrt.o
       120          0          0          0          0        272   sqrtf.o
        86          0          0          0          0          0   __dczerorl2.o
         0          0          0          0          0          0   entry.o
         0          0          0          0          0          0   entry10a.o
         0          0          0          0          0          0   entry11a.o
         8          4          0          0          0          0   entry2.o
         4          0          0          0          0          0   entry5.o
         0          0          0          0          0          0   entry7b.o
         0          0          0          0          0          0   entry8b.o
         8          4          0          0          0          0   entry9a.o
        12          6          0          4          0         68   errno.o
        30          0          0          0          0          0   handlers.o
        36          8          0          0          0         68   init.o
         0          0          0          0          0          0   iusefp.o
        30          0          0          0          0         68   llshl.o
        36          0          0          0          0         68   llsshr.o
        32          0          0          0          0         68   llushr.o
        36          0          0          0          0         68   memcpya.o
        36          0          0          0          0        108   memseta.o
      2226         90          0          0          0        444   printfa.o
        44          0          0          0          0         80   uidiv.o
        98          0          0          0          0         92   uldiv.o
        48          0          0          0          0         68   cdrcmple.o
        56          0          0          0          0         88   d2f.o
       334          0          0          0          0        148   dadd.o
       222          0          0          0          0        100   ddiv.o
       186          0          0          0          0        176   depilogue.o
        48          0          0          0          0         68   dfixul.o
        24          0          0          0          0         76   dfltul.o
       228          0          0          0          0         96   dmul.o
       162          0          0          0          0        100   dsqrt.o
        38          0          0          0          0         68   f2d.o
       110          0          0          0          0        168   fepilogue.o

    ----------------------------------------------------------------------
      6444        344        160          4          0       4664   Library Totals
        16          0          0          0          0          0   (incl. Padding)

    ----------------------------------------------------------------------

      Code (inc. data)   RO Data    RW Data    ZI Data      Debug   Library Name

      2250        232        160          0          0       2376   m_wm.l
      2722        112          0          4          0       1132   mc_w.l
      1456          0          0          0          0       1156   mf_w.l

    ----------------------------------------------------------------------
      6444        344        160          4          0       4664   Library Totals

    ----------------------------------------------------------------------

==============================================================================


      Code (inc. data)   RO Data    RW Data    ZI Data      Debug   

     36136       4222       1392        508      40084     535409   Grand Totals
     36136       4222       1392        160      40084     535409   ELF Image Totals (compressed)
     36136       4222       1392        160          0          0   ROM Totals

==============================================================================

    Total RO  Size (Code + RO Data)                37528 (  36.65kB)
    Total RW  Size (RW Data + ZI Data)             40592 (  39.64kB)
    Total ROM Size (Code + RO Data + RW Data)      37688 (  36.80kB)

==============================================================================

