<!doctype html public "-//w3c//dtd html 4.0 transitional//en">
<html><head>
<title>Static Call Graph - [.\Objects\FLY.axf]</title></head>
<body><HR>
<H1>Static Call Graph for image .\Objects\FLY.axf</H1><HR>
<BR><P>#&#060CALLGRAPH&#062# ARM Linker, 5050106: Last Updated: Tue Apr 06 01:54:52 2021
<BR><P>
<H3>Maximum Stack Usage =        568 bytes + Unknown(Cycles, Untraceable Function Pointers)</H3><H3>
Call chain for Maximum Stack Depth:</H3>
vNavigationTask &rArr; MahonyAHRSupdate &rArr; MahonyAHRSupdateIMU &rArr; __hardfp_atan2 &rArr; atan &rArr; __hardfp_atan &rArr; __kernel_poly &rArr; __aeabi_dadd &rArr; _double_epilogue &rArr; _double_round
<P>
<H3>
Mutually Recursive functions
</H3> <LI><a href="#[3]">HardFault_Handler</a>&nbsp;&nbsp;&nbsp;&rArr;&nbsp;&nbsp;&nbsp;<a href="#[3]">HardFault_Handler</a><BR>
 <LI><a href="#[4]">MemManage_Handler</a>&nbsp;&nbsp;&nbsp;&rArr;&nbsp;&nbsp;&nbsp;<a href="#[4]">MemManage_Handler</a><BR>
 <LI><a href="#[5]">BusFault_Handler</a>&nbsp;&nbsp;&nbsp;&rArr;&nbsp;&nbsp;&nbsp;<a href="#[5]">BusFault_Handler</a><BR>
 <LI><a href="#[6]">UsageFault_Handler</a>&nbsp;&nbsp;&nbsp;&rArr;&nbsp;&nbsp;&nbsp;<a href="#[6]">UsageFault_Handler</a><BR>
 <LI><a href="#[8]">DebugMon_Handler</a>&nbsp;&nbsp;&nbsp;&rArr;&nbsp;&nbsp;&nbsp;<a href="#[8]">DebugMon_Handler</a><BR>
 <LI><a href="#[1d]">ADC_IRQHandler</a>&nbsp;&nbsp;&nbsp;&rArr;&nbsp;&nbsp;&nbsp;<a href="#[1d]">ADC_IRQHandler</a><BR>
</UL>
<P>
<H3>
Function Pointers
</H3><UL>
 <LI><a href="#[1d]">ADC_IRQHandler</a> from startup_stm32f40_41xxx.o(.text) referenced from startup_stm32f40_41xxx.o(RESET)
 <LI><a href="#[69]">AppTaskCreate</a> from main.o(i.AppTaskCreate) referenced from main.o(i.main)
 <LI><a href="#[5]">BusFault_Handler</a> from startup_stm32f40_41xxx.o(.text) referenced from startup_stm32f40_41xxx.o(RESET)
 <LI><a href="#[1f]">CAN1_RX0_IRQHandler</a> from startup_stm32f40_41xxx.o(.text) referenced from startup_stm32f40_41xxx.o(RESET)
 <LI><a href="#[20]">CAN1_RX1_IRQHandler</a> from startup_stm32f40_41xxx.o(.text) referenced from startup_stm32f40_41xxx.o(RESET)
 <LI><a href="#[21]">CAN1_SCE_IRQHandler</a> from startup_stm32f40_41xxx.o(.text) referenced from startup_stm32f40_41xxx.o(RESET)
 <LI><a href="#[1e]">CAN1_TX_IRQHandler</a> from startup_stm32f40_41xxx.o(.text) referenced from startup_stm32f40_41xxx.o(RESET)
 <LI><a href="#[4b]">CAN2_RX0_IRQHandler</a> from startup_stm32f40_41xxx.o(.text) referenced from startup_stm32f40_41xxx.o(RESET)
 <LI><a href="#[4c]">CAN2_RX1_IRQHandler</a> from startup_stm32f40_41xxx.o(.text) referenced from startup_stm32f40_41xxx.o(RESET)
 <LI><a href="#[4d]">CAN2_SCE_IRQHandler</a> from startup_stm32f40_41xxx.o(.text) referenced from startup_stm32f40_41xxx.o(RESET)
 <LI><a href="#[4a]">CAN2_TX_IRQHandler</a> from startup_stm32f40_41xxx.o(.text) referenced from startup_stm32f40_41xxx.o(RESET)
 <LI><a href="#[5a]">CRYP_IRQHandler</a> from startup_stm32f40_41xxx.o(.text) referenced from startup_stm32f40_41xxx.o(RESET)
 <LI><a href="#[59]">DCMI_IRQHandler</a> from startup_stm32f40_41xxx.o(.text) referenced from startup_stm32f40_41xxx.o(RESET)
 <LI><a href="#[16]">DMA1_Stream0_IRQHandler</a> from startup_stm32f40_41xxx.o(.text) referenced from startup_stm32f40_41xxx.o(RESET)
 <LI><a href="#[17]">DMA1_Stream1_IRQHandler</a> from startup_stm32f40_41xxx.o(.text) referenced from startup_stm32f40_41xxx.o(RESET)
 <LI><a href="#[18]">DMA1_Stream2_IRQHandler</a> from startup_stm32f40_41xxx.o(.text) referenced from startup_stm32f40_41xxx.o(RESET)
 <LI><a href="#[19]">DMA1_Stream3_IRQHandler</a> from startup_stm32f40_41xxx.o(.text) referenced from startup_stm32f40_41xxx.o(RESET)
 <LI><a href="#[1a]">DMA1_Stream4_IRQHandler</a> from startup_stm32f40_41xxx.o(.text) referenced from startup_stm32f40_41xxx.o(RESET)
 <LI><a href="#[1b]">DMA1_Stream5_IRQHandler</a> from ws2812.o(i.DMA1_Stream5_IRQHandler) referenced from startup_stm32f40_41xxx.o(RESET)
 <LI><a href="#[1c]">DMA1_Stream6_IRQHandler</a> from startup_stm32f40_41xxx.o(.text) referenced from startup_stm32f40_41xxx.o(RESET)
 <LI><a href="#[3a]">DMA1_Stream7_IRQHandler</a> from startup_stm32f40_41xxx.o(.text) referenced from startup_stm32f40_41xxx.o(RESET)
 <LI><a href="#[43]">DMA2_Stream0_IRQHandler</a> from startup_stm32f40_41xxx.o(.text) referenced from startup_stm32f40_41xxx.o(RESET)
 <LI><a href="#[44]">DMA2_Stream1_IRQHandler</a> from startup_stm32f40_41xxx.o(.text) referenced from startup_stm32f40_41xxx.o(RESET)
 <LI><a href="#[45]">DMA2_Stream2_IRQHandler</a> from startup_stm32f40_41xxx.o(.text) referenced from startup_stm32f40_41xxx.o(RESET)
 <LI><a href="#[46]">DMA2_Stream3_IRQHandler</a> from startup_stm32f40_41xxx.o(.text) referenced from startup_stm32f40_41xxx.o(RESET)
 <LI><a href="#[47]">DMA2_Stream4_IRQHandler</a> from startup_stm32f40_41xxx.o(.text) referenced from startup_stm32f40_41xxx.o(RESET)
 <LI><a href="#[4f]">DMA2_Stream5_IRQHandler</a> from startup_stm32f40_41xxx.o(.text) referenced from startup_stm32f40_41xxx.o(RESET)
 <LI><a href="#[50]">DMA2_Stream6_IRQHandler</a> from startup_stm32f40_41xxx.o(.text) referenced from startup_stm32f40_41xxx.o(RESET)
 <LI><a href="#[51]">DMA2_Stream7_IRQHandler</a> from startup_stm32f40_41xxx.o(.text) referenced from startup_stm32f40_41xxx.o(RESET)
 <LI><a href="#[8]">DebugMon_Handler</a> from startup_stm32f40_41xxx.o(.text) referenced from startup_stm32f40_41xxx.o(RESET)
 <LI><a href="#[48]">ETH_IRQHandler</a> from startup_stm32f40_41xxx.o(.text) referenced from startup_stm32f40_41xxx.o(RESET)
 <LI><a href="#[49]">ETH_WKUP_IRQHandler</a> from startup_stm32f40_41xxx.o(.text) referenced from startup_stm32f40_41xxx.o(RESET)
 <LI><a href="#[11]">EXTI0_IRQHandler</a> from startup_stm32f40_41xxx.o(.text) referenced from startup_stm32f40_41xxx.o(RESET)
 <LI><a href="#[33]">EXTI15_10_IRQHandler</a> from startup_stm32f40_41xxx.o(.text) referenced from startup_stm32f40_41xxx.o(RESET)
 <LI><a href="#[12]">EXTI1_IRQHandler</a> from startup_stm32f40_41xxx.o(.text) referenced from startup_stm32f40_41xxx.o(RESET)
 <LI><a href="#[13]">EXTI2_IRQHandler</a> from startup_stm32f40_41xxx.o(.text) referenced from startup_stm32f40_41xxx.o(RESET)
 <LI><a href="#[14]">EXTI3_IRQHandler</a> from startup_stm32f40_41xxx.o(.text) referenced from startup_stm32f40_41xxx.o(RESET)
 <LI><a href="#[15]">EXTI4_IRQHandler</a> from startup_stm32f40_41xxx.o(.text) referenced from startup_stm32f40_41xxx.o(RESET)
 <LI><a href="#[22]">EXTI9_5_IRQHandler</a> from startup_stm32f40_41xxx.o(.text) referenced from startup_stm32f40_41xxx.o(RESET)
 <LI><a href="#[f]">FLASH_IRQHandler</a> from startup_stm32f40_41xxx.o(.text) referenced from startup_stm32f40_41xxx.o(RESET)
 <LI><a href="#[5c]">FPU_IRQHandler</a> from startup_stm32f40_41xxx.o(.text) referenced from startup_stm32f40_41xxx.o(RESET)
 <LI><a href="#[3b]">FSMC_IRQHandler</a> from startup_stm32f40_41xxx.o(.text) referenced from startup_stm32f40_41xxx.o(RESET)
 <LI><a href="#[5b]">HASH_RNG_IRQHandler</a> from startup_stm32f40_41xxx.o(.text) referenced from startup_stm32f40_41xxx.o(RESET)
 <LI><a href="#[3]">HardFault_Handler</a> from startup_stm32f40_41xxx.o(.text) referenced from startup_stm32f40_41xxx.o(RESET)
 <LI><a href="#[2b]">I2C1_ER_IRQHandler</a> from startup_stm32f40_41xxx.o(.text) referenced from startup_stm32f40_41xxx.o(RESET)
 <LI><a href="#[2a]">I2C1_EV_IRQHandler</a> from startup_stm32f40_41xxx.o(.text) referenced from startup_stm32f40_41xxx.o(RESET)
 <LI><a href="#[2d]">I2C2_ER_IRQHandler</a> from startup_stm32f40_41xxx.o(.text) referenced from startup_stm32f40_41xxx.o(RESET)
 <LI><a href="#[2c]">I2C2_EV_IRQHandler</a> from startup_stm32f40_41xxx.o(.text) referenced from startup_stm32f40_41xxx.o(RESET)
 <LI><a href="#[54]">I2C3_ER_IRQHandler</a> from startup_stm32f40_41xxx.o(.text) referenced from startup_stm32f40_41xxx.o(RESET)
 <LI><a href="#[53]">I2C3_EV_IRQHandler</a> from startup_stm32f40_41xxx.o(.text) referenced from startup_stm32f40_41xxx.o(RESET)
 <LI><a href="#[4]">MemManage_Handler</a> from startup_stm32f40_41xxx.o(.text) referenced from startup_stm32f40_41xxx.o(RESET)
 <LI><a href="#[2]">NMI_Handler</a> from nvic.o(i.NMI_Handler) referenced from startup_stm32f40_41xxx.o(RESET)
 <LI><a href="#[4e]">OTG_FS_IRQHandler</a> from startup_stm32f40_41xxx.o(.text) referenced from startup_stm32f40_41xxx.o(RESET)
 <LI><a href="#[35]">OTG_FS_WKUP_IRQHandler</a> from startup_stm32f40_41xxx.o(.text) referenced from startup_stm32f40_41xxx.o(RESET)
 <LI><a href="#[56]">OTG_HS_EP1_IN_IRQHandler</a> from startup_stm32f40_41xxx.o(.text) referenced from startup_stm32f40_41xxx.o(RESET)
 <LI><a href="#[55]">OTG_HS_EP1_OUT_IRQHandler</a> from startup_stm32f40_41xxx.o(.text) referenced from startup_stm32f40_41xxx.o(RESET)
 <LI><a href="#[58]">OTG_HS_IRQHandler</a> from startup_stm32f40_41xxx.o(.text) referenced from startup_stm32f40_41xxx.o(RESET)
 <LI><a href="#[57]">OTG_HS_WKUP_IRQHandler</a> from startup_stm32f40_41xxx.o(.text) referenced from startup_stm32f40_41xxx.o(RESET)
 <LI><a href="#[c]">PVD_IRQHandler</a> from startup_stm32f40_41xxx.o(.text) referenced from startup_stm32f40_41xxx.o(RESET)
 <LI><a href="#[9]">PendSV_Handler</a> from port.o(.emb_text) referenced from startup_stm32f40_41xxx.o(RESET)
 <LI><a href="#[10]">RCC_IRQHandler</a> from startup_stm32f40_41xxx.o(.text) referenced from startup_stm32f40_41xxx.o(RESET)
 <LI><a href="#[34]">RTC_Alarm_IRQHandler</a> from startup_stm32f40_41xxx.o(.text) referenced from startup_stm32f40_41xxx.o(RESET)
 <LI><a href="#[e]">RTC_WKUP_IRQHandler</a> from startup_stm32f40_41xxx.o(.text) referenced from startup_stm32f40_41xxx.o(RESET)
 <LI><a href="#[1]">Reset_Handler</a> from startup_stm32f40_41xxx.o(.text) referenced from startup_stm32f40_41xxx.o(RESET)
 <LI><a href="#[3c]">SDIO_IRQHandler</a> from startup_stm32f40_41xxx.o(.text) referenced from startup_stm32f40_41xxx.o(RESET)
 <LI><a href="#[2e]">SPI1_IRQHandler</a> from startup_stm32f40_41xxx.o(.text) referenced from startup_stm32f40_41xxx.o(RESET)
 <LI><a href="#[2f]">SPI2_IRQHandler</a> from startup_stm32f40_41xxx.o(.text) referenced from startup_stm32f40_41xxx.o(RESET)
 <LI><a href="#[3e]">SPI3_IRQHandler</a> from startup_stm32f40_41xxx.o(.text) referenced from startup_stm32f40_41xxx.o(RESET)
 <LI><a href="#[7]">SVC_Handler</a> from port.o(.emb_text) referenced from startup_stm32f40_41xxx.o(RESET)
 <LI><a href="#[a]">SysTick_Handler</a> from nvic.o(i.SysTick_Handler) referenced from startup_stm32f40_41xxx.o(RESET)
 <LI><a href="#[5e]">SystemInit</a> from system_stm32f4xx.o(i.SystemInit) referenced from startup_stm32f40_41xxx.o(.text)
 <LI><a href="#[d]">TAMP_STAMP_IRQHandler</a> from startup_stm32f40_41xxx.o(.text) referenced from startup_stm32f40_41xxx.o(RESET)
 <LI><a href="#[23]">TIM1_BRK_TIM9_IRQHandler</a> from startup_stm32f40_41xxx.o(.text) referenced from startup_stm32f40_41xxx.o(RESET)
 <LI><a href="#[26]">TIM1_CC_IRQHandler</a> from startup_stm32f40_41xxx.o(.text) referenced from startup_stm32f40_41xxx.o(RESET)
 <LI><a href="#[25]">TIM1_TRG_COM_TIM11_IRQHandler</a> from startup_stm32f40_41xxx.o(.text) referenced from startup_stm32f40_41xxx.o(RESET)
 <LI><a href="#[24]">TIM1_UP_TIM10_IRQHandler</a> from startup_stm32f40_41xxx.o(.text) referenced from startup_stm32f40_41xxx.o(RESET)
 <LI><a href="#[27]">TIM2_IRQHandler</a> from startup_stm32f40_41xxx.o(.text) referenced from startup_stm32f40_41xxx.o(RESET)
 <LI><a href="#[28]">TIM3_IRQHandler</a> from startup_stm32f40_41xxx.o(.text) referenced from startup_stm32f40_41xxx.o(RESET)
 <LI><a href="#[29]">TIM4_IRQHandler</a> from startup_stm32f40_41xxx.o(.text) referenced from startup_stm32f40_41xxx.o(RESET)
 <LI><a href="#[3d]">TIM5_IRQHandler</a> from cppm.o(i.TIM5_IRQHandler) referenced from startup_stm32f40_41xxx.o(RESET)
 <LI><a href="#[41]">TIM6_DAC_IRQHandler</a> from startup_stm32f40_41xxx.o(.text) referenced from startup_stm32f40_41xxx.o(RESET)
 <LI><a href="#[42]">TIM7_IRQHandler</a> from startup_stm32f40_41xxx.o(.text) referenced from startup_stm32f40_41xxx.o(RESET)
 <LI><a href="#[36]">TIM8_BRK_TIM12_IRQHandler</a> from startup_stm32f40_41xxx.o(.text) referenced from startup_stm32f40_41xxx.o(RESET)
 <LI><a href="#[39]">TIM8_CC_IRQHandler</a> from startup_stm32f40_41xxx.o(.text) referenced from startup_stm32f40_41xxx.o(RESET)
 <LI><a href="#[38]">TIM8_TRG_COM_TIM14_IRQHandler</a> from startup_stm32f40_41xxx.o(.text) referenced from startup_stm32f40_41xxx.o(RESET)
 <LI><a href="#[37]">TIM8_UP_TIM13_IRQHandler</a> from startup_stm32f40_41xxx.o(.text) referenced from startup_stm32f40_41xxx.o(RESET)
 <LI><a href="#[3f]">UART4_IRQHandler</a> from usart.o(i.UART4_IRQHandler) referenced from startup_stm32f40_41xxx.o(RESET)
 <LI><a href="#[40]">UART5_IRQHandler</a> from startup_stm32f40_41xxx.o(.text) referenced from startup_stm32f40_41xxx.o(RESET)
 <LI><a href="#[30]">USART1_IRQHandler</a> from startup_stm32f40_41xxx.o(.text) referenced from startup_stm32f40_41xxx.o(RESET)
 <LI><a href="#[31]">USART2_IRQHandler</a> from startup_stm32f40_41xxx.o(.text) referenced from startup_stm32f40_41xxx.o(RESET)
 <LI><a href="#[32]">USART3_IRQHandler</a> from startup_stm32f40_41xxx.o(.text) referenced from startup_stm32f40_41xxx.o(RESET)
 <LI><a href="#[52]">USART6_IRQHandler</a> from startup_stm32f40_41xxx.o(.text) referenced from startup_stm32f40_41xxx.o(RESET)
 <LI><a href="#[6]">UsageFault_Handler</a> from startup_stm32f40_41xxx.o(.text) referenced from startup_stm32f40_41xxx.o(RESET)
 <LI><a href="#[b]">WWDG_IRQHandler</a> from startup_stm32f40_41xxx.o(.text) referenced from startup_stm32f40_41xxx.o(RESET)
 <LI><a href="#[5f]">__main</a> from entry.o(.ARM.Collect$$$$00000000) referenced from startup_stm32f40_41xxx.o(.text)
 <LI><a href="#[68]">fputc</a> from usart.o(i.fputc) referenced from printfa.o(i.__0printf)
 <LI><a href="#[5d]">main</a> from main.o(i.main) referenced from entry9a.o(.ARM.Collect$$$$0000000B)
 <LI><a href="#[6b]">prvIdleTask</a> from tasks.o(i.prvIdleTask) referenced from tasks.o(i.vTaskStartScheduler)
 <LI><a href="#[6a]">prvTaskExitError</a> from port.o(i.prvTaskExitError) referenced from port.o(i.pxPortInitialiseStack)
 <LI><a href="#[60]">systemtip</a> from main.o(i.systemtip) referenced from main.o(i.AppTaskCreate)
 <LI><a href="#[61]">vFlightControlTask</a> from control_task.o(i.vFlightControlTask) referenced from control_task.o(i.ControlTaskCreate)
 <LI><a href="#[65]">vFlightStatusTask</a> from navigation_task.o(i.vFlightStatusTask) referenced from navigation_task.o(i.NavigationTaskCreate)
 <LI><a href="#[66]">vImuDataPreTreatTask</a> from sensor_task.o(i.vImuDataPreTreatTask) referenced from sensor_task.o(i.SensorTaskCreate)
 <LI><a href="#[62]">vImuSensorReadTask</a> from getsensor_task.o(i.vImuSensorReadTask) referenced from getsensor_task.o(i.GetSensorTaskCreate)
 <LI><a href="#[64]">vNavigationTask</a> from navigation_task.o(i.vNavigationTask) referenced from navigation_task.o(i.NavigationTaskCreate)
 <LI><a href="#[67]">vOtherSensorTask</a> from sensor_task.o(i.vOtherSensorTask) referenced from sensor_task.o(i.SensorTaskCreate)
 <LI><a href="#[63]">vSensorUpdateTask</a> from getsensor_task.o(i.vSensorUpdateTask) referenced from getsensor_task.o(i.GetSensorTaskCreate)
</UL>
<P>
<H3>
Global Symbols
</H3>
<P><STRONG><a name="[5f]"></a>__main</STRONG> (Thumb, 0 bytes, Stack size unknown bytes, entry.o(.ARM.Collect$$$$00000000))
<BR>[Address Reference Count : 1]<UL><LI> startup_stm32f40_41xxx.o(.text)
</UL>
<P><STRONG><a name="[17e]"></a>_main_stk</STRONG> (Thumb, 0 bytes, Stack size unknown bytes, entry2.o(.ARM.Collect$$$$00000001))

<P><STRONG><a name="[6c]"></a>_main_scatterload</STRONG> (Thumb, 0 bytes, Stack size unknown bytes, entry5.o(.ARM.Collect$$$$00000004))
<BR><BR>[Calls]<UL><LI><a href="#[6d]">&gt;&gt;</a>&nbsp;&nbsp;&nbsp;__scatterload
</UL>

<P><STRONG><a name="[82]"></a>__main_after_scatterload</STRONG> (Thumb, 0 bytes, Stack size unknown bytes, entry5.o(.ARM.Collect$$$$00000004))
<BR><BR>[Called By]<UL><LI><a href="#[6d]">&gt;&gt;</a>&nbsp;&nbsp;&nbsp;__scatterload
</UL>

<P><STRONG><a name="[17f]"></a>_main_clock</STRONG> (Thumb, 0 bytes, Stack size unknown bytes, entry7b.o(.ARM.Collect$$$$00000008))

<P><STRONG><a name="[180]"></a>_main_cpp_init</STRONG> (Thumb, 0 bytes, Stack size unknown bytes, entry8b.o(.ARM.Collect$$$$0000000A))

<P><STRONG><a name="[181]"></a>_main_init</STRONG> (Thumb, 0 bytes, Stack size unknown bytes, entry9a.o(.ARM.Collect$$$$0000000B))

<P><STRONG><a name="[182]"></a>__rt_final_cpp</STRONG> (Thumb, 0 bytes, Stack size unknown bytes, entry10a.o(.ARM.Collect$$$$0000000D))

<P><STRONG><a name="[183]"></a>__rt_final_exit</STRONG> (Thumb, 0 bytes, Stack size unknown bytes, entry11a.o(.ARM.Collect$$$$0000000F))

<P><STRONG><a name="[7]"></a>SVC_Handler</STRONG> (Thumb, 28 bytes, Stack size 0 bytes, port.o(.emb_text))
<BR>[Address Reference Count : 1]<UL><LI> startup_stm32f40_41xxx.o(RESET)
</UL>
<P><STRONG><a name="[17a]"></a>__asm___6_port_c_39a90d8d__prvStartFirstTask</STRONG> (Thumb, 28 bytes, Stack size 0 bytes, port.o(.emb_text))
<BR><BR>[Called By]<UL><LI><a href="#[177]">&gt;&gt;</a>&nbsp;&nbsp;&nbsp;xPortStartScheduler
</UL>

<P><STRONG><a name="[179]"></a>__asm___6_port_c_39a90d8d__prvEnableVFP</STRONG> (Thumb, 16 bytes, Stack size 0 bytes, port.o(.emb_text))
<BR><BR>[Called By]<UL><LI><a href="#[177]">&gt;&gt;</a>&nbsp;&nbsp;&nbsp;xPortStartScheduler
</UL>

<P><STRONG><a name="[9]"></a>PendSV_Handler</STRONG> (Thumb, 88 bytes, Stack size 0 bytes, port.o(.emb_text))
<BR><BR>[Stack]<UL><LI>Max Depth = 32<LI>Call Chain = PendSV_Handler &rArr; vTaskSwitchContext &rArr; __2printf
</UL>
<BR>[Calls]<UL><LI><a href="#[6e]">&gt;&gt;</a>&nbsp;&nbsp;&nbsp;vTaskSwitchContext
</UL>
<BR>[Address Reference Count : 1]<UL><LI> startup_stm32f40_41xxx.o(RESET)
</UL>
<P><STRONG><a name="[172]"></a>vPortGetIPSR</STRONG> (Thumb, 6 bytes, Stack size 0 bytes, port.o(.emb_text))
<BR><BR>[Called By]<UL><LI><a href="#[171]">&gt;&gt;</a>&nbsp;&nbsp;&nbsp;vPortValidateInterruptPriority
</UL>

<P><STRONG><a name="[1]"></a>Reset_Handler</STRONG> (Thumb, 8 bytes, Stack size 0 bytes, startup_stm32f40_41xxx.o(.text))
<BR>[Address Reference Count : 1]<UL><LI> startup_stm32f40_41xxx.o(RESET)
</UL>
<P><STRONG><a name="[3]"></a>HardFault_Handler</STRONG> (Thumb, 2 bytes, Stack size 0 bytes, startup_stm32f40_41xxx.o(.text))
<BR><BR>[Calls]<UL><LI><a href="#[3]">&gt;&gt;</a>&nbsp;&nbsp;&nbsp;HardFault_Handler
</UL>
<BR>[Called By]<UL><LI><a href="#[3]">&gt;&gt;</a>&nbsp;&nbsp;&nbsp;HardFault_Handler
</UL>
<BR>[Address Reference Count : 1]<UL><LI> startup_stm32f40_41xxx.o(RESET)
</UL>
<P><STRONG><a name="[4]"></a>MemManage_Handler</STRONG> (Thumb, 2 bytes, Stack size 0 bytes, startup_stm32f40_41xxx.o(.text))
<BR><BR>[Calls]<UL><LI><a href="#[4]">&gt;&gt;</a>&nbsp;&nbsp;&nbsp;MemManage_Handler
</UL>
<BR>[Called By]<UL><LI><a href="#[4]">&gt;&gt;</a>&nbsp;&nbsp;&nbsp;MemManage_Handler
</UL>
<BR>[Address Reference Count : 1]<UL><LI> startup_stm32f40_41xxx.o(RESET)
</UL>
<P><STRONG><a name="[5]"></a>BusFault_Handler</STRONG> (Thumb, 2 bytes, Stack size 0 bytes, startup_stm32f40_41xxx.o(.text))
<BR><BR>[Calls]<UL><LI><a href="#[5]">&gt;&gt;</a>&nbsp;&nbsp;&nbsp;BusFault_Handler
</UL>
<BR>[Called By]<UL><LI><a href="#[5]">&gt;&gt;</a>&nbsp;&nbsp;&nbsp;BusFault_Handler
</UL>
<BR>[Address Reference Count : 1]<UL><LI> startup_stm32f40_41xxx.o(RESET)
</UL>
<P><STRONG><a name="[6]"></a>UsageFault_Handler</STRONG> (Thumb, 2 bytes, Stack size 0 bytes, startup_stm32f40_41xxx.o(.text))
<BR><BR>[Calls]<UL><LI><a href="#[6]">&gt;&gt;</a>&nbsp;&nbsp;&nbsp;UsageFault_Handler
</UL>
<BR>[Called By]<UL><LI><a href="#[6]">&gt;&gt;</a>&nbsp;&nbsp;&nbsp;UsageFault_Handler
</UL>
<BR>[Address Reference Count : 1]<UL><LI> startup_stm32f40_41xxx.o(RESET)
</UL>
<P><STRONG><a name="[8]"></a>DebugMon_Handler</STRONG> (Thumb, 2 bytes, Stack size 0 bytes, startup_stm32f40_41xxx.o(.text))
<BR><BR>[Calls]<UL><LI><a href="#[8]">&gt;&gt;</a>&nbsp;&nbsp;&nbsp;DebugMon_Handler
</UL>
<BR>[Called By]<UL><LI><a href="#[8]">&gt;&gt;</a>&nbsp;&nbsp;&nbsp;DebugMon_Handler
</UL>
<BR>[Address Reference Count : 1]<UL><LI> startup_stm32f40_41xxx.o(RESET)
</UL>
<P><STRONG><a name="[1d]"></a>ADC_IRQHandler</STRONG> (Thumb, 0 bytes, Stack size 0 bytes, startup_stm32f40_41xxx.o(.text))
<BR><BR>[Calls]<UL><LI><a href="#[1d]">&gt;&gt;</a>&nbsp;&nbsp;&nbsp;ADC_IRQHandler
</UL>
<BR>[Called By]<UL><LI><a href="#[1d]">&gt;&gt;</a>&nbsp;&nbsp;&nbsp;ADC_IRQHandler
</UL>
<BR>[Address Reference Count : 1]<UL><LI> startup_stm32f40_41xxx.o(RESET)
</UL>
<P><STRONG><a name="[1f]"></a>CAN1_RX0_IRQHandler</STRONG> (Thumb, 0 bytes, Stack size 0 bytes, startup_stm32f40_41xxx.o(.text))
<BR>[Address Reference Count : 1]<UL><LI> startup_stm32f40_41xxx.o(RESET)
</UL>
<P><STRONG><a name="[20]"></a>CAN1_RX1_IRQHandler</STRONG> (Thumb, 0 bytes, Stack size 0 bytes, startup_stm32f40_41xxx.o(.text))
<BR>[Address Reference Count : 1]<UL><LI> startup_stm32f40_41xxx.o(RESET)
</UL>
<P><STRONG><a name="[21]"></a>CAN1_SCE_IRQHandler</STRONG> (Thumb, 0 bytes, Stack size 0 bytes, startup_stm32f40_41xxx.o(.text))
<BR>[Address Reference Count : 1]<UL><LI> startup_stm32f40_41xxx.o(RESET)
</UL>
<P><STRONG><a name="[1e]"></a>CAN1_TX_IRQHandler</STRONG> (Thumb, 0 bytes, Stack size 0 bytes, startup_stm32f40_41xxx.o(.text))
<BR>[Address Reference Count : 1]<UL><LI> startup_stm32f40_41xxx.o(RESET)
</UL>
<P><STRONG><a name="[4b]"></a>CAN2_RX0_IRQHandler</STRONG> (Thumb, 0 bytes, Stack size 0 bytes, startup_stm32f40_41xxx.o(.text))
<BR>[Address Reference Count : 1]<UL><LI> startup_stm32f40_41xxx.o(RESET)
</UL>
<P><STRONG><a name="[4c]"></a>CAN2_RX1_IRQHandler</STRONG> (Thumb, 0 bytes, Stack size 0 bytes, startup_stm32f40_41xxx.o(.text))
<BR>[Address Reference Count : 1]<UL><LI> startup_stm32f40_41xxx.o(RESET)
</UL>
<P><STRONG><a name="[4d]"></a>CAN2_SCE_IRQHandler</STRONG> (Thumb, 0 bytes, Stack size 0 bytes, startup_stm32f40_41xxx.o(.text))
<BR>[Address Reference Count : 1]<UL><LI> startup_stm32f40_41xxx.o(RESET)
</UL>
<P><STRONG><a name="[4a]"></a>CAN2_TX_IRQHandler</STRONG> (Thumb, 0 bytes, Stack size 0 bytes, startup_stm32f40_41xxx.o(.text))
<BR>[Address Reference Count : 1]<UL><LI> startup_stm32f40_41xxx.o(RESET)
</UL>
<P><STRONG><a name="[5a]"></a>CRYP_IRQHandler</STRONG> (Thumb, 0 bytes, Stack size 0 bytes, startup_stm32f40_41xxx.o(.text))
<BR>[Address Reference Count : 1]<UL><LI> startup_stm32f40_41xxx.o(RESET)
</UL>
<P><STRONG><a name="[59]"></a>DCMI_IRQHandler</STRONG> (Thumb, 0 bytes, Stack size 0 bytes, startup_stm32f40_41xxx.o(.text))
<BR>[Address Reference Count : 1]<UL><LI> startup_stm32f40_41xxx.o(RESET)
</UL>
<P><STRONG><a name="[16]"></a>DMA1_Stream0_IRQHandler</STRONG> (Thumb, 0 bytes, Stack size 0 bytes, startup_stm32f40_41xxx.o(.text))
<BR>[Address Reference Count : 1]<UL><LI> startup_stm32f40_41xxx.o(RESET)
</UL>
<P><STRONG><a name="[17]"></a>DMA1_Stream1_IRQHandler</STRONG> (Thumb, 0 bytes, Stack size 0 bytes, startup_stm32f40_41xxx.o(.text))
<BR>[Address Reference Count : 1]<UL><LI> startup_stm32f40_41xxx.o(RESET)
</UL>
<P><STRONG><a name="[18]"></a>DMA1_Stream2_IRQHandler</STRONG> (Thumb, 0 bytes, Stack size 0 bytes, startup_stm32f40_41xxx.o(.text))
<BR>[Address Reference Count : 1]<UL><LI> startup_stm32f40_41xxx.o(RESET)
</UL>
<P><STRONG><a name="[19]"></a>DMA1_Stream3_IRQHandler</STRONG> (Thumb, 0 bytes, Stack size 0 bytes, startup_stm32f40_41xxx.o(.text))
<BR>[Address Reference Count : 1]<UL><LI> startup_stm32f40_41xxx.o(RESET)
</UL>
<P><STRONG><a name="[1a]"></a>DMA1_Stream4_IRQHandler</STRONG> (Thumb, 0 bytes, Stack size 0 bytes, startup_stm32f40_41xxx.o(.text))
<BR>[Address Reference Count : 1]<UL><LI> startup_stm32f40_41xxx.o(RESET)
</UL>
<P><STRONG><a name="[1c]"></a>DMA1_Stream6_IRQHandler</STRONG> (Thumb, 0 bytes, Stack size 0 bytes, startup_stm32f40_41xxx.o(.text))
<BR>[Address Reference Count : 1]<UL><LI> startup_stm32f40_41xxx.o(RESET)
</UL>
<P><STRONG><a name="[3a]"></a>DMA1_Stream7_IRQHandler</STRONG> (Thumb, 0 bytes, Stack size 0 bytes, startup_stm32f40_41xxx.o(.text))
<BR>[Address Reference Count : 1]<UL><LI> startup_stm32f40_41xxx.o(RESET)
</UL>
<P><STRONG><a name="[43]"></a>DMA2_Stream0_IRQHandler</STRONG> (Thumb, 0 bytes, Stack size 0 bytes, startup_stm32f40_41xxx.o(.text))
<BR>[Address Reference Count : 1]<UL><LI> startup_stm32f40_41xxx.o(RESET)
</UL>
<P><STRONG><a name="[44]"></a>DMA2_Stream1_IRQHandler</STRONG> (Thumb, 0 bytes, Stack size 0 bytes, startup_stm32f40_41xxx.o(.text))
<BR>[Address Reference Count : 1]<UL><LI> startup_stm32f40_41xxx.o(RESET)
</UL>
<P><STRONG><a name="[45]"></a>DMA2_Stream2_IRQHandler</STRONG> (Thumb, 0 bytes, Stack size 0 bytes, startup_stm32f40_41xxx.o(.text))
<BR>[Address Reference Count : 1]<UL><LI> startup_stm32f40_41xxx.o(RESET)
</UL>
<P><STRONG><a name="[46]"></a>DMA2_Stream3_IRQHandler</STRONG> (Thumb, 0 bytes, Stack size 0 bytes, startup_stm32f40_41xxx.o(.text))
<BR>[Address Reference Count : 1]<UL><LI> startup_stm32f40_41xxx.o(RESET)
</UL>
<P><STRONG><a name="[47]"></a>DMA2_Stream4_IRQHandler</STRONG> (Thumb, 0 bytes, Stack size 0 bytes, startup_stm32f40_41xxx.o(.text))
<BR>[Address Reference Count : 1]<UL><LI> startup_stm32f40_41xxx.o(RESET)
</UL>
<P><STRONG><a name="[4f]"></a>DMA2_Stream5_IRQHandler</STRONG> (Thumb, 0 bytes, Stack size 0 bytes, startup_stm32f40_41xxx.o(.text))
<BR>[Address Reference Count : 1]<UL><LI> startup_stm32f40_41xxx.o(RESET)
</UL>
<P><STRONG><a name="[50]"></a>DMA2_Stream6_IRQHandler</STRONG> (Thumb, 0 bytes, Stack size 0 bytes, startup_stm32f40_41xxx.o(.text))
<BR>[Address Reference Count : 1]<UL><LI> startup_stm32f40_41xxx.o(RESET)
</UL>
<P><STRONG><a name="[51]"></a>DMA2_Stream7_IRQHandler</STRONG> (Thumb, 0 bytes, Stack size 0 bytes, startup_stm32f40_41xxx.o(.text))
<BR>[Address Reference Count : 1]<UL><LI> startup_stm32f40_41xxx.o(RESET)
</UL>
<P><STRONG><a name="[48]"></a>ETH_IRQHandler</STRONG> (Thumb, 0 bytes, Stack size 0 bytes, startup_stm32f40_41xxx.o(.text))
<BR>[Address Reference Count : 1]<UL><LI> startup_stm32f40_41xxx.o(RESET)
</UL>
<P><STRONG><a name="[49]"></a>ETH_WKUP_IRQHandler</STRONG> (Thumb, 0 bytes, Stack size 0 bytes, startup_stm32f40_41xxx.o(.text))
<BR>[Address Reference Count : 1]<UL><LI> startup_stm32f40_41xxx.o(RESET)
</UL>
<P><STRONG><a name="[11]"></a>EXTI0_IRQHandler</STRONG> (Thumb, 0 bytes, Stack size 0 bytes, startup_stm32f40_41xxx.o(.text))
<BR>[Address Reference Count : 1]<UL><LI> startup_stm32f40_41xxx.o(RESET)
</UL>
<P><STRONG><a name="[33]"></a>EXTI15_10_IRQHandler</STRONG> (Thumb, 0 bytes, Stack size 0 bytes, startup_stm32f40_41xxx.o(.text))
<BR>[Address Reference Count : 1]<UL><LI> startup_stm32f40_41xxx.o(RESET)
</UL>
<P><STRONG><a name="[12]"></a>EXTI1_IRQHandler</STRONG> (Thumb, 0 bytes, Stack size 0 bytes, startup_stm32f40_41xxx.o(.text))
<BR>[Address Reference Count : 1]<UL><LI> startup_stm32f40_41xxx.o(RESET)
</UL>
<P><STRONG><a name="[13]"></a>EXTI2_IRQHandler</STRONG> (Thumb, 0 bytes, Stack size 0 bytes, startup_stm32f40_41xxx.o(.text))
<BR>[Address Reference Count : 1]<UL><LI> startup_stm32f40_41xxx.o(RESET)
</UL>
<P><STRONG><a name="[14]"></a>EXTI3_IRQHandler</STRONG> (Thumb, 0 bytes, Stack size 0 bytes, startup_stm32f40_41xxx.o(.text))
<BR>[Address Reference Count : 1]<UL><LI> startup_stm32f40_41xxx.o(RESET)
</UL>
<P><STRONG><a name="[15]"></a>EXTI4_IRQHandler</STRONG> (Thumb, 0 bytes, Stack size 0 bytes, startup_stm32f40_41xxx.o(.text))
<BR>[Address Reference Count : 1]<UL><LI> startup_stm32f40_41xxx.o(RESET)
</UL>
<P><STRONG><a name="[22]"></a>EXTI9_5_IRQHandler</STRONG> (Thumb, 0 bytes, Stack size 0 bytes, startup_stm32f40_41xxx.o(.text))
<BR>[Address Reference Count : 1]<UL><LI> startup_stm32f40_41xxx.o(RESET)
</UL>
<P><STRONG><a name="[f]"></a>FLASH_IRQHandler</STRONG> (Thumb, 0 bytes, Stack size 0 bytes, startup_stm32f40_41xxx.o(.text))
<BR>[Address Reference Count : 1]<UL><LI> startup_stm32f40_41xxx.o(RESET)
</UL>
<P><STRONG><a name="[5c]"></a>FPU_IRQHandler</STRONG> (Thumb, 0 bytes, Stack size 0 bytes, startup_stm32f40_41xxx.o(.text))
<BR>[Address Reference Count : 1]<UL><LI> startup_stm32f40_41xxx.o(RESET)
</UL>
<P><STRONG><a name="[3b]"></a>FSMC_IRQHandler</STRONG> (Thumb, 0 bytes, Stack size 0 bytes, startup_stm32f40_41xxx.o(.text))
<BR>[Address Reference Count : 1]<UL><LI> startup_stm32f40_41xxx.o(RESET)
</UL>
<P><STRONG><a name="[5b]"></a>HASH_RNG_IRQHandler</STRONG> (Thumb, 0 bytes, Stack size 0 bytes, startup_stm32f40_41xxx.o(.text))
<BR>[Address Reference Count : 1]<UL><LI> startup_stm32f40_41xxx.o(RESET)
</UL>
<P><STRONG><a name="[2b]"></a>I2C1_ER_IRQHandler</STRONG> (Thumb, 0 bytes, Stack size 0 bytes, startup_stm32f40_41xxx.o(.text))
<BR>[Address Reference Count : 1]<UL><LI> startup_stm32f40_41xxx.o(RESET)
</UL>
<P><STRONG><a name="[2a]"></a>I2C1_EV_IRQHandler</STRONG> (Thumb, 0 bytes, Stack size 0 bytes, startup_stm32f40_41xxx.o(.text))
<BR>[Address Reference Count : 1]<UL><LI> startup_stm32f40_41xxx.o(RESET)
</UL>
<P><STRONG><a name="[2d]"></a>I2C2_ER_IRQHandler</STRONG> (Thumb, 0 bytes, Stack size 0 bytes, startup_stm32f40_41xxx.o(.text))
<BR>[Address Reference Count : 1]<UL><LI> startup_stm32f40_41xxx.o(RESET)
</UL>
<P><STRONG><a name="[2c]"></a>I2C2_EV_IRQHandler</STRONG> (Thumb, 0 bytes, Stack size 0 bytes, startup_stm32f40_41xxx.o(.text))
<BR>[Address Reference Count : 1]<UL><LI> startup_stm32f40_41xxx.o(RESET)
</UL>
<P><STRONG><a name="[54]"></a>I2C3_ER_IRQHandler</STRONG> (Thumb, 0 bytes, Stack size 0 bytes, startup_stm32f40_41xxx.o(.text))
<BR>[Address Reference Count : 1]<UL><LI> startup_stm32f40_41xxx.o(RESET)
</UL>
<P><STRONG><a name="[53]"></a>I2C3_EV_IRQHandler</STRONG> (Thumb, 0 bytes, Stack size 0 bytes, startup_stm32f40_41xxx.o(.text))
<BR>[Address Reference Count : 1]<UL><LI> startup_stm32f40_41xxx.o(RESET)
</UL>
<P><STRONG><a name="[4e]"></a>OTG_FS_IRQHandler</STRONG> (Thumb, 0 bytes, Stack size 0 bytes, startup_stm32f40_41xxx.o(.text))
<BR>[Address Reference Count : 1]<UL><LI> startup_stm32f40_41xxx.o(RESET)
</UL>
<P><STRONG><a name="[35]"></a>OTG_FS_WKUP_IRQHandler</STRONG> (Thumb, 0 bytes, Stack size 0 bytes, startup_stm32f40_41xxx.o(.text))
<BR>[Address Reference Count : 1]<UL><LI> startup_stm32f40_41xxx.o(RESET)
</UL>
<P><STRONG><a name="[56]"></a>OTG_HS_EP1_IN_IRQHandler</STRONG> (Thumb, 0 bytes, Stack size 0 bytes, startup_stm32f40_41xxx.o(.text))
<BR>[Address Reference Count : 1]<UL><LI> startup_stm32f40_41xxx.o(RESET)
</UL>
<P><STRONG><a name="[55]"></a>OTG_HS_EP1_OUT_IRQHandler</STRONG> (Thumb, 0 bytes, Stack size 0 bytes, startup_stm32f40_41xxx.o(.text))
<BR>[Address Reference Count : 1]<UL><LI> startup_stm32f40_41xxx.o(RESET)
</UL>
<P><STRONG><a name="[58]"></a>OTG_HS_IRQHandler</STRONG> (Thumb, 0 bytes, Stack size 0 bytes, startup_stm32f40_41xxx.o(.text))
<BR>[Address Reference Count : 1]<UL><LI> startup_stm32f40_41xxx.o(RESET)
</UL>
<P><STRONG><a name="[57]"></a>OTG_HS_WKUP_IRQHandler</STRONG> (Thumb, 0 bytes, Stack size 0 bytes, startup_stm32f40_41xxx.o(.text))
<BR>[Address Reference Count : 1]<UL><LI> startup_stm32f40_41xxx.o(RESET)
</UL>
<P><STRONG><a name="[c]"></a>PVD_IRQHandler</STRONG> (Thumb, 0 bytes, Stack size 0 bytes, startup_stm32f40_41xxx.o(.text))
<BR>[Address Reference Count : 1]<UL><LI> startup_stm32f40_41xxx.o(RESET)
</UL>
<P><STRONG><a name="[10]"></a>RCC_IRQHandler</STRONG> (Thumb, 0 bytes, Stack size 0 bytes, startup_stm32f40_41xxx.o(.text))
<BR>[Address Reference Count : 1]<UL><LI> startup_stm32f40_41xxx.o(RESET)
</UL>
<P><STRONG><a name="[34]"></a>RTC_Alarm_IRQHandler</STRONG> (Thumb, 0 bytes, Stack size 0 bytes, startup_stm32f40_41xxx.o(.text))
<BR>[Address Reference Count : 1]<UL><LI> startup_stm32f40_41xxx.o(RESET)
</UL>
<P><STRONG><a name="[e]"></a>RTC_WKUP_IRQHandler</STRONG> (Thumb, 0 bytes, Stack size 0 bytes, startup_stm32f40_41xxx.o(.text))
<BR>[Address Reference Count : 1]<UL><LI> startup_stm32f40_41xxx.o(RESET)
</UL>
<P><STRONG><a name="[3c]"></a>SDIO_IRQHandler</STRONG> (Thumb, 0 bytes, Stack size 0 bytes, startup_stm32f40_41xxx.o(.text))
<BR>[Address Reference Count : 1]<UL><LI> startup_stm32f40_41xxx.o(RESET)
</UL>
<P><STRONG><a name="[2e]"></a>SPI1_IRQHandler</STRONG> (Thumb, 0 bytes, Stack size 0 bytes, startup_stm32f40_41xxx.o(.text))
<BR>[Address Reference Count : 1]<UL><LI> startup_stm32f40_41xxx.o(RESET)
</UL>
<P><STRONG><a name="[2f]"></a>SPI2_IRQHandler</STRONG> (Thumb, 0 bytes, Stack size 0 bytes, startup_stm32f40_41xxx.o(.text))
<BR>[Address Reference Count : 1]<UL><LI> startup_stm32f40_41xxx.o(RESET)
</UL>
<P><STRONG><a name="[3e]"></a>SPI3_IRQHandler</STRONG> (Thumb, 0 bytes, Stack size 0 bytes, startup_stm32f40_41xxx.o(.text))
<BR>[Address Reference Count : 1]<UL><LI> startup_stm32f40_41xxx.o(RESET)
</UL>
<P><STRONG><a name="[d]"></a>TAMP_STAMP_IRQHandler</STRONG> (Thumb, 0 bytes, Stack size 0 bytes, startup_stm32f40_41xxx.o(.text))
<BR>[Address Reference Count : 1]<UL><LI> startup_stm32f40_41xxx.o(RESET)
</UL>
<P><STRONG><a name="[23]"></a>TIM1_BRK_TIM9_IRQHandler</STRONG> (Thumb, 0 bytes, Stack size 0 bytes, startup_stm32f40_41xxx.o(.text))
<BR>[Address Reference Count : 1]<UL><LI> startup_stm32f40_41xxx.o(RESET)
</UL>
<P><STRONG><a name="[26]"></a>TIM1_CC_IRQHandler</STRONG> (Thumb, 0 bytes, Stack size 0 bytes, startup_stm32f40_41xxx.o(.text))
<BR>[Address Reference Count : 1]<UL><LI> startup_stm32f40_41xxx.o(RESET)
</UL>
<P><STRONG><a name="[25]"></a>TIM1_TRG_COM_TIM11_IRQHandler</STRONG> (Thumb, 0 bytes, Stack size 0 bytes, startup_stm32f40_41xxx.o(.text))
<BR>[Address Reference Count : 1]<UL><LI> startup_stm32f40_41xxx.o(RESET)
</UL>
<P><STRONG><a name="[24]"></a>TIM1_UP_TIM10_IRQHandler</STRONG> (Thumb, 0 bytes, Stack size 0 bytes, startup_stm32f40_41xxx.o(.text))
<BR>[Address Reference Count : 1]<UL><LI> startup_stm32f40_41xxx.o(RESET)
</UL>
<P><STRONG><a name="[27]"></a>TIM2_IRQHandler</STRONG> (Thumb, 0 bytes, Stack size 0 bytes, startup_stm32f40_41xxx.o(.text))
<BR>[Address Reference Count : 1]<UL><LI> startup_stm32f40_41xxx.o(RESET)
</UL>
<P><STRONG><a name="[28]"></a>TIM3_IRQHandler</STRONG> (Thumb, 0 bytes, Stack size 0 bytes, startup_stm32f40_41xxx.o(.text))
<BR>[Address Reference Count : 1]<UL><LI> startup_stm32f40_41xxx.o(RESET)
</UL>
<P><STRONG><a name="[29]"></a>TIM4_IRQHandler</STRONG> (Thumb, 0 bytes, Stack size 0 bytes, startup_stm32f40_41xxx.o(.text))
<BR>[Address Reference Count : 1]<UL><LI> startup_stm32f40_41xxx.o(RESET)
</UL>
<P><STRONG><a name="[41]"></a>TIM6_DAC_IRQHandler</STRONG> (Thumb, 0 bytes, Stack size 0 bytes, startup_stm32f40_41xxx.o(.text))
<BR>[Address Reference Count : 1]<UL><LI> startup_stm32f40_41xxx.o(RESET)
</UL>
<P><STRONG><a name="[42]"></a>TIM7_IRQHandler</STRONG> (Thumb, 0 bytes, Stack size 0 bytes, startup_stm32f40_41xxx.o(.text))
<BR>[Address Reference Count : 1]<UL><LI> startup_stm32f40_41xxx.o(RESET)
</UL>
<P><STRONG><a name="[36]"></a>TIM8_BRK_TIM12_IRQHandler</STRONG> (Thumb, 0 bytes, Stack size 0 bytes, startup_stm32f40_41xxx.o(.text))
<BR>[Address Reference Count : 1]<UL><LI> startup_stm32f40_41xxx.o(RESET)
</UL>
<P><STRONG><a name="[39]"></a>TIM8_CC_IRQHandler</STRONG> (Thumb, 0 bytes, Stack size 0 bytes, startup_stm32f40_41xxx.o(.text))
<BR>[Address Reference Count : 1]<UL><LI> startup_stm32f40_41xxx.o(RESET)
</UL>
<P><STRONG><a name="[38]"></a>TIM8_TRG_COM_TIM14_IRQHandler</STRONG> (Thumb, 0 bytes, Stack size 0 bytes, startup_stm32f40_41xxx.o(.text))
<BR>[Address Reference Count : 1]<UL><LI> startup_stm32f40_41xxx.o(RESET)
</UL>
<P><STRONG><a name="[37]"></a>TIM8_UP_TIM13_IRQHandler</STRONG> (Thumb, 0 bytes, Stack size 0 bytes, startup_stm32f40_41xxx.o(.text))
<BR>[Address Reference Count : 1]<UL><LI> startup_stm32f40_41xxx.o(RESET)
</UL>
<P><STRONG><a name="[40]"></a>UART5_IRQHandler</STRONG> (Thumb, 0 bytes, Stack size 0 bytes, startup_stm32f40_41xxx.o(.text))
<BR>[Address Reference Count : 1]<UL><LI> startup_stm32f40_41xxx.o(RESET)
</UL>
<P><STRONG><a name="[30]"></a>USART1_IRQHandler</STRONG> (Thumb, 0 bytes, Stack size 0 bytes, startup_stm32f40_41xxx.o(.text))
<BR>[Address Reference Count : 1]<UL><LI> startup_stm32f40_41xxx.o(RESET)
</UL>
<P><STRONG><a name="[31]"></a>USART2_IRQHandler</STRONG> (Thumb, 0 bytes, Stack size 0 bytes, startup_stm32f40_41xxx.o(.text))
<BR>[Address Reference Count : 1]<UL><LI> startup_stm32f40_41xxx.o(RESET)
</UL>
<P><STRONG><a name="[32]"></a>USART3_IRQHandler</STRONG> (Thumb, 0 bytes, Stack size 0 bytes, startup_stm32f40_41xxx.o(.text))
<BR>[Address Reference Count : 1]<UL><LI> startup_stm32f40_41xxx.o(RESET)
</UL>
<P><STRONG><a name="[52]"></a>USART6_IRQHandler</STRONG> (Thumb, 0 bytes, Stack size 0 bytes, startup_stm32f40_41xxx.o(.text))
<BR>[Address Reference Count : 1]<UL><LI> startup_stm32f40_41xxx.o(RESET)
</UL>
<P><STRONG><a name="[b]"></a>WWDG_IRQHandler</STRONG> (Thumb, 0 bytes, Stack size 0 bytes, startup_stm32f40_41xxx.o(.text))
<BR>[Address Reference Count : 1]<UL><LI> startup_stm32f40_41xxx.o(RESET)
</UL>
<P><STRONG><a name="[108]"></a>__aeabi_memcpy</STRONG> (Thumb, 36 bytes, Stack size 0 bytes, memcpya.o(.text))
<BR><BR>[Called By]<UL><LI><a href="#[87]">&gt;&gt;</a>&nbsp;&nbsp;&nbsp;ParamGetData
<LI><a href="#[158]">&gt;&gt;</a>&nbsp;&nbsp;&nbsp;prvCopyDataToQueue
<LI><a href="#[157]">&gt;&gt;</a>&nbsp;&nbsp;&nbsp;prvCopyDataFromQueue
</UL>

<P><STRONG><a name="[184]"></a>__aeabi_memcpy4</STRONG> (Thumb, 0 bytes, Stack size 0 bytes, memcpya.o(.text), UNUSED)

<P><STRONG><a name="[185]"></a>__aeabi_memcpy8</STRONG> (Thumb, 0 bytes, Stack size 0 bytes, memcpya.o(.text), UNUSED)

<P><STRONG><a name="[70]"></a>__aeabi_memset</STRONG> (Thumb, 14 bytes, Stack size 0 bytes, memseta.o(.text), UNUSED)
<BR><BR>[Called By]<UL><LI><a href="#[71]">&gt;&gt;</a>&nbsp;&nbsp;&nbsp;_memset$wrapper
<LI><a href="#[6f]">&gt;&gt;</a>&nbsp;&nbsp;&nbsp;__aeabi_memclr
</UL>

<P><STRONG><a name="[186]"></a>__aeabi_memset4</STRONG> (Thumb, 0 bytes, Stack size 0 bytes, memseta.o(.text), UNUSED)

<P><STRONG><a name="[187]"></a>__aeabi_memset8</STRONG> (Thumb, 0 bytes, Stack size 0 bytes, memseta.o(.text), UNUSED)

<P><STRONG><a name="[6f]"></a>__aeabi_memclr</STRONG> (Thumb, 4 bytes, Stack size 0 bytes, memseta.o(.text), UNUSED)
<BR><BR>[Calls]<UL><LI><a href="#[70]">&gt;&gt;</a>&nbsp;&nbsp;&nbsp;__aeabi_memset
</UL>

<P><STRONG><a name="[9d]"></a>__aeabi_memclr4</STRONG> (Thumb, 0 bytes, Stack size 0 bytes, memseta.o(.text))
<BR><BR>[Called By]<UL><LI><a href="#[9c]">&gt;&gt;</a>&nbsp;&nbsp;&nbsp;BMP280_CalibParam
<LI><a href="#[1b]">&gt;&gt;</a>&nbsp;&nbsp;&nbsp;DMA1_Stream5_IRQHandler
</UL>

<P><STRONG><a name="[188]"></a>__aeabi_memclr8</STRONG> (Thumb, 0 bytes, Stack size 0 bytes, memseta.o(.text), UNUSED)

<P><STRONG><a name="[71]"></a>_memset$wrapper</STRONG> (Thumb, 18 bytes, Stack size 8 bytes, memseta.o(.text), UNUSED)
<BR><BR>[Calls]<UL><LI><a href="#[70]">&gt;&gt;</a>&nbsp;&nbsp;&nbsp;__aeabi_memset
</UL>

<P><STRONG><a name="[72]"></a>__aeabi_dadd</STRONG> (Thumb, 322 bytes, Stack size 48 bytes, dadd.o(.text))
<BR><BR>[Stack]<UL><LI>Max Depth = 88<LI>Call Chain = __aeabi_dadd &rArr; _double_epilogue &rArr; _double_round
</UL>
<BR>[Calls]<UL><LI><a href="#[74]">&gt;&gt;</a>&nbsp;&nbsp;&nbsp;__aeabi_lasr
<LI><a href="#[73]">&gt;&gt;</a>&nbsp;&nbsp;&nbsp;__aeabi_llsl
<LI><a href="#[76]">&gt;&gt;</a>&nbsp;&nbsp;&nbsp;_double_round
<LI><a href="#[75]">&gt;&gt;</a>&nbsp;&nbsp;&nbsp;_double_epilogue
</UL>
<BR>[Called By]<UL><LI><a href="#[13f]">&gt;&gt;</a>&nbsp;&nbsp;&nbsp;_fp_digits
<LI><a href="#[77]">&gt;&gt;</a>&nbsp;&nbsp;&nbsp;__aeabi_dsub
<LI><a href="#[78]">&gt;&gt;</a>&nbsp;&nbsp;&nbsp;__aeabi_drsub
<LI><a href="#[13c]">&gt;&gt;</a>&nbsp;&nbsp;&nbsp;__kernel_poly
<LI><a href="#[13d]">&gt;&gt;</a>&nbsp;&nbsp;&nbsp;__mathlib_dbl_infnan2
<LI><a href="#[138]">&gt;&gt;</a>&nbsp;&nbsp;&nbsp;__mathlib_dbl_infnan
<LI><a href="#[137]">&gt;&gt;</a>&nbsp;&nbsp;&nbsp;__hardfp_atan
</UL>

<P><STRONG><a name="[77]"></a>__aeabi_dsub</STRONG> (Thumb, 6 bytes, Stack size 0 bytes, dadd.o(.text))
<BR><BR>[Stack]<UL><LI>Max Depth = 88<LI>Call Chain = __aeabi_dsub &rArr; __aeabi_dadd &rArr; _double_epilogue &rArr; _double_round
</UL>
<BR>[Calls]<UL><LI><a href="#[72]">&gt;&gt;</a>&nbsp;&nbsp;&nbsp;__aeabi_dadd
</UL>
<BR>[Called By]<UL><LI><a href="#[fe]">&gt;&gt;</a>&nbsp;&nbsp;&nbsp;__hardfp_atan2
<LI><a href="#[137]">&gt;&gt;</a>&nbsp;&nbsp;&nbsp;__hardfp_atan
</UL>

<P><STRONG><a name="[78]"></a>__aeabi_drsub</STRONG> (Thumb, 6 bytes, Stack size 0 bytes, dadd.o(.text))
<BR><BR>[Stack]<UL><LI>Max Depth = 88<LI>Call Chain = __aeabi_drsub &rArr; __aeabi_dadd &rArr; _double_epilogue &rArr; _double_round
</UL>
<BR>[Calls]<UL><LI><a href="#[72]">&gt;&gt;</a>&nbsp;&nbsp;&nbsp;__aeabi_dadd
</UL>
<BR>[Called By]<UL><LI><a href="#[fe]">&gt;&gt;</a>&nbsp;&nbsp;&nbsp;__hardfp_atan2
<LI><a href="#[137]">&gt;&gt;</a>&nbsp;&nbsp;&nbsp;__hardfp_atan
</UL>

<P><STRONG><a name="[79]"></a>__aeabi_dmul</STRONG> (Thumb, 228 bytes, Stack size 48 bytes, dmul.o(.text))
<BR><BR>[Stack]<UL><LI>Max Depth = 88<LI>Call Chain = __aeabi_dmul &rArr; _double_epilogue &rArr; _double_round
</UL>
<BR>[Calls]<UL><LI><a href="#[75]">&gt;&gt;</a>&nbsp;&nbsp;&nbsp;_double_epilogue
</UL>
<BR>[Called By]<UL><LI><a href="#[c9]">&gt;&gt;</a>&nbsp;&nbsp;&nbsp;FlightControlInnerLoop
<LI><a href="#[f8]">&gt;&gt;</a>&nbsp;&nbsp;&nbsp;MahonyAHRSupdate
<LI><a href="#[f9]">&gt;&gt;</a>&nbsp;&nbsp;&nbsp;MahonyAHRSupdateIMU
<LI><a href="#[13f]">&gt;&gt;</a>&nbsp;&nbsp;&nbsp;_fp_digits
<LI><a href="#[13c]">&gt;&gt;</a>&nbsp;&nbsp;&nbsp;__kernel_poly
<LI><a href="#[13a]">&gt;&gt;</a>&nbsp;&nbsp;&nbsp;__mathlib_dbl_underflow
<LI><a href="#[137]">&gt;&gt;</a>&nbsp;&nbsp;&nbsp;__hardfp_atan
</UL>

<P><STRONG><a name="[7a]"></a>__aeabi_ddiv</STRONG> (Thumb, 222 bytes, Stack size 32 bytes, ddiv.o(.text))
<BR><BR>[Stack]<UL><LI>Max Depth = 40<LI>Call Chain = __aeabi_ddiv &rArr; _double_round
</UL>
<BR>[Calls]<UL><LI><a href="#[76]">&gt;&gt;</a>&nbsp;&nbsp;&nbsp;_double_round
</UL>
<BR>[Called By]<UL><LI><a href="#[13f]">&gt;&gt;</a>&nbsp;&nbsp;&nbsp;_fp_digits
<LI><a href="#[fe]">&gt;&gt;</a>&nbsp;&nbsp;&nbsp;__hardfp_atan2
<LI><a href="#[137]">&gt;&gt;</a>&nbsp;&nbsp;&nbsp;__hardfp_atan
</UL>

<P><STRONG><a name="[7b]"></a>__aeabi_ul2d</STRONG> (Thumb, 24 bytes, Stack size 16 bytes, dfltul.o(.text))
<BR><BR>[Stack]<UL><LI>Max Depth = 56<LI>Call Chain = __aeabi_ul2d &rArr; _double_epilogue &rArr; _double_round
</UL>
<BR>[Calls]<UL><LI><a href="#[75]">&gt;&gt;</a>&nbsp;&nbsp;&nbsp;_double_epilogue
</UL>
<BR>[Called By]<UL><LI><a href="#[c9]">&gt;&gt;</a>&nbsp;&nbsp;&nbsp;FlightControlInnerLoop
</UL>

<P><STRONG><a name="[88]"></a>__aeabi_f2d</STRONG> (Thumb, 38 bytes, Stack size 0 bytes, f2d.o(.text))
<BR><BR>[Called By]<UL><LI><a href="#[c9]">&gt;&gt;</a>&nbsp;&nbsp;&nbsp;FlightControlInnerLoop
<LI><a href="#[97]">&gt;&gt;</a>&nbsp;&nbsp;&nbsp;AttitudeOuterControl
<LI><a href="#[f8]">&gt;&gt;</a>&nbsp;&nbsp;&nbsp;MahonyAHRSupdate
<LI><a href="#[f4]">&gt;&gt;</a>&nbsp;&nbsp;&nbsp;MagCaliDataInit
<LI><a href="#[d3]">&gt;&gt;</a>&nbsp;&nbsp;&nbsp;GyroPreTreatInit
<LI><a href="#[86]">&gt;&gt;</a>&nbsp;&nbsp;&nbsp;AccPreTreatInit
<LI><a href="#[f9]">&gt;&gt;</a>&nbsp;&nbsp;&nbsp;MahonyAHRSupdateIMU
<LI><a href="#[c6]">&gt;&gt;</a>&nbsp;&nbsp;&nbsp;PIDReset
<LI><a href="#[94]">&gt;&gt;</a>&nbsp;&nbsp;&nbsp;AttitudeInnerControl
</UL>

<P><STRONG><a name="[140]"></a>__aeabi_cdrcmple</STRONG> (Thumb, 48 bytes, Stack size 0 bytes, cdrcmple.o(.text), UNUSED)
<BR><BR>[Called By]<UL><LI><a href="#[13f]">&gt;&gt;</a>&nbsp;&nbsp;&nbsp;_fp_digits
</UL>

<P><STRONG><a name="[7c]"></a>__aeabi_d2f</STRONG> (Thumb, 56 bytes, Stack size 8 bytes, d2f.o(.text))
<BR><BR>[Stack]<UL><LI>Max Depth = 8<LI>Call Chain = __aeabi_d2f
</UL>
<BR>[Calls]<UL><LI><a href="#[7d]">&gt;&gt;</a>&nbsp;&nbsp;&nbsp;_float_round
</UL>
<BR>[Called By]<UL><LI><a href="#[c9]">&gt;&gt;</a>&nbsp;&nbsp;&nbsp;FlightControlInnerLoop
<LI><a href="#[f8]">&gt;&gt;</a>&nbsp;&nbsp;&nbsp;MahonyAHRSupdate
<LI><a href="#[f9]">&gt;&gt;</a>&nbsp;&nbsp;&nbsp;MahonyAHRSupdateIMU
</UL>

<P><STRONG><a name="[189]"></a>__aeabi_uidiv</STRONG> (Thumb, 0 bytes, Stack size 12 bytes, uidiv.o(.text), UNUSED)

<P><STRONG><a name="[143]"></a>__aeabi_uidivmod</STRONG> (Thumb, 44 bytes, Stack size 12 bytes, uidiv.o(.text), UNUSED)
<BR><BR>[Called By]<UL><LI><a href="#[130]">&gt;&gt;</a>&nbsp;&nbsp;&nbsp;_printf_core
</UL>

<P><STRONG><a name="[7e]"></a>__aeabi_uldivmod</STRONG> (Thumb, 98 bytes, Stack size 40 bytes, uldiv.o(.text), UNUSED)
<BR><BR>[Calls]<UL><LI><a href="#[7f]">&gt;&gt;</a>&nbsp;&nbsp;&nbsp;__aeabi_llsr
<LI><a href="#[73]">&gt;&gt;</a>&nbsp;&nbsp;&nbsp;__aeabi_llsl
</UL>
<BR>[Called By]<UL><LI><a href="#[130]">&gt;&gt;</a>&nbsp;&nbsp;&nbsp;_printf_core
<LI><a href="#[13f]">&gt;&gt;</a>&nbsp;&nbsp;&nbsp;_fp_digits
</UL>

<P><STRONG><a name="[73]"></a>__aeabi_llsl</STRONG> (Thumb, 30 bytes, Stack size 0 bytes, llshl.o(.text))
<BR><BR>[Called By]<UL><LI><a href="#[72]">&gt;&gt;</a>&nbsp;&nbsp;&nbsp;__aeabi_dadd
<LI><a href="#[7e]">&gt;&gt;</a>&nbsp;&nbsp;&nbsp;__aeabi_uldivmod
<LI><a href="#[75]">&gt;&gt;</a>&nbsp;&nbsp;&nbsp;_double_epilogue
<LI><a href="#[81]">&gt;&gt;</a>&nbsp;&nbsp;&nbsp;__aeabi_d2ulz
</UL>

<P><STRONG><a name="[18a]"></a>_ll_shift_l</STRONG> (Thumb, 0 bytes, Stack size 0 bytes, llshl.o(.text), UNUSED)

<P><STRONG><a name="[74]"></a>__aeabi_lasr</STRONG> (Thumb, 36 bytes, Stack size 0 bytes, llsshr.o(.text))
<BR><BR>[Called By]<UL><LI><a href="#[72]">&gt;&gt;</a>&nbsp;&nbsp;&nbsp;__aeabi_dadd
</UL>

<P><STRONG><a name="[18b]"></a>_ll_sshift_r</STRONG> (Thumb, 0 bytes, Stack size 0 bytes, llsshr.o(.text), UNUSED)

<P><STRONG><a name="[18c]"></a>__I$use$fp</STRONG> (Thumb, 0 bytes, Stack size 0 bytes, iusefp.o(.text), UNUSED)

<P><STRONG><a name="[7d]"></a>_float_round</STRONG> (Thumb, 18 bytes, Stack size 0 bytes, fepilogue.o(.text))
<BR><BR>[Called By]<UL><LI><a href="#[7c]">&gt;&gt;</a>&nbsp;&nbsp;&nbsp;__aeabi_d2f
</UL>

<P><STRONG><a name="[18d]"></a>_float_epilogue</STRONG> (Thumb, 92 bytes, Stack size 4 bytes, fepilogue.o(.text), UNUSED)

<P><STRONG><a name="[76]"></a>_double_round</STRONG> (Thumb, 30 bytes, Stack size 8 bytes, depilogue.o(.text))
<BR><BR>[Stack]<UL><LI>Max Depth = 8<LI>Call Chain = _double_round
</UL>
<BR>[Called By]<UL><LI><a href="#[7a]">&gt;&gt;</a>&nbsp;&nbsp;&nbsp;__aeabi_ddiv
<LI><a href="#[72]">&gt;&gt;</a>&nbsp;&nbsp;&nbsp;__aeabi_dadd
<LI><a href="#[80]">&gt;&gt;</a>&nbsp;&nbsp;&nbsp;_dsqrt
<LI><a href="#[75]">&gt;&gt;</a>&nbsp;&nbsp;&nbsp;_double_epilogue
</UL>

<P><STRONG><a name="[75]"></a>_double_epilogue</STRONG> (Thumb, 156 bytes, Stack size 32 bytes, depilogue.o(.text))
<BR><BR>[Stack]<UL><LI>Max Depth = 40<LI>Call Chain = _double_epilogue &rArr; _double_round
</UL>
<BR>[Calls]<UL><LI><a href="#[7f]">&gt;&gt;</a>&nbsp;&nbsp;&nbsp;__aeabi_llsr
<LI><a href="#[73]">&gt;&gt;</a>&nbsp;&nbsp;&nbsp;__aeabi_llsl
<LI><a href="#[76]">&gt;&gt;</a>&nbsp;&nbsp;&nbsp;_double_round
</UL>
<BR>[Called By]<UL><LI><a href="#[72]">&gt;&gt;</a>&nbsp;&nbsp;&nbsp;__aeabi_dadd
<LI><a href="#[7b]">&gt;&gt;</a>&nbsp;&nbsp;&nbsp;__aeabi_ul2d
<LI><a href="#[79]">&gt;&gt;</a>&nbsp;&nbsp;&nbsp;__aeabi_dmul
</UL>

<P><STRONG><a name="[80]"></a>_dsqrt</STRONG> (Thumb, 162 bytes, Stack size 32 bytes, dsqrt.o(.text))
<BR><BR>[Stack]<UL><LI>Max Depth = 40<LI>Call Chain = _dsqrt &rArr; _double_round
</UL>
<BR>[Calls]<UL><LI><a href="#[7f]">&gt;&gt;</a>&nbsp;&nbsp;&nbsp;__aeabi_llsr
<LI><a href="#[76]">&gt;&gt;</a>&nbsp;&nbsp;&nbsp;_double_round
</UL>
<BR>[Called By]<UL><LI><a href="#[fb]">&gt;&gt;</a>&nbsp;&nbsp;&nbsp;__hardfp_sqrt
</UL>

<P><STRONG><a name="[81]"></a>__aeabi_d2ulz</STRONG> (Thumb, 48 bytes, Stack size 0 bytes, dfixul.o(.text), UNUSED)
<BR><BR>[Calls]<UL><LI><a href="#[7f]">&gt;&gt;</a>&nbsp;&nbsp;&nbsp;__aeabi_llsr
<LI><a href="#[73]">&gt;&gt;</a>&nbsp;&nbsp;&nbsp;__aeabi_llsl
</UL>
<BR>[Called By]<UL><LI><a href="#[13f]">&gt;&gt;</a>&nbsp;&nbsp;&nbsp;_fp_digits
</UL>

<P><STRONG><a name="[6d]"></a>__scatterload</STRONG> (Thumb, 28 bytes, Stack size 0 bytes, init.o(.text))
<BR><BR>[Calls]<UL><LI><a href="#[82]">&gt;&gt;</a>&nbsp;&nbsp;&nbsp;__main_after_scatterload
</UL>
<BR>[Called By]<UL><LI><a href="#[6c]">&gt;&gt;</a>&nbsp;&nbsp;&nbsp;_main_scatterload
</UL>

<P><STRONG><a name="[18e]"></a>__scatterload_rt2</STRONG> (Thumb, 0 bytes, Stack size 0 bytes, init.o(.text), UNUSED)

<P><STRONG><a name="[7f]"></a>__aeabi_llsr</STRONG> (Thumb, 32 bytes, Stack size 0 bytes, llushr.o(.text))
<BR><BR>[Called By]<UL><LI><a href="#[80]">&gt;&gt;</a>&nbsp;&nbsp;&nbsp;_dsqrt
<LI><a href="#[7e]">&gt;&gt;</a>&nbsp;&nbsp;&nbsp;__aeabi_uldivmod
<LI><a href="#[75]">&gt;&gt;</a>&nbsp;&nbsp;&nbsp;_double_epilogue
<LI><a href="#[81]">&gt;&gt;</a>&nbsp;&nbsp;&nbsp;__aeabi_d2ulz
</UL>

<P><STRONG><a name="[18f]"></a>_ll_ushift_r</STRONG> (Thumb, 0 bytes, Stack size 0 bytes, llushr.o(.text), UNUSED)

<P><STRONG><a name="[190]"></a>__decompress</STRONG> (Thumb, 0 bytes, Stack size unknown bytes, __dczerorl2.o(.text), UNUSED)

<P><STRONG><a name="[191]"></a>__decompress1</STRONG> (Thumb, 86 bytes, Stack size unknown bytes, __dczerorl2.o(.text), UNUSED)

<P><STRONG><a name="[83]"></a>AccDataPreTreat</STRONG> (Thumb, 284 bytes, Stack size 40 bytes, accelerometer.o(i.AccDataPreTreat))
<BR><BR>[Stack]<UL><LI>Max Depth = 80<LI>Call Chain = AccDataPreTreat &rArr; Pythagorous3 &rArr; __hardfp_sqrtf
</UL>
<BR>[Calls]<UL><LI><a href="#[85]">&gt;&gt;</a>&nbsp;&nbsp;&nbsp;Pythagorous3
<LI><a href="#[84]">&gt;&gt;</a>&nbsp;&nbsp;&nbsp;LowPassFilter2nd
</UL>
<BR>[Called By]<UL><LI><a href="#[66]">&gt;&gt;</a>&nbsp;&nbsp;&nbsp;vImuDataPreTreatTask
</UL>

<P><STRONG><a name="[86]"></a>AccPreTreatInit</STRONG> (Thumb, 1372 bytes, Stack size 48 bytes, accelerometer.o(i.AccPreTreatInit))
<BR><BR>[Stack]<UL><LI>Max Depth = 72<LI>Call Chain = AccPreTreatInit &rArr; __2printf
</UL>
<BR>[Calls]<UL><LI><a href="#[87]">&gt;&gt;</a>&nbsp;&nbsp;&nbsp;ParamGetData
<LI><a href="#[8b]">&gt;&gt;</a>&nbsp;&nbsp;&nbsp;LowPassFilter2ndFactorCal
<LI><a href="#[8a]">&gt;&gt;</a>&nbsp;&nbsp;&nbsp;__ARM_isnanf
<LI><a href="#[88]">&gt;&gt;</a>&nbsp;&nbsp;&nbsp;__aeabi_f2d
<LI><a href="#[89]">&gt;&gt;</a>&nbsp;&nbsp;&nbsp;__2printf
</UL>
<BR>[Called By]<UL><LI><a href="#[66]">&gt;&gt;</a>&nbsp;&nbsp;&nbsp;vImuDataPreTreatTask
</UL>

<P><STRONG><a name="[97]"></a>AttitudeOuterControl</STRONG> (Thumb, 458 bytes, Stack size 80 bytes, flightcontrol.o(i.AttitudeOuterControl))
<BR><BR>[Stack]<UL><LI>Max Depth = 104<LI>Call Chain = AttitudeOuterControl &rArr; ConstrainFloat
</UL>
<BR>[Calls]<UL><LI><a href="#[88]">&gt;&gt;</a>&nbsp;&nbsp;&nbsp;__aeabi_f2d
<LI><a href="#[99]">&gt;&gt;</a>&nbsp;&nbsp;&nbsp;PID_GetP
<LI><a href="#[98]">&gt;&gt;</a>&nbsp;&nbsp;&nbsp;GetCopterAngle
<LI><a href="#[9a]">&gt;&gt;</a>&nbsp;&nbsp;&nbsp;ConstrainFloat
<LI><a href="#[9b]">&gt;&gt;</a>&nbsp;&nbsp;&nbsp;SetAttInnerCtlTarget
<LI><a href="#[89]">&gt;&gt;</a>&nbsp;&nbsp;&nbsp;__2printf
</UL>
<BR>[Called By]<UL><LI><a href="#[61]">&gt;&gt;</a>&nbsp;&nbsp;&nbsp;vFlightControlTask
</UL>

<P><STRONG><a name="[9c]"></a>BMP280_CalibParam</STRONG> (Thumb, 246 bytes, Stack size 32 bytes, bmp280.o(i.BMP280_CalibParam))
<BR><BR>[Stack]<UL><LI>Max Depth = 120<LI>Call Chain = BMP280_CalibParam &rArr; MPU_Read_Len &rArr; MPU_Read_Byte &rArr; IIC_ReadByte &rArr; IIC_NAck &rArr; IIC_Delay &rArr; delay_us
</UL>
<BR>[Calls]<UL><LI><a href="#[9e]">&gt;&gt;</a>&nbsp;&nbsp;&nbsp;MPU_Read_Len
<LI><a href="#[9d]">&gt;&gt;</a>&nbsp;&nbsp;&nbsp;__aeabi_memclr4
</UL>
<BR>[Called By]<UL><LI><a href="#[a2]">&gt;&gt;</a>&nbsp;&nbsp;&nbsp;BMP280_Init
</UL>

<P><STRONG><a name="[9f]"></a>BMP280_Chack</STRONG> (Thumb, 68 bytes, Stack size 16 bytes, bmp280.o(i.BMP280_Chack))
<BR><BR>[Stack]<UL><LI>Max Depth = 112<LI>Call Chain = BMP280_Chack &rArr; delay_ms &rArr; vTaskDelay &rArr; xTaskResumeAll &rArr; xTaskIncrementTick &rArr; __2printf
</UL>
<BR>[Calls]<UL><LI><a href="#[a1]">&gt;&gt;</a>&nbsp;&nbsp;&nbsp;delay_ms
<LI><a href="#[a0]">&gt;&gt;</a>&nbsp;&nbsp;&nbsp;MPU_Read_Byte
</UL>
<BR>[Called By]<UL><LI><a href="#[a2]">&gt;&gt;</a>&nbsp;&nbsp;&nbsp;BMP280_Init
</UL>

<P><STRONG><a name="[a2]"></a>BMP280_Init</STRONG> (Thumb, 108 bytes, Stack size 16 bytes, bmp280.o(i.BMP280_Init))
<BR><BR>[Stack]<UL><LI>Max Depth = 136<LI>Call Chain = BMP280_Init &rArr; BMP280_CalibParam &rArr; MPU_Read_Len &rArr; MPU_Read_Byte &rArr; IIC_ReadByte &rArr; IIC_NAck &rArr; IIC_Delay &rArr; delay_us
</UL>
<BR>[Calls]<UL><LI><a href="#[a7]">&gt;&gt;</a>&nbsp;&nbsp;&nbsp;BMP280_SetWorkMode
<LI><a href="#[a8]">&gt;&gt;</a>&nbsp;&nbsp;&nbsp;BMP280_SetStandbyDurn
<LI><a href="#[a6]">&gt;&gt;</a>&nbsp;&nbsp;&nbsp;BMP280_SetPowerMode
<LI><a href="#[9f]">&gt;&gt;</a>&nbsp;&nbsp;&nbsp;BMP280_Chack
<LI><a href="#[9c]">&gt;&gt;</a>&nbsp;&nbsp;&nbsp;BMP280_CalibParam
<LI><a href="#[a5]">&gt;&gt;</a>&nbsp;&nbsp;&nbsp;GPIO_SetBits
<LI><a href="#[a3]">&gt;&gt;</a>&nbsp;&nbsp;&nbsp;RCC_AHB1PeriphClockCmd
<LI><a href="#[a4]">&gt;&gt;</a>&nbsp;&nbsp;&nbsp;GPIO_Init
</UL>
<BR>[Called By]<UL><LI><a href="#[cd]">&gt;&gt;</a>&nbsp;&nbsp;&nbsp;GY_91_Init
</UL>

<P><STRONG><a name="[a6]"></a>BMP280_SetPowerMode</STRONG> (Thumb, 50 bytes, Stack size 16 bytes, bmp280.o(i.BMP280_SetPowerMode))
<BR><BR>[Stack]<UL><LI>Max Depth = 72<LI>Call Chain = BMP280_SetPowerMode &rArr; MPU_Write_Byte &rArr; IIC_WaitAck &rArr; IIC_Stop &rArr; IIC_Delay &rArr; delay_us
</UL>
<BR>[Calls]<UL><LI><a href="#[a9]">&gt;&gt;</a>&nbsp;&nbsp;&nbsp;MPU_Write_Byte
</UL>
<BR>[Called By]<UL><LI><a href="#[a2]">&gt;&gt;</a>&nbsp;&nbsp;&nbsp;BMP280_Init
</UL>

<P><STRONG><a name="[a8]"></a>BMP280_SetStandbyDurn</STRONG> (Thumb, 36 bytes, Stack size 16 bytes, bmp280.o(i.BMP280_SetStandbyDurn))
<BR><BR>[Stack]<UL><LI>Max Depth = 80<LI>Call Chain = BMP280_SetStandbyDurn &rArr; MPU_Read_Byte &rArr; IIC_ReadByte &rArr; IIC_NAck &rArr; IIC_Delay &rArr; delay_us
</UL>
<BR>[Calls]<UL><LI><a href="#[a9]">&gt;&gt;</a>&nbsp;&nbsp;&nbsp;MPU_Write_Byte
<LI><a href="#[a0]">&gt;&gt;</a>&nbsp;&nbsp;&nbsp;MPU_Read_Byte
</UL>
<BR>[Called By]<UL><LI><a href="#[a2]">&gt;&gt;</a>&nbsp;&nbsp;&nbsp;BMP280_Init
</UL>

<P><STRONG><a name="[a7]"></a>BMP280_SetWorkMode</STRONG> (Thumb, 140 bytes, Stack size 16 bytes, bmp280.o(i.BMP280_SetWorkMode))
<BR><BR>[Stack]<UL><LI>Max Depth = 80<LI>Call Chain = BMP280_SetWorkMode &rArr; MPU_Read_Byte &rArr; IIC_ReadByte &rArr; IIC_NAck &rArr; IIC_Delay &rArr; delay_us
</UL>
<BR>[Calls]<UL><LI><a href="#[a9]">&gt;&gt;</a>&nbsp;&nbsp;&nbsp;MPU_Write_Byte
<LI><a href="#[a0]">&gt;&gt;</a>&nbsp;&nbsp;&nbsp;MPU_Read_Byte
</UL>
<BR>[Called By]<UL><LI><a href="#[a2]">&gt;&gt;</a>&nbsp;&nbsp;&nbsp;BMP280_Init
</UL>

<P><STRONG><a name="[aa]"></a>CPPM_Init</STRONG> (Thumb, 184 bytes, Stack size 40 bytes, cppm.o(i.CPPM_Init))
<BR><BR>[Stack]<UL><LI>Max Depth = 76<LI>Call Chain = CPPM_Init &rArr; TIM_ICInit &rArr; TI4_Config
</UL>
<BR>[Calls]<UL><LI><a href="#[b0]">&gt;&gt;</a>&nbsp;&nbsp;&nbsp;TIM_ITConfig
<LI><a href="#[ae]">&gt;&gt;</a>&nbsp;&nbsp;&nbsp;TIM_ICInit
<LI><a href="#[af]">&gt;&gt;</a>&nbsp;&nbsp;&nbsp;NVIC_Init
<LI><a href="#[ad]">&gt;&gt;</a>&nbsp;&nbsp;&nbsp;TIM_TimeBaseInit
<LI><a href="#[b1]">&gt;&gt;</a>&nbsp;&nbsp;&nbsp;TIM_Cmd
<LI><a href="#[ab]">&gt;&gt;</a>&nbsp;&nbsp;&nbsp;RCC_APB1PeriphClockCmd
<LI><a href="#[a3]">&gt;&gt;</a>&nbsp;&nbsp;&nbsp;RCC_AHB1PeriphClockCmd
<LI><a href="#[ac]">&gt;&gt;</a>&nbsp;&nbsp;&nbsp;GPIO_PinAFConfig
<LI><a href="#[a4]">&gt;&gt;</a>&nbsp;&nbsp;&nbsp;GPIO_Init
</UL>
<BR>[Called By]<UL><LI><a href="#[149]">&gt;&gt;</a>&nbsp;&nbsp;&nbsp;systemInit
</UL>

<P><STRONG><a name="[9a]"></a>ConstrainFloat</STRONG> (Thumb, 84 bytes, Stack size 24 bytes, mathtool.o(i.ConstrainFloat))
<BR><BR>[Stack]<UL><LI>Max Depth = 24<LI>Call Chain = ConstrainFloat
</UL>
<BR>[Calls]<UL><LI><a href="#[b2]">&gt;&gt;</a>&nbsp;&nbsp;&nbsp;__ARM_isnanf
</UL>
<BR>[Called By]<UL><LI><a href="#[97]">&gt;&gt;</a>&nbsp;&nbsp;&nbsp;AttitudeOuterControl
<LI><a href="#[106]">&gt;&gt;</a>&nbsp;&nbsp;&nbsp;PID_GetI
</UL>

<P><STRONG><a name="[101]"></a>ConstrainInt16</STRONG> (Thumb, 22 bytes, Stack size 0 bytes, mathtool.o(i.ConstrainInt16))
<BR><BR>[Called By]<UL><LI><a href="#[cc]">&gt;&gt;</a>&nbsp;&nbsp;&nbsp;MotorControl
</UL>

<P><STRONG><a name="[96]"></a>ConstrainInt32</STRONG> (Thumb, 22 bytes, Stack size 0 bytes, mathtool.o(i.ConstrainInt32))
<BR><BR>[Called By]<UL><LI><a href="#[10a]">&gt;&gt;</a>&nbsp;&nbsp;&nbsp;ParamReadFromFlash
<LI><a href="#[94]">&gt;&gt;</a>&nbsp;&nbsp;&nbsp;AttitudeInnerControl
</UL>

<P><STRONG><a name="[91]"></a>ControlTaskCreate</STRONG> (Thumb, 26 bytes, Stack size 16 bytes, control_task.o(i.ControlTaskCreate))
<BR><BR>[Stack]<UL><LI>Max Depth = 176<LI>Call Chain = ControlTaskCreate &rArr; xTaskCreate &rArr; pvPortMalloc &rArr; xTaskResumeAll &rArr; xTaskIncrementTick &rArr; __2printf
</UL>
<BR>[Calls]<UL><LI><a href="#[8d]">&gt;&gt;</a>&nbsp;&nbsp;&nbsp;xTaskCreate
</UL>
<BR>[Called By]<UL><LI><a href="#[69]">&gt;&gt;</a>&nbsp;&nbsp;&nbsp;AppTaskCreate
</UL>

<P><STRONG><a name="[1b]"></a>DMA1_Stream5_IRQHandler</STRONG> (Thumb, 200 bytes, Stack size 8 bytes, ws2812.o(i.DMA1_Stream5_IRQHandler))
<BR><BR>[Stack]<UL><LI>Max Depth = 80<LI>Call Chain = DMA1_Stream5_IRQHandler &rArr; xQueueGiveFromISR &rArr; xTaskRemoveFromEventList &rArr; __2printf
</UL>
<BR>[Calls]<UL><LI><a href="#[b8]">&gt;&gt;</a>&nbsp;&nbsp;&nbsp;xQueueGiveFromISR
<LI><a href="#[b4]">&gt;&gt;</a>&nbsp;&nbsp;&nbsp;DMA_GetITStatus
<LI><a href="#[b6]">&gt;&gt;</a>&nbsp;&nbsp;&nbsp;DMA_GetCurrentMemoryTarget
<LI><a href="#[b3]">&gt;&gt;</a>&nbsp;&nbsp;&nbsp;DMA_Cmd
<LI><a href="#[b5]">&gt;&gt;</a>&nbsp;&nbsp;&nbsp;DMA_ClearITPendingBit
<LI><a href="#[b7]">&gt;&gt;</a>&nbsp;&nbsp;&nbsp;fillLed
<LI><a href="#[b1]">&gt;&gt;</a>&nbsp;&nbsp;&nbsp;TIM_Cmd
<LI><a href="#[9d]">&gt;&gt;</a>&nbsp;&nbsp;&nbsp;__aeabi_memclr4
</UL>
<BR>[Address Reference Count : 1]<UL><LI> startup_stm32f40_41xxx.o(RESET)
</UL>
<P><STRONG><a name="[b5]"></a>DMA_ClearITPendingBit</STRONG> (Thumb, 38 bytes, Stack size 0 bytes, stm32f4xx_dma.o(i.DMA_ClearITPendingBit))
<BR><BR>[Called By]<UL><LI><a href="#[1b]">&gt;&gt;</a>&nbsp;&nbsp;&nbsp;DMA1_Stream5_IRQHandler
</UL>

<P><STRONG><a name="[b3]"></a>DMA_Cmd</STRONG> (Thumb, 22 bytes, Stack size 0 bytes, stm32f4xx_dma.o(i.DMA_Cmd))
<BR><BR>[Called By]<UL><LI><a href="#[1b]">&gt;&gt;</a>&nbsp;&nbsp;&nbsp;DMA1_Stream5_IRQHandler
</UL>

<P><STRONG><a name="[b6]"></a>DMA_GetCurrentMemoryTarget</STRONG> (Thumb, 20 bytes, Stack size 0 bytes, stm32f4xx_dma.o(i.DMA_GetCurrentMemoryTarget))
<BR><BR>[Called By]<UL><LI><a href="#[1b]">&gt;&gt;</a>&nbsp;&nbsp;&nbsp;DMA1_Stream5_IRQHandler
</UL>

<P><STRONG><a name="[b4]"></a>DMA_GetITStatus</STRONG> (Thumb, 82 bytes, Stack size 16 bytes, stm32f4xx_dma.o(i.DMA_GetITStatus))
<BR><BR>[Stack]<UL><LI>Max Depth = 16<LI>Call Chain = DMA_GetITStatus
</UL>
<BR>[Called By]<UL><LI><a href="#[1b]">&gt;&gt;</a>&nbsp;&nbsp;&nbsp;DMA1_Stream5_IRQHandler
</UL>

<P><STRONG><a name="[bf]"></a>FLASH_ClearFlag</STRONG> (Thumb, 6 bytes, Stack size 0 bytes, stm32f4xx_flash.o(i.FLASH_ClearFlag))
<BR><BR>[Called By]<UL><LI><a href="#[bd]">&gt;&gt;</a>&nbsp;&nbsp;&nbsp;Flash_WriteByte
</UL>

<P><STRONG><a name="[c0]"></a>FLASH_DataCacheCmd</STRONG> (Thumb, 30 bytes, Stack size 0 bytes, stm32f4xx_flash.o(i.FLASH_DataCacheCmd))
<BR><BR>[Called By]<UL><LI><a href="#[bd]">&gt;&gt;</a>&nbsp;&nbsp;&nbsp;Flash_WriteByte
</UL>

<P><STRONG><a name="[b9]"></a>FLASH_EraseSector</STRONG> (Thumb, 130 bytes, Stack size 16 bytes, stm32f4xx_flash.o(i.FLASH_EraseSector))
<BR><BR>[Stack]<UL><LI>Max Depth = 24<LI>Call Chain = FLASH_EraseSector &rArr; FLASH_WaitForLastOperation
</UL>
<BR>[Calls]<UL><LI><a href="#[ba]">&gt;&gt;</a>&nbsp;&nbsp;&nbsp;FLASH_WaitForLastOperation
</UL>
<BR>[Called By]<UL><LI><a href="#[bd]">&gt;&gt;</a>&nbsp;&nbsp;&nbsp;Flash_WriteByte
</UL>

<P><STRONG><a name="[bc]"></a>FLASH_GetStatus</STRONG> (Thumb, 80 bytes, Stack size 0 bytes, stm32f4xx_flash.o(i.FLASH_GetStatus))
<BR><BR>[Called By]<UL><LI><a href="#[ba]">&gt;&gt;</a>&nbsp;&nbsp;&nbsp;FLASH_WaitForLastOperation
</UL>

<P><STRONG><a name="[c3]"></a>FLASH_Lock</STRONG> (Thumb, 14 bytes, Stack size 0 bytes, stm32f4xx_flash.o(i.FLASH_Lock))
<BR><BR>[Called By]<UL><LI><a href="#[bd]">&gt;&gt;</a>&nbsp;&nbsp;&nbsp;Flash_WriteByte
</UL>

<P><STRONG><a name="[bb]"></a>FLASH_ProgramByte</STRONG> (Thumb, 70 bytes, Stack size 12 bytes, stm32f4xx_flash.o(i.FLASH_ProgramByte))
<BR><BR>[Stack]<UL><LI>Max Depth = 20<LI>Call Chain = FLASH_ProgramByte &rArr; FLASH_WaitForLastOperation
</UL>
<BR>[Calls]<UL><LI><a href="#[ba]">&gt;&gt;</a>&nbsp;&nbsp;&nbsp;FLASH_WaitForLastOperation
</UL>
<BR>[Called By]<UL><LI><a href="#[bd]">&gt;&gt;</a>&nbsp;&nbsp;&nbsp;Flash_WriteByte
</UL>

<P><STRONG><a name="[be]"></a>FLASH_Unlock</STRONG> (Thumb, 24 bytes, Stack size 0 bytes, stm32f4xx_flash.o(i.FLASH_Unlock))
<BR><BR>[Called By]<UL><LI><a href="#[bd]">&gt;&gt;</a>&nbsp;&nbsp;&nbsp;Flash_WriteByte
</UL>

<P><STRONG><a name="[ba]"></a>FLASH_WaitForLastOperation</STRONG> (Thumb, 34 bytes, Stack size 8 bytes, stm32f4xx_flash.o(i.FLASH_WaitForLastOperation))
<BR><BR>[Stack]<UL><LI>Max Depth = 8<LI>Call Chain = FLASH_WaitForLastOperation
</UL>
<BR>[Calls]<UL><LI><a href="#[bc]">&gt;&gt;</a>&nbsp;&nbsp;&nbsp;FLASH_GetStatus
</UL>
<BR>[Called By]<UL><LI><a href="#[bb]">&gt;&gt;</a>&nbsp;&nbsp;&nbsp;FLASH_ProgramByte
<LI><a href="#[b9]">&gt;&gt;</a>&nbsp;&nbsp;&nbsp;FLASH_EraseSector
</UL>

<P><STRONG><a name="[c2]"></a>Flash_GetSector</STRONG> (Thumb, 116 bytes, Stack size 0 bytes, flash.o(i.Flash_GetSector))
<BR><BR>[Called By]<UL><LI><a href="#[bd]">&gt;&gt;</a>&nbsp;&nbsp;&nbsp;Flash_WriteByte
</UL>

<P><STRONG><a name="[10b]"></a>Flash_ReadByte</STRONG> (Thumb, 6 bytes, Stack size 0 bytes, flash.o(i.Flash_ReadByte))
<BR><BR>[Called By]<UL><LI><a href="#[10a]">&gt;&gt;</a>&nbsp;&nbsp;&nbsp;ParamReadFromFlash
</UL>

<P><STRONG><a name="[c1]"></a>Flash_ReadWord</STRONG> (Thumb, 6 bytes, Stack size 0 bytes, flash.o(i.Flash_ReadWord))
<BR><BR>[Called By]<UL><LI><a href="#[bd]">&gt;&gt;</a>&nbsp;&nbsp;&nbsp;Flash_WriteByte
</UL>

<P><STRONG><a name="[bd]"></a>Flash_WriteByte</STRONG> (Thumb, 178 bytes, Stack size 40 bytes, flash.o(i.Flash_WriteByte))
<BR><BR>[Stack]<UL><LI>Max Depth = 64<LI>Call Chain = Flash_WriteByte &rArr; FLASH_EraseSector &rArr; FLASH_WaitForLastOperation
</UL>
<BR>[Calls]<UL><LI><a href="#[be]">&gt;&gt;</a>&nbsp;&nbsp;&nbsp;FLASH_Unlock
<LI><a href="#[bb]">&gt;&gt;</a>&nbsp;&nbsp;&nbsp;FLASH_ProgramByte
<LI><a href="#[c3]">&gt;&gt;</a>&nbsp;&nbsp;&nbsp;FLASH_Lock
<LI><a href="#[b9]">&gt;&gt;</a>&nbsp;&nbsp;&nbsp;FLASH_EraseSector
<LI><a href="#[c0]">&gt;&gt;</a>&nbsp;&nbsp;&nbsp;FLASH_DataCacheCmd
<LI><a href="#[bf]">&gt;&gt;</a>&nbsp;&nbsp;&nbsp;FLASH_ClearFlag
<LI><a href="#[c1]">&gt;&gt;</a>&nbsp;&nbsp;&nbsp;Flash_ReadWord
<LI><a href="#[c2]">&gt;&gt;</a>&nbsp;&nbsp;&nbsp;Flash_GetSector
</UL>
<BR>[Called By]<UL><LI><a href="#[10d]">&gt;&gt;</a>&nbsp;&nbsp;&nbsp;ParamSaveToFlash
</UL>

<P><STRONG><a name="[c4]"></a>FlightControlInit</STRONG> (Thumb, 26 bytes, Stack size 8 bytes, flightcontrol.o(i.FlightControlInit))
<BR><BR>[Stack]<UL><LI>Max Depth = 80<LI>Call Chain = FlightControlInit &rArr; PIDReset &rArr; __2printf
</UL>
<BR>[Calls]<UL><LI><a href="#[c7]">&gt;&gt;</a>&nbsp;&nbsp;&nbsp;PIDReadFromFlash
<LI><a href="#[c8]">&gt;&gt;</a>&nbsp;&nbsp;&nbsp;PIDWriteToFlash
<LI><a href="#[c6]">&gt;&gt;</a>&nbsp;&nbsp;&nbsp;PIDReset
<LI><a href="#[c5]">&gt;&gt;</a>&nbsp;&nbsp;&nbsp;MotorInit
</UL>
<BR>[Called By]<UL><LI><a href="#[61]">&gt;&gt;</a>&nbsp;&nbsp;&nbsp;vFlightControlTask
</UL>

<P><STRONG><a name="[c9]"></a>FlightControlInnerLoop</STRONG> (Thumb, 334 bytes, Stack size 96 bytes, flightcontrol.o(i.FlightControlInnerLoop))
<BR><BR>[Stack]<UL><LI>Max Depth = 232<LI>Call Chain = FlightControlInnerLoop &rArr; AttitudeInnerControl &rArr; PID_GetPID &rArr; PID_GetI &rArr; ConstrainFloat
</UL>
<BR>[Calls]<UL><LI><a href="#[cb]">&gt;&gt;</a>&nbsp;&nbsp;&nbsp;GetFlightMode
<LI><a href="#[7b]">&gt;&gt;</a>&nbsp;&nbsp;&nbsp;__aeabi_ul2d
<LI><a href="#[88]">&gt;&gt;</a>&nbsp;&nbsp;&nbsp;__aeabi_f2d
<LI><a href="#[79]">&gt;&gt;</a>&nbsp;&nbsp;&nbsp;__aeabi_dmul
<LI><a href="#[7c]">&gt;&gt;</a>&nbsp;&nbsp;&nbsp;__aeabi_d2f
<LI><a href="#[ca]">&gt;&gt;</a>&nbsp;&nbsp;&nbsp;GetSysTimeUs
<LI><a href="#[94]">&gt;&gt;</a>&nbsp;&nbsp;&nbsp;AttitudeInnerControl
<LI><a href="#[cc]">&gt;&gt;</a>&nbsp;&nbsp;&nbsp;MotorControl
<LI><a href="#[89]">&gt;&gt;</a>&nbsp;&nbsp;&nbsp;__2printf
</UL>
<BR>[Called By]<UL><LI><a href="#[61]">&gt;&gt;</a>&nbsp;&nbsp;&nbsp;vFlightControlTask
</UL>

<P><STRONG><a name="[a4]"></a>GPIO_Init</STRONG> (Thumb, 144 bytes, Stack size 20 bytes, stm32f4xx_gpio.o(i.GPIO_Init))
<BR><BR>[Stack]<UL><LI>Max Depth = 20<LI>Call Chain = GPIO_Init
</UL>
<BR>[Called By]<UL><LI><a href="#[d8]">&gt;&gt;</a>&nbsp;&nbsp;&nbsp;IIC_CfgGpio
<LI><a href="#[e1]">&gt;&gt;</a>&nbsp;&nbsp;&nbsp;MOTOR_GPIOConfig
<LI><a href="#[169]">&gt;&gt;</a>&nbsp;&nbsp;&nbsp;uart_init
<LI><a href="#[148]">&gt;&gt;</a>&nbsp;&nbsp;&nbsp;ledInit
<LI><a href="#[144]">&gt;&gt;</a>&nbsp;&nbsp;&nbsp;beeperInit
<LI><a href="#[cf]">&gt;&gt;</a>&nbsp;&nbsp;&nbsp;MPU9250_Init
<LI><a href="#[aa]">&gt;&gt;</a>&nbsp;&nbsp;&nbsp;CPPM_Init
<LI><a href="#[a2]">&gt;&gt;</a>&nbsp;&nbsp;&nbsp;BMP280_Init
</UL>

<P><STRONG><a name="[ac]"></a>GPIO_PinAFConfig</STRONG> (Thumb, 70 bytes, Stack size 20 bytes, stm32f4xx_gpio.o(i.GPIO_PinAFConfig))
<BR><BR>[Stack]<UL><LI>Max Depth = 20<LI>Call Chain = GPIO_PinAFConfig
</UL>
<BR>[Called By]<UL><LI><a href="#[e1]">&gt;&gt;</a>&nbsp;&nbsp;&nbsp;MOTOR_GPIOConfig
<LI><a href="#[169]">&gt;&gt;</a>&nbsp;&nbsp;&nbsp;uart_init
<LI><a href="#[aa]">&gt;&gt;</a>&nbsp;&nbsp;&nbsp;CPPM_Init
</UL>

<P><STRONG><a name="[dd]"></a>GPIO_ReadInputDataBit</STRONG> (Thumb, 18 bytes, Stack size 0 bytes, stm32f4xx_gpio.o(i.GPIO_ReadInputDataBit))
<BR><BR>[Called By]<UL><LI><a href="#[e0]">&gt;&gt;</a>&nbsp;&nbsp;&nbsp;IIC_WaitAck
<LI><a href="#[dc]">&gt;&gt;</a>&nbsp;&nbsp;&nbsp;IIC_ReadByte
</UL>

<P><STRONG><a name="[d6]"></a>GPIO_ResetBits</STRONG> (Thumb, 4 bytes, Stack size 0 bytes, stm32f4xx_gpio.o(i.GPIO_ResetBits))
<BR><BR>[Called By]<UL><LI><a href="#[60]">&gt;&gt;</a>&nbsp;&nbsp;&nbsp;systemtip
<LI><a href="#[e0]">&gt;&gt;</a>&nbsp;&nbsp;&nbsp;IIC_WaitAck
<LI><a href="#[df]">&gt;&gt;</a>&nbsp;&nbsp;&nbsp;IIC_Stop
<LI><a href="#[da]">&gt;&gt;</a>&nbsp;&nbsp;&nbsp;IIC_Start
<LI><a href="#[de]">&gt;&gt;</a>&nbsp;&nbsp;&nbsp;IIC_SendByte
<LI><a href="#[dc]">&gt;&gt;</a>&nbsp;&nbsp;&nbsp;IIC_ReadByte
<LI><a href="#[db]">&gt;&gt;</a>&nbsp;&nbsp;&nbsp;IIC_NAck
<LI><a href="#[d5]">&gt;&gt;</a>&nbsp;&nbsp;&nbsp;IIC_Ack
<LI><a href="#[148]">&gt;&gt;</a>&nbsp;&nbsp;&nbsp;ledInit
<LI><a href="#[144]">&gt;&gt;</a>&nbsp;&nbsp;&nbsp;beeperInit
<LI><a href="#[cf]">&gt;&gt;</a>&nbsp;&nbsp;&nbsp;MPU9250_Init
</UL>

<P><STRONG><a name="[a5]"></a>GPIO_SetBits</STRONG> (Thumb, 4 bytes, Stack size 0 bytes, stm32f4xx_gpio.o(i.GPIO_SetBits))
<BR><BR>[Called By]<UL><LI><a href="#[e0]">&gt;&gt;</a>&nbsp;&nbsp;&nbsp;IIC_WaitAck
<LI><a href="#[df]">&gt;&gt;</a>&nbsp;&nbsp;&nbsp;IIC_Stop
<LI><a href="#[da]">&gt;&gt;</a>&nbsp;&nbsp;&nbsp;IIC_Start
<LI><a href="#[de]">&gt;&gt;</a>&nbsp;&nbsp;&nbsp;IIC_SendByte
<LI><a href="#[dc]">&gt;&gt;</a>&nbsp;&nbsp;&nbsp;IIC_ReadByte
<LI><a href="#[db]">&gt;&gt;</a>&nbsp;&nbsp;&nbsp;IIC_NAck
<LI><a href="#[d5]">&gt;&gt;</a>&nbsp;&nbsp;&nbsp;IIC_Ack
<LI><a href="#[d8]">&gt;&gt;</a>&nbsp;&nbsp;&nbsp;IIC_CfgGpio
<LI><a href="#[cf]">&gt;&gt;</a>&nbsp;&nbsp;&nbsp;MPU9250_Init
<LI><a href="#[a2]">&gt;&gt;</a>&nbsp;&nbsp;&nbsp;BMP280_Init
</UL>

<P><STRONG><a name="[16a]"></a>GPIO_ToggleBits</STRONG> (Thumb, 8 bytes, Stack size 0 bytes, stm32f4xx_gpio.o(i.GPIO_ToggleBits))
<BR><BR>[Called By]<UL><LI><a href="#[60]">&gt;&gt;</a>&nbsp;&nbsp;&nbsp;systemtip
</UL>

<P><STRONG><a name="[102]"></a>GetArmedStatus</STRONG> (Thumb, 6 bytes, Stack size 0 bytes, flightstatus.o(i.GetArmedStatus))
<BR><BR>[Called By]<UL><LI><a href="#[113]">&gt;&gt;</a>&nbsp;&nbsp;&nbsp;RcCommandUpdate
<LI><a href="#[111]">&gt;&gt;</a>&nbsp;&nbsp;&nbsp;RcCheckSticks
<LI><a href="#[10d]">&gt;&gt;</a>&nbsp;&nbsp;&nbsp;ParamSaveToFlash
<LI><a href="#[60]">&gt;&gt;</a>&nbsp;&nbsp;&nbsp;systemtip
<LI><a href="#[cc]">&gt;&gt;</a>&nbsp;&nbsp;&nbsp;MotorControl
</UL>

<P><STRONG><a name="[98]"></a>GetCopterAngle</STRONG> (Thumb, 16 bytes, Stack size 0 bytes, mahony.o(i.GetCopterAngle))
<BR><BR>[Called By]<UL><LI><a href="#[97]">&gt;&gt;</a>&nbsp;&nbsp;&nbsp;AttitudeOuterControl
</UL>

<P><STRONG><a name="[cb]"></a>GetFlightMode</STRONG> (Thumb, 6 bytes, Stack size 0 bytes, flightstatus.o(i.GetFlightMode))
<BR><BR>[Called By]<UL><LI><a href="#[12b]">&gt;&gt;</a>&nbsp;&nbsp;&nbsp;UserControl
<LI><a href="#[c9]">&gt;&gt;</a>&nbsp;&nbsp;&nbsp;FlightControlInnerLoop
</UL>

<P><STRONG><a name="[fc]"></a>GetMagMag</STRONG> (Thumb, 8 bytes, Stack size 0 bytes, magnetometer.o(i.GetMagMag))
<BR><BR>[Called By]<UL><LI><a href="#[f8]">&gt;&gt;</a>&nbsp;&nbsp;&nbsp;MahonyAHRSupdate
</UL>

<P><STRONG><a name="[114]"></a>GetRawRcData</STRONG> (Thumb, 12 bytes, Stack size 0 bytes, cppm.o(i.GetRawRcData))
<BR><BR>[Called By]<UL><LI><a href="#[113]">&gt;&gt;</a>&nbsp;&nbsp;&nbsp;RcCommandUpdate
<LI><a href="#[111]">&gt;&gt;</a>&nbsp;&nbsp;&nbsp;RcCheckSticks
<LI><a href="#[110]">&gt;&gt;</a>&nbsp;&nbsp;&nbsp;RcCheckFailsafe
</UL>

<P><STRONG><a name="[12c]"></a>GetRcCommad</STRONG> (Thumb, 12 bytes, Stack size 0 bytes, rc.o(i.GetRcCommad))
<BR><BR>[Called By]<UL><LI><a href="#[12b]">&gt;&gt;</a>&nbsp;&nbsp;&nbsp;UserControl
</UL>

<P><STRONG><a name="[8e]"></a>GetSensorTaskCreate</STRONG> (Thumb, 46 bytes, Stack size 16 bytes, getsensor_task.o(i.GetSensorTaskCreate))
<BR><BR>[Stack]<UL><LI>Max Depth = 176<LI>Call Chain = GetSensorTaskCreate &rArr; xTaskCreate &rArr; pvPortMalloc &rArr; xTaskResumeAll &rArr; xTaskIncrementTick &rArr; __2printf
</UL>
<BR>[Calls]<UL><LI><a href="#[8d]">&gt;&gt;</a>&nbsp;&nbsp;&nbsp;xTaskCreate
</UL>
<BR>[Called By]<UL><LI><a href="#[69]">&gt;&gt;</a>&nbsp;&nbsp;&nbsp;AppTaskCreate
</UL>

<P><STRONG><a name="[d0]"></a>GetSysTimeMs</STRONG> (Thumb, 8 bytes, Stack size 8 bytes, delay.o(i.GetSysTimeMs))
<BR><BR>[Stack]<UL><LI>Max Depth = 8<LI>Call Chain = GetSysTimeMs
</UL>
<BR>[Calls]<UL><LI><a href="#[d1]">&gt;&gt;</a>&nbsp;&nbsp;&nbsp;xTaskGetTickCount
</UL>
<BR>[Called By]<UL><LI><a href="#[111]">&gt;&gt;</a>&nbsp;&nbsp;&nbsp;RcCheckSticks
</UL>

<P><STRONG><a name="[ca]"></a>GetSysTimeUs</STRONG> (Thumb, 76 bytes, Stack size 32 bytes, delay.o(i.GetSysTimeUs))
<BR><BR>[Stack]<UL><LI>Max Depth = 32<LI>Call Chain = GetSysTimeUs
</UL>
<BR>[Calls]<UL><LI><a href="#[d1]">&gt;&gt;</a>&nbsp;&nbsp;&nbsp;xTaskGetTickCount
</UL>
<BR>[Called By]<UL><LI><a href="#[c9]">&gt;&gt;</a>&nbsp;&nbsp;&nbsp;FlightControlInnerLoop
</UL>

<P><STRONG><a name="[d2]"></a>GyroDataPreTreat</STRONG> (Thumb, 152 bytes, Stack size 40 bytes, gyroscope.o(i.GyroDataPreTreat))
<BR><BR>[Stack]<UL><LI>Max Depth = 76<LI>Call Chain = GyroDataPreTreat &rArr; LowPassFilter2nd
</UL>
<BR>[Calls]<UL><LI><a href="#[84]">&gt;&gt;</a>&nbsp;&nbsp;&nbsp;LowPassFilter2nd
</UL>
<BR>[Called By]<UL><LI><a href="#[66]">&gt;&gt;</a>&nbsp;&nbsp;&nbsp;vImuDataPreTreatTask
</UL>

<P><STRONG><a name="[d3]"></a>GyroPreTreatInit</STRONG> (Thumb, 524 bytes, Stack size 48 bytes, gyroscope.o(i.GyroPreTreatInit))
<BR><BR>[Stack]<UL><LI>Max Depth = 72<LI>Call Chain = GyroPreTreatInit &rArr; __2printf
</UL>
<BR>[Calls]<UL><LI><a href="#[87]">&gt;&gt;</a>&nbsp;&nbsp;&nbsp;ParamGetData
<LI><a href="#[d4]">&gt;&gt;</a>&nbsp;&nbsp;&nbsp;__ARM_isnanf
<LI><a href="#[8b]">&gt;&gt;</a>&nbsp;&nbsp;&nbsp;LowPassFilter2ndFactorCal
<LI><a href="#[88]">&gt;&gt;</a>&nbsp;&nbsp;&nbsp;__aeabi_f2d
<LI><a href="#[89]">&gt;&gt;</a>&nbsp;&nbsp;&nbsp;__2printf
</UL>
<BR>[Called By]<UL><LI><a href="#[66]">&gt;&gt;</a>&nbsp;&nbsp;&nbsp;vImuDataPreTreatTask
</UL>

<P><STRONG><a name="[d5]"></a>IIC_Ack</STRONG> (Thumb, 48 bytes, Stack size 8 bytes, soft_iic_gpio.o(i.IIC_Ack))
<BR><BR>[Stack]<UL><LI>Max Depth = 32<LI>Call Chain = IIC_Ack &rArr; IIC_Delay &rArr; delay_us
</UL>
<BR>[Calls]<UL><LI><a href="#[d6]">&gt;&gt;</a>&nbsp;&nbsp;&nbsp;GPIO_ResetBits
<LI><a href="#[a5]">&gt;&gt;</a>&nbsp;&nbsp;&nbsp;GPIO_SetBits
<LI><a href="#[d7]">&gt;&gt;</a>&nbsp;&nbsp;&nbsp;IIC_Delay
</UL>
<BR>[Called By]<UL><LI><a href="#[dc]">&gt;&gt;</a>&nbsp;&nbsp;&nbsp;IIC_ReadByte
</UL>

<P><STRONG><a name="[ce]"></a>IIC_Init</STRONG> (Thumb, 16 bytes, Stack size 8 bytes, soft_iic_gpio.o(i.IIC_Init))
<BR><BR>[Stack]<UL><LI>Max Depth = 44<LI>Call Chain = IIC_Init &rArr; IIC_CfgGpio &rArr; GPIO_Init
</UL>
<BR>[Calls]<UL><LI><a href="#[da]">&gt;&gt;</a>&nbsp;&nbsp;&nbsp;IIC_Start
<LI><a href="#[d8]">&gt;&gt;</a>&nbsp;&nbsp;&nbsp;IIC_CfgGpio
</UL>
<BR>[Called By]<UL><LI><a href="#[cd]">&gt;&gt;</a>&nbsp;&nbsp;&nbsp;GY_91_Init
</UL>

<P><STRONG><a name="[db]"></a>IIC_NAck</STRONG> (Thumb, 48 bytes, Stack size 8 bytes, soft_iic_gpio.o(i.IIC_NAck))
<BR><BR>[Stack]<UL><LI>Max Depth = 32<LI>Call Chain = IIC_NAck &rArr; IIC_Delay &rArr; delay_us
</UL>
<BR>[Calls]<UL><LI><a href="#[d6]">&gt;&gt;</a>&nbsp;&nbsp;&nbsp;GPIO_ResetBits
<LI><a href="#[a5]">&gt;&gt;</a>&nbsp;&nbsp;&nbsp;GPIO_SetBits
<LI><a href="#[d7]">&gt;&gt;</a>&nbsp;&nbsp;&nbsp;IIC_Delay
</UL>
<BR>[Called By]<UL><LI><a href="#[dc]">&gt;&gt;</a>&nbsp;&nbsp;&nbsp;IIC_ReadByte
</UL>

<P><STRONG><a name="[dc]"></a>IIC_ReadByte</STRONG> (Thumb, 80 bytes, Stack size 16 bytes, soft_iic_gpio.o(i.IIC_ReadByte))
<BR><BR>[Stack]<UL><LI>Max Depth = 48<LI>Call Chain = IIC_ReadByte &rArr; IIC_NAck &rArr; IIC_Delay &rArr; delay_us
</UL>
<BR>[Calls]<UL><LI><a href="#[d6]">&gt;&gt;</a>&nbsp;&nbsp;&nbsp;GPIO_ResetBits
<LI><a href="#[a5]">&gt;&gt;</a>&nbsp;&nbsp;&nbsp;GPIO_SetBits
<LI><a href="#[dd]">&gt;&gt;</a>&nbsp;&nbsp;&nbsp;GPIO_ReadInputDataBit
<LI><a href="#[db]">&gt;&gt;</a>&nbsp;&nbsp;&nbsp;IIC_NAck
<LI><a href="#[d5]">&gt;&gt;</a>&nbsp;&nbsp;&nbsp;IIC_Ack
<LI><a href="#[d7]">&gt;&gt;</a>&nbsp;&nbsp;&nbsp;IIC_Delay
</UL>
<BR>[Called By]<UL><LI><a href="#[a0]">&gt;&gt;</a>&nbsp;&nbsp;&nbsp;MPU_Read_Byte
</UL>

<P><STRONG><a name="[de]"></a>IIC_SendByte</STRONG> (Thumb, 100 bytes, Stack size 16 bytes, soft_iic_gpio.o(i.IIC_SendByte))
<BR><BR>[Stack]<UL><LI>Max Depth = 40<LI>Call Chain = IIC_SendByte &rArr; IIC_Delay &rArr; delay_us
</UL>
<BR>[Calls]<UL><LI><a href="#[d6]">&gt;&gt;</a>&nbsp;&nbsp;&nbsp;GPIO_ResetBits
<LI><a href="#[a5]">&gt;&gt;</a>&nbsp;&nbsp;&nbsp;GPIO_SetBits
<LI><a href="#[d7]">&gt;&gt;</a>&nbsp;&nbsp;&nbsp;IIC_Delay
</UL>
<BR>[Called By]<UL><LI><a href="#[a9]">&gt;&gt;</a>&nbsp;&nbsp;&nbsp;MPU_Write_Byte
<LI><a href="#[9e]">&gt;&gt;</a>&nbsp;&nbsp;&nbsp;MPU_Read_Len
<LI><a href="#[a0]">&gt;&gt;</a>&nbsp;&nbsp;&nbsp;MPU_Read_Byte
</UL>

<P><STRONG><a name="[da]"></a>IIC_Start</STRONG> (Thumb, 48 bytes, Stack size 8 bytes, soft_iic_gpio.o(i.IIC_Start))
<BR><BR>[Stack]<UL><LI>Max Depth = 32<LI>Call Chain = IIC_Start &rArr; IIC_Delay &rArr; delay_us
</UL>
<BR>[Calls]<UL><LI><a href="#[d6]">&gt;&gt;</a>&nbsp;&nbsp;&nbsp;GPIO_ResetBits
<LI><a href="#[a5]">&gt;&gt;</a>&nbsp;&nbsp;&nbsp;GPIO_SetBits
<LI><a href="#[d7]">&gt;&gt;</a>&nbsp;&nbsp;&nbsp;IIC_Delay
</UL>
<BR>[Called By]<UL><LI><a href="#[a9]">&gt;&gt;</a>&nbsp;&nbsp;&nbsp;MPU_Write_Byte
<LI><a href="#[9e]">&gt;&gt;</a>&nbsp;&nbsp;&nbsp;MPU_Read_Len
<LI><a href="#[a0]">&gt;&gt;</a>&nbsp;&nbsp;&nbsp;MPU_Read_Byte
<LI><a href="#[ce]">&gt;&gt;</a>&nbsp;&nbsp;&nbsp;IIC_Init
</UL>

<P><STRONG><a name="[df]"></a>IIC_Stop</STRONG> (Thumb, 48 bytes, Stack size 8 bytes, soft_iic_gpio.o(i.IIC_Stop))
<BR><BR>[Stack]<UL><LI>Max Depth = 32<LI>Call Chain = IIC_Stop &rArr; IIC_Delay &rArr; delay_us
</UL>
<BR>[Calls]<UL><LI><a href="#[d6]">&gt;&gt;</a>&nbsp;&nbsp;&nbsp;GPIO_ResetBits
<LI><a href="#[a5]">&gt;&gt;</a>&nbsp;&nbsp;&nbsp;GPIO_SetBits
<LI><a href="#[d7]">&gt;&gt;</a>&nbsp;&nbsp;&nbsp;IIC_Delay
</UL>
<BR>[Called By]<UL><LI><a href="#[a9]">&gt;&gt;</a>&nbsp;&nbsp;&nbsp;MPU_Write_Byte
<LI><a href="#[9e]">&gt;&gt;</a>&nbsp;&nbsp;&nbsp;MPU_Read_Len
<LI><a href="#[a0]">&gt;&gt;</a>&nbsp;&nbsp;&nbsp;MPU_Read_Byte
<LI><a href="#[e0]">&gt;&gt;</a>&nbsp;&nbsp;&nbsp;IIC_WaitAck
</UL>

<P><STRONG><a name="[e0]"></a>IIC_WaitAck</STRONG> (Thumb, 74 bytes, Stack size 8 bytes, soft_iic_gpio.o(i.IIC_WaitAck))
<BR><BR>[Stack]<UL><LI>Max Depth = 40<LI>Call Chain = IIC_WaitAck &rArr; IIC_Stop &rArr; IIC_Delay &rArr; delay_us
</UL>
<BR>[Calls]<UL><LI><a href="#[d6]">&gt;&gt;</a>&nbsp;&nbsp;&nbsp;GPIO_ResetBits
<LI><a href="#[a5]">&gt;&gt;</a>&nbsp;&nbsp;&nbsp;GPIO_SetBits
<LI><a href="#[dd]">&gt;&gt;</a>&nbsp;&nbsp;&nbsp;GPIO_ReadInputDataBit
<LI><a href="#[df]">&gt;&gt;</a>&nbsp;&nbsp;&nbsp;IIC_Stop
<LI><a href="#[d7]">&gt;&gt;</a>&nbsp;&nbsp;&nbsp;IIC_Delay
</UL>
<BR>[Called By]<UL><LI><a href="#[a9]">&gt;&gt;</a>&nbsp;&nbsp;&nbsp;MPU_Write_Byte
<LI><a href="#[9e]">&gt;&gt;</a>&nbsp;&nbsp;&nbsp;MPU_Read_Len
<LI><a href="#[a0]">&gt;&gt;</a>&nbsp;&nbsp;&nbsp;MPU_Read_Byte
</UL>

<P><STRONG><a name="[84]"></a>LowPassFilter2nd</STRONG> (Thumb, 192 bytes, Stack size 36 bytes, lowpassfilter.o(i.LowPassFilter2nd))
<BR><BR>[Stack]<UL><LI>Max Depth = 36<LI>Call Chain = LowPassFilter2nd
</UL>
<BR>[Called By]<UL><LI><a href="#[d2]">&gt;&gt;</a>&nbsp;&nbsp;&nbsp;GyroDataPreTreat
<LI><a href="#[83]">&gt;&gt;</a>&nbsp;&nbsp;&nbsp;AccDataPreTreat
</UL>

<P><STRONG><a name="[8b]"></a>LowPassFilter2ndFactorCal</STRONG> (Thumb, 142 bytes, Stack size 0 bytes, lowpassfilter.o(i.LowPassFilter2ndFactorCal))
<BR><BR>[Called By]<UL><LI><a href="#[d3]">&gt;&gt;</a>&nbsp;&nbsp;&nbsp;GyroPreTreatInit
<LI><a href="#[86]">&gt;&gt;</a>&nbsp;&nbsp;&nbsp;AccPreTreatInit
</UL>

<P><STRONG><a name="[e2]"></a>MOTOR_Init</STRONG> (Thumb, 12 bytes, Stack size 8 bytes, pwm.o(i.MOTOR_Init))
<BR><BR>[Stack]<UL><LI>Max Depth = 64<LI>Call Chain = MOTOR_Init &rArr; MOTOR_TIMConfig &rArr; TIM_OC4Init
</UL>
<BR>[Calls]<UL><LI><a href="#[e3]">&gt;&gt;</a>&nbsp;&nbsp;&nbsp;MOTOR_TIMConfig
<LI><a href="#[e1]">&gt;&gt;</a>&nbsp;&nbsp;&nbsp;MOTOR_GPIOConfig
</UL>
<BR>[Called By]<UL><LI><a href="#[149]">&gt;&gt;</a>&nbsp;&nbsp;&nbsp;systemInit
</UL>

<P><STRONG><a name="[cf]"></a>MPU9250_Init</STRONG> (Thumb, 224 bytes, Stack size 16 bytes, mpu9250.o(i.MPU9250_Init))
<BR><BR>[Stack]<UL><LI>Max Depth = 112<LI>Call Chain = MPU9250_Init &rArr; delay_ms &rArr; vTaskDelay &rArr; xTaskResumeAll &rArr; xTaskIncrementTick &rArr; __2printf
</UL>
<BR>[Calls]<UL><LI><a href="#[d6]">&gt;&gt;</a>&nbsp;&nbsp;&nbsp;GPIO_ResetBits
<LI><a href="#[a1]">&gt;&gt;</a>&nbsp;&nbsp;&nbsp;delay_ms
<LI><a href="#[a9]">&gt;&gt;</a>&nbsp;&nbsp;&nbsp;MPU_Write_Byte
<LI><a href="#[ef]">&gt;&gt;</a>&nbsp;&nbsp;&nbsp;MPU_Set_Rate
<LI><a href="#[ed]">&gt;&gt;</a>&nbsp;&nbsp;&nbsp;MPU_Set_Gyro_Fsr
<LI><a href="#[ee]">&gt;&gt;</a>&nbsp;&nbsp;&nbsp;MPU_Set_Accel_Fsr
<LI><a href="#[a0]">&gt;&gt;</a>&nbsp;&nbsp;&nbsp;MPU_Read_Byte
<LI><a href="#[a5]">&gt;&gt;</a>&nbsp;&nbsp;&nbsp;GPIO_SetBits
<LI><a href="#[a3]">&gt;&gt;</a>&nbsp;&nbsp;&nbsp;RCC_AHB1PeriphClockCmd
<LI><a href="#[a4]">&gt;&gt;</a>&nbsp;&nbsp;&nbsp;GPIO_Init
</UL>
<BR>[Called By]<UL><LI><a href="#[cd]">&gt;&gt;</a>&nbsp;&nbsp;&nbsp;GY_91_Init
</UL>

<P><STRONG><a name="[f0]"></a>MPU_Get_Accelerometer</STRONG> (Thumb, 156 bytes, Stack size 32 bytes, mpu9250.o(i.MPU_Get_Accelerometer))
<BR><BR>[Stack]<UL><LI>Max Depth = 120<LI>Call Chain = MPU_Get_Accelerometer &rArr; MPU_Read_Len &rArr; MPU_Read_Byte &rArr; IIC_ReadByte &rArr; IIC_NAck &rArr; IIC_Delay &rArr; delay_us
</UL>
<BR>[Calls]<UL><LI><a href="#[9e]">&gt;&gt;</a>&nbsp;&nbsp;&nbsp;MPU_Read_Len
</UL>
<BR>[Called By]<UL><LI><a href="#[62]">&gt;&gt;</a>&nbsp;&nbsp;&nbsp;vImuSensorReadTask
</UL>

<P><STRONG><a name="[f1]"></a>MPU_Get_Gyroscope</STRONG> (Thumb, 156 bytes, Stack size 32 bytes, mpu9250.o(i.MPU_Get_Gyroscope))
<BR><BR>[Stack]<UL><LI>Max Depth = 120<LI>Call Chain = MPU_Get_Gyroscope &rArr; MPU_Read_Len &rArr; MPU_Read_Byte &rArr; IIC_ReadByte &rArr; IIC_NAck &rArr; IIC_Delay &rArr; delay_us
</UL>
<BR>[Calls]<UL><LI><a href="#[9e]">&gt;&gt;</a>&nbsp;&nbsp;&nbsp;MPU_Read_Len
</UL>
[...]
<LI><a href="#[10c]">&gt;&gt;</a>&nbsp;&nbsp;&nbsp;ParamDataReset
<LI><a href="#[89]">&gt;&gt;</a>&nbsp;&nbsp;&nbsp;__2printf
</UL>
<BR>[Called By]<UL><LI><a href="#[109]">&gt;&gt;</a>&nbsp;&nbsp;&nbsp;ParamInit
</UL>

<P><STRONG><a name="[116]"></a>RCDataLimit</STRONG> (Thumb, 42 bytes, Stack size 0 bytes, rc.o(i.RCDataLimit))
<BR><BR>[Called By]<UL><LI><a href="#[113]">&gt;&gt;</a>&nbsp;&nbsp;&nbsp;RcCommandUpdate
</UL>

<P><STRONG><a name="[110]"></a>RcCheckFailsafe</STRONG> (Thumb, 68 bytes, Stack size 24 bytes, rc.o(i.RcCheckFailsafe))
<BR><BR>[Stack]<UL><LI>Max Depth = 24<LI>Call Chain = RcCheckFailsafe
</UL>
<BR>[Calls]<UL><LI><a href="#[114]">&gt;&gt;</a>&nbsp;&nbsp;&nbsp;GetRawRcData
</UL>
<BR>[Called By]<UL><LI><a href="#[10f]">&gt;&gt;</a>&nbsp;&nbsp;&nbsp;RcCheck
</UL>

<P><STRONG><a name="[111]"></a>RcCheckSticks</STRONG> (Thumb, 190 bytes, Stack size 24 bytes, rc.o(i.RcCheckSticks))
<BR><BR>[Stack]<UL><LI>Max Depth = 32<LI>Call Chain = RcCheckSticks &rArr; GetSysTimeMs
</UL>
<BR>[Calls]<UL><LI><a href="#[115]">&gt;&gt;</a>&nbsp;&nbsp;&nbsp;SetArmedStatus
<LI><a href="#[102]">&gt;&gt;</a>&nbsp;&nbsp;&nbsp;GetArmedStatus
<LI><a href="#[d0]">&gt;&gt;</a>&nbsp;&nbsp;&nbsp;GetSysTimeMs
<LI><a href="#[114]">&gt;&gt;</a>&nbsp;&nbsp;&nbsp;GetRawRcData
</UL>
<BR>[Called By]<UL><LI><a href="#[10f]">&gt;&gt;</a>&nbsp;&nbsp;&nbsp;RcCheck
</UL>

<P><STRONG><a name="[113]"></a>RcCommandUpdate</STRONG> (Thumb, 136 bytes, Stack size 24 bytes, rc.o(i.RcCommandUpdate))
<BR><BR>[Stack]<UL><LI>Max Depth = 24<LI>Call Chain = RcCommandUpdate
</UL>
<BR>[Calls]<UL><LI><a href="#[116]">&gt;&gt;</a>&nbsp;&nbsp;&nbsp;RCDataLimit
<LI><a href="#[102]">&gt;&gt;</a>&nbsp;&nbsp;&nbsp;GetArmedStatus
<LI><a href="#[114]">&gt;&gt;</a>&nbsp;&nbsp;&nbsp;GetRawRcData
</UL>
<BR>[Called By]<UL><LI><a href="#[10f]">&gt;&gt;</a>&nbsp;&nbsp;&nbsp;RcCheck
</UL>

<P><STRONG><a name="[94]"></a>AttitudeInnerControl</STRONG> (Thumb, 490 bytes, Stack size 72 bytes, flightcontrol.o(i.AttitudeInnerControl))
<BR><BR>[Stack]<UL><LI>Max Depth = 136<LI>Call Chain = AttitudeInnerControl &rArr; PID_GetPID &rArr; PID_GetI &rArr; ConstrainFloat
</UL>
<BR>[Calls]<UL><LI><a href="#[96]">&gt;&gt;</a>&nbsp;&nbsp;&nbsp;ConstrainInt32
<LI><a href="#[88]">&gt;&gt;</a>&nbsp;&nbsp;&nbsp;__aeabi_f2d
<LI><a href="#[95]">&gt;&gt;</a>&nbsp;&nbsp;&nbsp;PID_GetPID
<LI><a href="#[89]">&gt;&gt;</a>&nbsp;&nbsp;&nbsp;__2printf
</UL>
<BR>[Called By]<UL><LI><a href="#[c9]">&gt;&gt;</a>&nbsp;&nbsp;&nbsp;FlightControlInnerLoop
</UL>

<P><STRONG><a name="[c6]"></a>PIDReset</STRONG> (Thumb, 498 bytes, Stack size 48 bytes, flightcontrol.o(i.PIDReset))
<BR><BR>[Stack]<UL><LI>Max Depth = 72<LI>Call Chain = PIDReset &rArr; __2printf
</UL>
<BR>[Calls]<UL><LI><a href="#[88]">&gt;&gt;</a>&nbsp;&nbsp;&nbsp;__aeabi_f2d
<LI><a href="#[104]">&gt;&gt;</a>&nbsp;&nbsp;&nbsp;PID_SetParam
<LI><a href="#[c8]">&gt;&gt;</a>&nbsp;&nbsp;&nbsp;PIDWriteToFlash
<LI><a href="#[89]">&gt;&gt;</a>&nbsp;&nbsp;&nbsp;__2printf
</UL>
<BR>[Called By]<UL><LI><a href="#[c4]">&gt;&gt;</a>&nbsp;&nbsp;&nbsp;FlightControlInit
</UL>

<P><STRONG><a name="[c8]"></a>PIDWriteToFlash</STRONG> (Thumb, 122 bytes, Stack size 8 bytes, flightcontrol.o(i.PIDWriteToFlash))
<BR><BR>[Stack]<UL><LI>Max Depth = 8<LI>Call Chain = PIDWriteToFlash
</UL>
<BR>[Calls]<UL><LI><a href="#[105]">&gt;&gt;</a>&nbsp;&nbsp;&nbsp;ParamUpdateData
</UL>
<BR>[Called By]<UL><LI><a href="#[c4]">&gt;&gt;</a>&nbsp;&nbsp;&nbsp;FlightControlInit
<LI><a href="#[c6]">&gt;&gt;</a>&nbsp;&nbsp;&nbsp;PIDReset
</UL>

<P><STRONG><a name="[12d]"></a>ManualControl</STRONG> (Thumb, 36 bytes, Stack size 16 bytes, usercontrol.o(i.ManualControl))
<BR><BR>[Stack]<UL><LI>Max Depth = 16<LI>Call Chain = ManualControl
</UL>
<BR>[Called By]<UL><LI><a href="#[12b]">&gt;&gt;</a>&nbsp;&nbsp;&nbsp;UserControl
</UL>

<P><STRONG><a name="[8a]"></a>__ARM_isnanf</STRONG> (Thumb, 14 bytes, Stack size 0 bytes, accelerometer.o(i.__ARM_isnanf))
<BR><BR>[Called By]<UL><LI><a href="#[86]">&gt;&gt;</a>&nbsp;&nbsp;&nbsp;AccPreTreatInit
</UL>

<P><STRONG><a name="[d4]"></a>__ARM_isnanf</STRONG> (Thumb, 14 bytes, Stack size 0 bytes, gyroscope.o(i.__ARM_isnanf))
<BR><BR>[Called By]<UL><LI><a href="#[d3]">&gt;&gt;</a>&nbsp;&nbsp;&nbsp;GyroPreTreatInit
</UL>

<P><STRONG><a name="[f5]"></a>__ARM_isnanf</STRONG> (Thumb, 14 bytes, Stack size 0 bytes, magnetometer.o(i.__ARM_isnanf))
<BR><BR>[Called By]<UL><LI><a href="#[f4]">&gt;&gt;</a>&nbsp;&nbsp;&nbsp;MagCaliDataInit
</UL>

<P><STRONG><a name="[b2]"></a>__ARM_isnanf</STRONG> (Thumb, 14 bytes, Stack size 0 bytes, mathtool.o(i.__ARM_isnanf))
<BR><BR>[Called By]<UL><LI><a href="#[9a]">&gt;&gt;</a>&nbsp;&nbsp;&nbsp;ConstrainFloat
</UL>

<P><STRONG><a name="[cd]"></a>GY_91_Init</STRONG> (Thumb, 20 bytes, Stack size 8 bytes, system.o(i.GY_91_Init))
<BR><BR>[Stack]<UL><LI>Max Depth = 144<LI>Call Chain = GY_91_Init &rArr; BMP280_Init &rArr; BMP280_CalibParam &rArr; MPU_Read_Len &rArr; MPU_Read_Byte &rArr; IIC_ReadByte &rArr; IIC_NAck &rArr; IIC_Delay &rArr; delay_us
</UL>
<BR>[Calls]<UL><LI><a href="#[cf]">&gt;&gt;</a>&nbsp;&nbsp;&nbsp;MPU9250_Init
<LI><a href="#[ce]">&gt;&gt;</a>&nbsp;&nbsp;&nbsp;IIC_Init
<LI><a href="#[a2]">&gt;&gt;</a>&nbsp;&nbsp;&nbsp;BMP280_Init
</UL>
<BR>[Called By]<UL><LI><a href="#[149]">&gt;&gt;</a>&nbsp;&nbsp;&nbsp;systemInit
</UL>

<P><STRONG><a name="[e1]"></a>MOTOR_GPIOConfig</STRONG> (Thumb, 126 bytes, Stack size 16 bytes, pwm.o(i.MOTOR_GPIOConfig))
<BR><BR>[Stack]<UL><LI>Max Depth = 36<LI>Call Chain = MOTOR_GPIOConfig &rArr; GPIO_PinAFConfig
</UL>
<BR>[Calls]<UL><LI><a href="#[a3]">&gt;&gt;</a>&nbsp;&nbsp;&nbsp;RCC_AHB1PeriphClockCmd
<LI><a href="#[ac]">&gt;&gt;</a>&nbsp;&nbsp;&nbsp;GPIO_PinAFConfig
<LI><a href="#[a4]">&gt;&gt;</a>&nbsp;&nbsp;&nbsp;GPIO_Init
</UL>
<BR>[Called By]<UL><LI><a href="#[e2]">&gt;&gt;</a>&nbsp;&nbsp;&nbsp;MOTOR_Init
</UL>

<P><STRONG><a name="[e3]"></a>MOTOR_TIMConfig</STRONG> (Thumb, 170 bytes, Stack size 40 bytes, pwm.o(i.MOTOR_TIMConfig))
<BR><BR>[Stack]<UL><LI>Max Depth = 56<LI>Call Chain = MOTOR_TIMConfig &rArr; TIM_OC4Init
</UL>
<BR>[Calls]<UL><LI><a href="#[ad]">&gt;&gt;</a>&nbsp;&nbsp;&nbsp;TIM_TimeBaseInit
<LI><a href="#[e7]">&gt;&gt;</a>&nbsp;&nbsp;&nbsp;TIM_OC4PreloadConfig
<LI><a href="#[e6]">&gt;&gt;</a>&nbsp;&nbsp;&nbsp;TIM_OC4Init
<LI><a href="#[e5]">&gt;&gt;</a>&nbsp;&nbsp;&nbsp;TIM_OC3PreloadConfig
<LI><a href="#[e4]">&gt;&gt;</a>&nbsp;&nbsp;&nbsp;TIM_OC3Init
<LI><a href="#[e9]">&gt;&gt;</a>&nbsp;&nbsp;&nbsp;TIM_OC2PreloadConfig
<LI><a href="#[e8]">&gt;&gt;</a>&nbsp;&nbsp;&nbsp;TIM_OC2Init
<LI><a href="#[eb]">&gt;&gt;</a>&nbsp;&nbsp;&nbsp;TIM_OC1PreloadConfig
<LI><a href="#[ea]">&gt;&gt;</a>&nbsp;&nbsp;&nbsp;TIM_OC1Init
<LI><a href="#[b1]">&gt;&gt;</a>&nbsp;&nbsp;&nbsp;TIM_Cmd
<LI><a href="#[ec]">&gt;&gt;</a>&nbsp;&nbsp;&nbsp;TIM_ARRPreloadConfig
<LI><a href="#[ab]">&gt;&gt;</a>&nbsp;&nbsp;&nbsp;RCC_APB1PeriphClockCmd
</UL>
<BR>[Called By]<UL><LI><a href="#[e2]">&gt;&gt;</a>&nbsp;&nbsp;&nbsp;MOTOR_Init
</UL>

<P><STRONG><a name="[b7]"></a>fillLed</STRONG> (Thumb, 104 bytes, Stack size 8 bytes, ws2812.o(i.fillLed))
<BR><BR>[Stack]<UL><LI>Max Depth = 8<LI>Call Chain = fillLed
</UL>
<BR>[Called By]<UL><LI><a href="#[1b]">&gt;&gt;</a>&nbsp;&nbsp;&nbsp;DMA1_Stream5_IRQHandler
</UL>

<P><STRONG><a name="[d8]"></a>IIC_CfgGpio</STRONG> (Thumb, 62 bytes, Stack size 16 bytes, soft_iic_gpio.o(i.IIC_CfgGpio))
<BR><BR>[Stack]<UL><LI>Max Depth = 36<LI>Call Chain = IIC_CfgGpio &rArr; GPIO_Init
</UL>
<BR>[Calls]<UL><LI><a href="#[a5]">&gt;&gt;</a>&nbsp;&nbsp;&nbsp;GPIO_SetBits
<LI><a href="#[a3]">&gt;&gt;</a>&nbsp;&nbsp;&nbsp;RCC_AHB1PeriphClockCmd
<LI><a href="#[a4]">&gt;&gt;</a>&nbsp;&nbsp;&nbsp;GPIO_Init
</UL>
<BR>[Called By]<UL><LI><a href="#[ce]">&gt;&gt;</a>&nbsp;&nbsp;&nbsp;IIC_Init
</UL>

<P><STRONG><a name="[d7]"></a>IIC_Delay</STRONG> (Thumb, 12 bytes, Stack size 8 bytes, soft_iic_gpio.o(i.IIC_Delay))
<BR><BR>[Stack]<UL><LI>Max Depth = 24<LI>Call Chain = IIC_Delay &rArr; delay_us
</UL>
<BR>[Calls]<UL><LI><a href="#[d9]">&gt;&gt;</a>&nbsp;&nbsp;&nbsp;delay_us
</UL>
<BR>[Called By]<UL><LI><a href="#[e0]">&gt;&gt;</a>&nbsp;&nbsp;&nbsp;IIC_WaitAck
<LI><a href="#[df]">&gt;&gt;</a>&nbsp;&nbsp;&nbsp;IIC_Stop
<LI><a href="#[da]">&gt;&gt;</a>&nbsp;&nbsp;&nbsp;IIC_Start
<LI><a href="#[de]">&gt;&gt;</a>&nbsp;&nbsp;&nbsp;IIC_SendByte
<LI><a href="#[dc]">&gt;&gt;</a>&nbsp;&nbsp;&nbsp;IIC_ReadByte
<LI><a href="#[db]">&gt;&gt;</a>&nbsp;&nbsp;&nbsp;IIC_NAck
<LI><a href="#[d5]">&gt;&gt;</a>&nbsp;&nbsp;&nbsp;IIC_Ack
</UL>

<P><STRONG><a name="[11f]"></a>TI1_Config</STRONG> (Thumb, 58 bytes, Stack size 20 bytes, stm32f4xx_tim.o(i.TI1_Config))
<BR><BR>[Stack]<UL><LI>Max Depth = 20<LI>Call Chain = TI1_Config
</UL>
<BR>[Called By]<UL><LI><a href="#[ae]">&gt;&gt;</a>&nbsp;&nbsp;&nbsp;TIM_ICInit
</UL>

<P><STRONG><a name="[121]"></a>TI2_Config</STRONG> (Thumb, 80 bytes, Stack size 20 bytes, stm32f4xx_tim.o(i.TI2_Config))
<BR><BR>[Stack]<UL><LI>Max Depth = 20<LI>Call Chain = TI2_Config
</UL>
<BR>[Called By]<UL><LI><a href="#[ae]">&gt;&gt;</a>&nbsp;&nbsp;&nbsp;TIM_ICInit
</UL>

<P><STRONG><a name="[123]"></a>TI3_Config</STRONG> (Thumb, 72 bytes, Stack size 20 bytes, stm32f4xx_tim.o(i.TI3_Config))
<BR><BR>[Stack]<UL><LI>Max Depth = 20<LI>Call Chain = TI3_Config
</UL>
<BR>[Called By]<UL><LI><a href="#[ae]">&gt;&gt;</a>&nbsp;&nbsp;&nbsp;TIM_ICInit
</UL>

<P><STRONG><a name="[125]"></a>TI4_Config</STRONG> (Thumb, 80 bytes, Stack size 20 bytes, stm32f4xx_tim.o(i.TI4_Config))
<BR><BR>[Stack]<UL><LI>Max Depth = 20<LI>Call Chain = TI4_Config
</UL>
<BR>[Called By]<UL><LI><a href="#[ae]">&gt;&gt;</a>&nbsp;&nbsp;&nbsp;TIM_ICInit
</UL>

<P><STRONG><a name="[157]"></a>prvCopyDataFromQueue</STRONG> (Thumb, 42 bytes, Stack size 16 bytes, queue.o(i.prvCopyDataFromQueue))
<BR><BR>[Stack]<UL><LI>Max Depth = 16<LI>Call Chain = prvCopyDataFromQueue
</UL>
<BR>[Calls]<UL><LI><a href="#[108]">&gt;&gt;</a>&nbsp;&nbsp;&nbsp;__aeabi_memcpy
</UL>
<BR>[Called By]<UL><LI><a href="#[16d]">&gt;&gt;</a>&nbsp;&nbsp;&nbsp;xQueueGenericReceive
</UL>

<P><STRONG><a name="[158]"></a>prvCopyDataToQueue</STRONG> (Thumb, 124 bytes, Stack size 24 bytes, queue.o(i.prvCopyDataToQueue))
<BR><BR>[Stack]<UL><LI>Max Depth = 64<LI>Call Chain = prvCopyDataToQueue &rArr; xTaskPriorityDisinherit &rArr; __2printf
</UL>
<BR>[Calls]<UL><LI><a href="#[159]">&gt;&gt;</a>&nbsp;&nbsp;&nbsp;xTaskPriorityDisinherit
<LI><a href="#[108]">&gt;&gt;</a>&nbsp;&nbsp;&nbsp;__aeabi_memcpy
</UL>
<BR>[Called By]<UL><LI><a href="#[16f]">&gt;&gt;</a>&nbsp;&nbsp;&nbsp;xQueueGenericSend
</UL>

<P><STRONG><a name="[15b]"></a>prvInitialiseNewQueue</STRONG> (Thumb, 38 bytes, Stack size 24 bytes, queue.o(i.prvInitialiseNewQueue))
<BR><BR>[Stack]<UL><LI>Max Depth = 80<LI>Call Chain = prvInitialiseNewQueue &rArr; xQueueGenericReset &rArr; xTaskRemoveFromEventList &rArr; __2printf
</UL>
<BR>[Calls]<UL><LI><a href="#[15c]">&gt;&gt;</a>&nbsp;&nbsp;&nbsp;xQueueGenericReset
</UL>
<BR>[Called By]<UL><LI><a href="#[100]">&gt;&gt;</a>&nbsp;&nbsp;&nbsp;xQueueGenericCreate
</UL>

<P><STRONG><a name="[161]"></a>prvIsQueueEmpty</STRONG> (Thumb, 26 bytes, Stack size 16 bytes, queue.o(i.prvIsQueueEmpty))
<BR><BR>[Stack]<UL><LI>Max Depth = 48<LI>Call Chain = prvIsQueueEmpty &rArr; vPortExitCritical &rArr; __2printf
</UL>
<BR>[Calls]<UL><LI><a href="#[93]">&gt;&gt;</a>&nbsp;&nbsp;&nbsp;vPortExitCritical
<LI><a href="#[8c]">&gt;&gt;</a>&nbsp;&nbsp;&nbsp;vPortEnterCritical
</UL>
<BR>[Called By]<UL><LI><a href="#[16d]">&gt;&gt;</a>&nbsp;&nbsp;&nbsp;xQueueGenericReceive
</UL>

<P><STRONG><a name="[162]"></a>prvIsQueueFull</STRONG> (Thumb, 30 bytes, Stack size 16 bytes, queue.o(i.prvIsQueueFull))
<BR><BR>[Stack]<UL><LI>Max Depth = 48<LI>Call Chain = prvIsQueueFull &rArr; vPortExitCritical &rArr; __2printf
</UL>
<BR>[Calls]<UL><LI><a href="#[93]">&gt;&gt;</a>&nbsp;&nbsp;&nbsp;vPortExitCritical
<LI><a href="#[8c]">&gt;&gt;</a>&nbsp;&nbsp;&nbsp;vPortEnterCritical
</UL>
<BR>[Called By]<UL><LI><a href="#[16f]">&gt;&gt;</a>&nbsp;&nbsp;&nbsp;xQueueGenericSend
</UL>

<P><STRONG><a name="[163]"></a>prvUnlockQueue</STRONG> (Thumb, 126 bytes, Stack size 16 bytes, queue.o(i.prvUnlockQueue))
<BR><BR>[Stack]<UL><LI>Max Depth = 56<LI>Call Chain = prvUnlockQueue &rArr; xTaskRemoveFromEventList &rArr; __2printf
</UL>
<BR>[Calls]<UL><LI><a href="#[93]">&gt;&gt;</a>&nbsp;&nbsp;&nbsp;vPortExitCritical
<LI><a href="#[8c]">&gt;&gt;</a>&nbsp;&nbsp;&nbsp;vPortEnterCritical
<LI><a href="#[164]">&gt;&gt;</a>&nbsp;&nbsp;&nbsp;xTaskRemoveFromEventList
<LI><a href="#[165]">&gt;&gt;</a>&nbsp;&nbsp;&nbsp;vTaskMissedYield
</UL>
<BR>[Called By]<UL><LI><a href="#[16d]">&gt;&gt;</a>&nbsp;&nbsp;&nbsp;xQueueGenericReceive
<LI><a href="#[16f]">&gt;&gt;</a>&nbsp;&nbsp;&nbsp;xQueueGenericSend
</UL>

<P><STRONG><a name="[14d]"></a>prvAddCurrentTaskToDelayedList</STRONG> (Thumb, 124 bytes, Stack size 24 bytes, tasks.o(i.prvAddCurrentTaskToDelayedList))
<BR><BR>[Stack]<UL><LI>Max Depth = 32<LI>Call Chain = prvAddCurrentTaskToDelayedList &rArr; vListInsert
</UL>
<BR>[Calls]<UL><LI><a href="#[14f]">&gt;&gt;</a>&nbsp;&nbsp;&nbsp;vListInsertEnd
<LI><a href="#[150]">&gt;&gt;</a>&nbsp;&nbsp;&nbsp;vListInsert
<LI><a href="#[14e]">&gt;&gt;</a>&nbsp;&nbsp;&nbsp;uxListRemove
</UL>
<BR>[Called By]<UL><LI><a href="#[147]">&gt;&gt;</a>&nbsp;&nbsp;&nbsp;vTaskDelay
<LI><a href="#[174]">&gt;&gt;</a>&nbsp;&nbsp;&nbsp;vTaskPlaceOnEventList
</UL>

<P><STRONG><a name="[151]"></a>prvAddNewTaskToReadyList</STRONG> (Thumb, 150 bytes, Stack size 8 bytes, tasks.o(i.prvAddNewTaskToReadyList))
<BR><BR>[Stack]<UL><LI>Max Depth = 40<LI>Call Chain = prvAddNewTaskToReadyList &rArr; vPortExitCritical &rArr; __2printf
</UL>
<BR>[Calls]<UL><LI><a href="#[93]">&gt;&gt;</a>&nbsp;&nbsp;&nbsp;vPortExitCritical
<LI><a href="#[8c]">&gt;&gt;</a>&nbsp;&nbsp;&nbsp;vPortEnterCritical
<LI><a href="#[152]">&gt;&gt;</a>&nbsp;&nbsp;&nbsp;prvInitialiseTaskLists
<LI><a href="#[14f]">&gt;&gt;</a>&nbsp;&nbsp;&nbsp;vListInsertEnd
</UL>
<BR>[Called By]<UL><LI><a href="#[8d]">&gt;&gt;</a>&nbsp;&nbsp;&nbsp;xTaskCreate
</UL>

<P><STRONG><a name="[153]"></a>prvCheckTasksWaitingTermination</STRONG> (Thumb, 86 bytes, Stack size 16 bytes, tasks.o(i.prvCheckTasksWaitingTermination))
<BR><BR>[Stack]<UL><LI>Max Depth = 104<LI>Call Chain = prvCheckTasksWaitingTermination &rArr; prvDeleteTCB &rArr; vPortFree &rArr; xTaskResumeAll &rArr; xTaskIncrementTick &rArr; __2printf
</UL>
<BR>[Calls]<UL><LI><a href="#[155]">&gt;&gt;</a>&nbsp;&nbsp;&nbsp;xTaskResumeAll
<LI><a href="#[154]">&gt;&gt;</a>&nbsp;&nbsp;&nbsp;vTaskSuspendAll
<LI><a href="#[93]">&gt;&gt;</a>&nbsp;&nbsp;&nbsp;vPortExitCritical
<LI><a href="#[8c]">&gt;&gt;</a>&nbsp;&nbsp;&nbsp;vPortEnterCritical
<LI><a href="#[156]">&gt;&gt;</a>&nbsp;&nbsp;&nbsp;prvDeleteTCB
<LI><a href="#[14e]">&gt;&gt;</a>&nbsp;&nbsp;&nbsp;uxListRemove
</UL>
<BR>[Called By]<UL><LI><a href="#[6b]">&gt;&gt;</a>&nbsp;&nbsp;&nbsp;prvIdleTask
</UL>

<P><STRONG><a name="[156]"></a>prvDeleteTCB</STRONG> (Thumb, 18 bytes, Stack size 8 bytes, tasks.o(i.prvDeleteTCB))
<BR><BR>[Stack]<UL><LI>Max Depth = 88<LI>Call Chain = prvDeleteTCB &rArr; vPortFree &rArr; xTaskResumeAll &rArr; xTaskIncrementTick &rArr; __2printf
</UL>
<BR>[Calls]<UL><LI><a href="#[15a]">&gt;&gt;</a>&nbsp;&nbsp;&nbsp;vPortFree
</UL>
<BR>[Called By]<UL><LI><a href="#[92]">&gt;&gt;</a>&nbsp;&nbsp;&nbsp;vTaskDelete
<LI><a href="#[153]">&gt;&gt;</a>&nbsp;&nbsp;&nbsp;prvCheckTasksWaitingTermination
</UL>

<P><STRONG><a name="[6b]"></a>prvIdleTask</STRONG> (Thumb, 32 bytes, Stack size 0 bytes, tasks.o(i.prvIdleTask))
<BR><BR>[Stack]<UL><LI>Max Depth = 104<LI>Call Chain = prvIdleTask &rArr; prvCheckTasksWaitingTermination &rArr; prvDeleteTCB &rArr; vPortFree &rArr; xTaskResumeAll &rArr; xTaskIncrementTick &rArr; __2printf
</UL>
<BR>[Calls]<UL><LI><a href="#[153]">&gt;&gt;</a>&nbsp;&nbsp;&nbsp;prvCheckTasksWaitingTermination
</UL>
<BR>[Address Reference Count : 1]<UL><LI> tasks.o(i.vTaskStartScheduler)
</UL>
<P><STRONG><a name="[15d]"></a>prvInitialiseNewTask</STRONG> (Thumb, 160 bytes, Stack size 56 bytes, tasks.o(i.prvInitialiseNewTask))
<BR><BR>[Stack]<UL><LI>Max Depth = 80<LI>Call Chain = prvInitialiseNewTask &rArr; __2printf
</UL>
<BR>[Calls]<UL><LI><a href="#[15f]">&gt;&gt;</a>&nbsp;&nbsp;&nbsp;pxPortInitialiseStack
<LI><a href="#[15e]">&gt;&gt;</a>&nbsp;&nbsp;&nbsp;vListInitialiseItem
<LI><a href="#[89]">&gt;&gt;</a>&nbsp;&nbsp;&nbsp;__2printf
</UL>
<BR>[Called By]<UL><LI><a href="#[8d]">&gt;&gt;</a>&nbsp;&nbsp;&nbsp;xTaskCreate
</UL>

<P><STRONG><a name="[152]"></a>prvInitialiseTaskLists</STRONG> (Thumb, 70 bytes, Stack size 8 bytes, tasks.o(i.prvInitialiseTaskLists))
<BR><BR>[Stack]<UL><LI>Max Depth = 8<LI>Call Chain = prvInitialiseTaskLists
</UL>
<BR>[Calls]<UL><LI><a href="#[160]">&gt;&gt;</a>&nbsp;&nbsp;&nbsp;vListInitialise
</UL>
<BR>[Called By]<UL><LI><a href="#[151]">&gt;&gt;</a>&nbsp;&nbsp;&nbsp;prvAddNewTaskToReadyList
</UL>

<P><STRONG><a name="[173]"></a>prvResetNextTaskUnblockTime</STRONG> (Thumb, 42 bytes, Stack size 0 bytes, tasks.o(i.prvResetNextTaskUnblockTime))
<BR><BR>[Called By]<UL><LI><a href="#[155]">&gt;&gt;</a>&nbsp;&nbsp;&nbsp;xTaskResumeAll
<LI><a href="#[92]">&gt;&gt;</a>&nbsp;&nbsp;&nbsp;vTaskDelete
<LI><a href="#[17b]">&gt;&gt;</a>&nbsp;&nbsp;&nbsp;xTaskIncrementTick
</UL>

<P><STRONG><a name="[167]"></a>prvHeapInit</STRONG> (Thumb, 98 bytes, Stack size 12 bytes, heap_4.o(i.prvHeapInit))
<BR><BR>[Stack]<UL><LI>Max Depth = 12<LI>Call Chain = prvHeapInit
</UL>
<BR>[Called By]<UL><LI><a href="#[166]">&gt;&gt;</a>&nbsp;&nbsp;&nbsp;pvPortMalloc
</UL>

<P><STRONG><a name="[168]"></a>prvInsertBlockIntoFreeList</STRONG> (Thumb, 96 bytes, Stack size 8 bytes, heap_4.o(i.prvInsertBlockIntoFreeList))
<BR><BR>[Stack]<UL><LI>Max Depth = 8<LI>Call Chain = prvInsertBlockIntoFreeList
</UL>
<BR>[Called By]<UL><LI><a href="#[166]">&gt;&gt;</a>&nbsp;&nbsp;&nbsp;pvPortMalloc
<LI><a href="#[15a]">&gt;&gt;</a>&nbsp;&nbsp;&nbsp;vPortFree
</UL>

<P><STRONG><a name="[6a]"></a>prvTaskExitError</STRONG> (Thumb, 50 bytes, Stack size 0 bytes, port.o(i.prvTaskExitError))
<BR><BR>[Stack]<UL><LI>Max Depth = 24<LI>Call Chain = prvTaskExitError &rArr; __2printf
</UL>
<BR>[Calls]<UL><LI><a href="#[89]">&gt;&gt;</a>&nbsp;&nbsp;&nbsp;__2printf
</UL>
<BR>[Address Reference Count : 1]<UL><LI> port.o(i.pxPortInitialiseStack)
</UL>
<P><STRONG><a name="[13f]"></a>_fp_digits</STRONG> (Thumb, 334 bytes, Stack size 56 bytes, printfa.o(i._fp_digits), UNUSED)
<BR><BR>[Calls]<UL><LI><a href="#[7a]">&gt;&gt;</a>&nbsp;&nbsp;&nbsp;__aeabi_ddiv
<LI><a href="#[72]">&gt;&gt;</a>&nbsp;&nbsp;&nbsp;__aeabi_dadd
<LI><a href="#[140]">&gt;&gt;</a>&nbsp;&nbsp;&nbsp;__aeabi_cdrcmple
<LI><a href="#[79]">&gt;&gt;</a>&nbsp;&nbsp;&nbsp;__aeabi_dmul
<LI><a href="#[7e]">&gt;&gt;</a>&nbsp;&nbsp;&nbsp;__aeabi_uldivmod
<LI><a href="#[81]">&gt;&gt;</a>&nbsp;&nbsp;&nbsp;__aeabi_d2ulz
</UL>
<BR>[Called By]<UL><LI><a href="#[130]">&gt;&gt;</a>&nbsp;&nbsp;&nbsp;_printf_core
</UL>

<P><STRONG><a name="[130]"></a>_printf_core</STRONG> (Thumb, 1744 bytes, Stack size 136 bytes, printfa.o(i._printf_core), UNUSED)
<BR><BR>[Calls]<UL><LI><a href="#[141]">&gt;&gt;</a>&nbsp;&nbsp;&nbsp;_printf_pre_padding
<LI><a href="#[142]">&gt;&gt;</a>&nbsp;&nbsp;&nbsp;_printf_post_padding
<LI><a href="#[13f]">&gt;&gt;</a>&nbsp;&nbsp;&nbsp;_fp_digits
<LI><a href="#[7e]">&gt;&gt;</a>&nbsp;&nbsp;&nbsp;__aeabi_uldivmod
<LI><a href="#[143]">&gt;&gt;</a>&nbsp;&nbsp;&nbsp;__aeabi_uidivmod
</UL>
<BR>[Called By]<UL><LI><a href="#[12f]">&gt;&gt;</a>&nbsp;&nbsp;&nbsp;__0printf
</UL>

<P><STRONG><a name="[142]"></a>_printf_post_padding</STRONG> (Thumb, 36 bytes, Stack size 24 bytes, printfa.o(i._printf_post_padding), UNUSED)
<BR><BR>[Called By]<UL><LI><a href="#[130]">&gt;&gt;</a>&nbsp;&nbsp;&nbsp;_printf_core
</UL>

<P><STRONG><a name="[141]"></a>_printf_pre_padding</STRONG> (Thumb, 46 bytes, Stack size 24 bytes, printfa.o(i._printf_pre_padding), UNUSED)
<BR><BR>[Called By]<UL><LI><a href="#[130]">&gt;&gt;</a>&nbsp;&nbsp;&nbsp;_printf_core
</UL>
<P>
<H3>
Undefined Global Symbols
</H3><HR></body></html>
