<html>
<body>
<pre>
<h1>µVision Build Log</h1>
<h2>Tool Versions:</h2>
IDE-Version: ¦ÌVision V5.14.0.0
Copyright (C) 2015 ARM Ltd and ARM Germany GmbH. All rights reserved.
License Information: li jacob, 1, LIC=PE7DL-0JD59-X72RZ-JRDEA-TV5YE-XS1HH
 
Tool Versions:
Toolchain:       MDK-ARM Standard  Version: 5.14.0.0
Toolchain Path:  D:\Keil_v5\ARM\ARMCC\Bin
C Compiler:      Armcc.exe V5.05 update 1 (build 106)
Assembler:       Armasm.exe V5.05 update 1 (build 106)
Linker/Locator:  ArmLink.exe V5.05 update 1 (build 106)
Library Manager: ArmAr.exe V5.05 update 1 (build 106)
Hex Converter:   FromElf.exe V5.05 update 1 (build 106)
CPU DLL:         SARMCM3.DLL V5.14.0.0
Dialog DLL:      DCM.DLL V1.13.1.0
Target DLL:      STLink\ST-LINKIII-KEIL_SWO.dll V2.0.14.0_KEIL
Dialog DLL:      TCM.DLL V1.14.4.0
 
<h2>Project:</h2>
c:\Users\lx\Desktop\Jc-20fly\software\project\FLY.uvprojx
Project File Date:  03/16/2021

<h2>Output:</h2>
Rebuild target 'FLY'
compiling main.c...
compiling system_stm32f4xx.c...
compiling parameter.c...
compiling flightStatus.c...
compiling messageQueue.c...
compiling getsensor_task.c...
compiling sensor_task.c...
compiling navigation_task.c...
compiling control_task.c...
compiling rc.c...
compiling motor.c...
..\src\control\src\motor.c(45): warning:  #550-D: variable "maxMotorValue" was set but never used
      int16_t maxMotorValue;
..\src\control\src\motor.c: 1 warning, 0 errors
compiling flightControl.c...
compiling userControl.c...
compiling accelerometer.c...
compiling barometer.c...
compiling gyroscope.c...
compiling magnetometer.c...
compiling sensordata.c...
compiling pid.c...
compiling LevenbergMarquardt.c...
compiling mathtool.c...
compiling lowpassfilter.c...
compiling mahony.c...
compiling quaternion.c...
compiling matrix3.c...
compiling vector3.c...
compiling system.c...
compiling pwm.c...
compiling cppm.c...
compiling led.c...
compiling ws2812.c...
compiling nvic.c...
compiling soft_iic_gpio.c...
compiling mpu9250.c...
compiling bmp280.c...
compiling flash.c...
compiling beeper.c...
compiling delay.c...
compiling sys.c...
compiling usart.c...
assembling startup_stm32f40_41xxx.s...
compiling misc.c...
compiling stm32f4xx_adc.c...
compiling stm32f4xx_exti.c...
compiling stm32f4xx_flash.c...
compiling stm32f4xx_gpio.c...
compiling stm32f4xx_i2c.c...
compiling stm32f4xx_iwdg.c...
compiling stm32f4xx_rcc.c...
compiling stm32f4xx_spi.c...
compiling stm32f4xx_syscfg.c...
compiling stm32f4xx_tim.c...
compiling stm32f4xx_usart.c...
compiling stm32f4xx_dma.c...
compiling croutine.c...
compiling event_groups.c...
compiling list.c...
compiling queue.c...
compiling tasks.c...
compiling timers.c...
compiling heap_4.c...
compiling port.c...
linking...
Program Size: Code=36136 RO-data=1392 RW-data=508 ZI-data=40084  
FromELF: creating hex file...
".\Objects\FLY.axf" - 0 Error(s), 1 Warning(s).

<h2>Collection of Component include folders:</h2>
  c:\Users\lx\Desktop\Jc-20fly\software\project\RTE
  D:\Keil_v5\ARM\PACK\Keil\STM32F4xx_DFP\1.0.8\Device\Include

<h2>Collection of Component Files used:</h2>
</pre>
</body>
</html>
